2026-09-19 10:55:43.289 [JavaFX Application Thread] DEBUG o.e.t.r.task.H2TaskRepository - createTableIfNotExists()
2026-09-19 10:55:43.345 [JavaFX Application Thread] DEBUG o.e.t.r.task.H2TaskRepository - createIndexes()
2026-09-19 10:55:43.897 [JavaFX Application Thread] DEBUG o.e.t.navigation.NavigationManager - Start async loading page: /org/example/taskschedulerdesktop/view/review.fxml
2026-09-19 10:55:44.640 [JavaFX Application Thread] DEBUG o.e.t.navigation.NavigationManager - Page displayed successfully: /org/example/taskschedulerdesktop/view/review.fxml
2026-09-19 10:55:48.572 [JavaFX Application Thread] DEBUG o.e.t.navigation.NavigationManager - Start async loading page: /org/example/taskschedulerdesktop/view/projects.fxml
2026-09-19 10:55:48.613 [JavaFX Application Thread] DEBUG o.e.t.navigation.NavigationManager - Page displayed successfully: /org/example/taskschedulerdesktop/view/projects.fxml
2026-09-19 10:56:04.155 [JavaFX Application Thread] DEBUG o.e.t.r.task.H2TaskRepository - countByProjectName(Редизайн портала)
2026-09-19 10:56:04.170 [JavaFX Application Thread] DEBUG o.e.t.r.task.H2TaskRepository - countByProjectNameAndStatus(Редизайн портала, COMPLETED)
2026-09-19 10:56:04.178 [JavaFX Application Thread] DEBUG o.e.t.navigation.NavigationManager - Close Stage: Новый проект
2026-09-19 10:56:04.216 [JavaFX Application Thread] DEBUG o.e.t.navigation.NavigationManager - Toast is displayed: Проект создан
2026-09-19 10:56:04.216 [JavaFX Application Thread] DEBUG o.e.t.c.p.CreateProjectModalWindowController - createProjectButton.getScene() = javafx.scene.Scene@331ebb29
2026-09-19 10:56:04.216 [JavaFX Application Thread] DEBUG o.e.t.c.p.CreateProjectModalWindowController - createProjectButton.getScene().getWindow() = javafx.stage.Stage@4bdd3d2f
2026-09-19 10:56:07.393 [JavaFX Application Thread] DEBUG o.e.t.navigation.NavigationManager - Start async loading page: /org/example/taskschedulerdesktop/view/projects.fxml
2026-09-19 10:56:07.407 [JavaFX Application Thread] DEBUG o.e.t.navigation.NavigationManager - Page displayed successfully: /org/example/taskschedulerdesktop/view/projects.fxml
2026-09-19 10:56:07.432 [Thread-7] DEBUG o.e.t.c.p.ProjectCardController - ProjectCardController.initialize(), hashCode = 1922752320
2026-09-19 10:56:07.432 [Thread-7] DEBUG o.e.t.c.p.ProjectCardController - context = null
2026-09-19 10:56:07.437 [Thread-7] DEBUG o.e.t.c.p.ProjectCardController - ProjectCardController.setContext: org.example.taskschedulerdesktop.models.Project@beebc21, hashCode = 1922752320
2026-09-19 10:56:07.437 [Thread-7] DEBUG o.e.t.c.p.ProjectCardController - class = org.example.taskschedulerdesktop.models.Project
2026-09-19 10:56:10.706 [JavaFX Application Thread] DEBUG o.e.t.c.p.ProjectCardController - Click on the card, context = org.example.taskschedulerdesktop.models.Project@beebc21
2026-09-19 10:56:10.707 [JavaFX Application Thread] DEBUG o.e.t.navigation.NavigationManager - Start async loading page: /org/example/taskschedulerdesktop/view/project_extended_page.fxml
2026-09-19 10:56:10.753 [Thread-9] DEBUG o.e.t.r.task.H2TaskRepository - findViewsByStatus(IN_PROGRESS)
2026-09-19 10:56:10.753 [Thread-8] DEBUG o.e.t.r.task.H2TaskRepository - findViewsByStatus(NEW)
2026-09-19 10:56:10.755 [JavaFX Application Thread] DEBUG o.e.t.c.p.ProjectExtendedPageController - setContext: org.example.taskschedulerdesktop.models.Project@beebc21
2026-09-19 10:56:10.755 [JavaFX Application Thread] DEBUG o.e.t.c.p.ProjectExtendedPageController - class = org.example.taskschedulerdesktop.models.Project
2026-09-19 10:56:10.757 [JavaFX Application Thread] DEBUG o.e.t.navigation.NavigationManager - Page displayed successfully: /org/example/taskschedulerdesktop/view/project_extended_page.fxml
2026-09-19 10:56:10.759 [Thread-10] DEBUG o.e.t.r.task.H2TaskRepository - findViewsByStatus(UNDER_REVIEW)
2026-09-19 10:56:10.759 [Thread-11] DEBUG o.e.t.r.task.H2TaskRepository - findViewsByStatus(COMPLETED)
2026-09-19 10:56:30.937 [JavaFX Application Thread] DEBUG o.e.t.navigation.NavigationManager - Toast is displayed: Заполните пустые поля
2026-09-19 10:56:30.939 [JavaFX Application Thread] DEBUG o.e.t.r.task.H2TaskRepository - save(org.example.taskschedulerdesktop.models.Task@5d76ab92)
2026-09-19 10:56:30.957 [JavaFX Application Thread] DEBUG o.e.t.r.task.H2TaskRepository - Task saved: id = 1
2026-09-19 10:56:30.958 [JavaFX Application Thread] DEBUG o.e.t.service.task.TaskServiceImpl - Event TaskChangedEvent sent: projectName = 1
2026-09-19 10:56:30.958 [JavaFX Application Thread] DEBUG o.e.t.navigation.NavigationManager - Close Stage: Новая задача
2026-09-19 10:56:30.986 [JavaFX Application Thread] DEBUG o.e.t.navigation.NavigationManager - Toast is displayed: Задача сохранена
2026-09-19 10:56:30.987 [JavaFX Application Thread] DEBUG o.e.t.c.t.CreateTaskModalWindowController - createTaskButton.getScene() = javafx.scene.Scene@20f3fbdd
2026-09-19 10:56:30.987 [JavaFX Application Thread] DEBUG o.e.t.c.t.CreateTaskModalWindowController - createTaskButton.getScene().getWindow() = javafx.stage.Stage@58e5211b
2026-09-19 10:56:34.135 [JavaFX Application Thread] DEBUG o.e.t.navigation.NavigationManager - Start async loading page: /org/example/taskschedulerdesktop/view/projects.fxml
2026-09-19 10:56:34.147 [JavaFX Application Thread] DEBUG o.e.t.navigation.NavigationManager - Page displayed successfully: /org/example/taskschedulerdesktop/view/projects.fxml
2026-09-19 10:56:34.161 [Thread-12] DEBUG o.e.t.c.p.ProjectCardController - ProjectCardController.initialize(), hashCode = 77888461
2026-09-19 10:56:34.162 [Thread-12] DEBUG o.e.t.c.p.ProjectCardController - context = null
2026-09-19 10:56:34.162 [Thread-12] DEBUG o.e.t.c.p.ProjectCardController - ProjectCardController.setContext: org.example.taskschedulerdesktop.models.Project@5aee5b7b, hashCode = 77888461
2026-09-19 10:56:34.162 [Thread-12] DEBUG o.e.t.c.p.ProjectCardController - class = org.example.taskschedulerdesktop.models.Project
2026-09-19 10:56:36.981 [JavaFX Application Thread] DEBUG o.e.t.c.p.ProjectCardController - Click on the card, context = org.example.taskschedulerdesktop.models.Project@5aee5b7b
2026-09-19 10:56:36.983 [JavaFX Application Thread] DEBUG o.e.t.navigation.NavigationManager - Start async loading page: /org/example/taskschedulerdesktop/view/project_extended_page.fxml
2026-09-19 10:56:37.007 [Thread-10] DEBUG o.e.t.r.task.H2TaskRepository - findViewsByStatus(UNDER_REVIEW)
2026-09-19 10:56:37.006 [Thread-8] DEBUG o.e.t.r.task.H2TaskRepository - findViewsByStatus(IN_PROGRESS)
2026-09-19 10:56:37.007 [JavaFX Application Thread] DEBUG o.e.t.c.p.ProjectExtendedPageController - setContext: org.example.taskschedulerdesktop.models.Project@5aee5b7b
2026-09-19 10:56:37.007 [Thread-11] DEBUG o.e.t.r.task.H2TaskRepository - findViewsByStatus(COMPLETED)
2026-09-19 10:56:37.006 [Thread-9] DEBUG o.e.t.r.task.H2TaskRepository - findViewsByStatus(NEW)
2026-09-19 10:56:37.007 [JavaFX Application Thread] DEBUG o.e.t.c.p.ProjectExtendedPageController - class = org.example.taskschedulerdesktop.models.Project
2026-09-19 10:56:37.008 [JavaFX Application Thread] DEBUG o.e.t.navigation.NavigationManager - Page displayed successfully: /org/example/taskschedulerdesktop/view/project_extended_page.fxml
2026-09-19 10:56:39.083 [JavaFX Application Thread] DEBUG o.e.t.navigation.NavigationManager - Start async loading page: /org/example/taskschedulerdesktop/view/projects.fxml
2026-09-19 10:56:39.094 [JavaFX Application Thread] DEBUG o.e.t.navigation.NavigationManager - Page displayed successfully: /org/example/taskschedulerdesktop/view/projects.fxml
2026-09-19 10:56:40.689 [JavaFX Application Thread] DEBUG o.e.t.navigation.NavigationManager - Start async loading page: /org/example/taskschedulerdesktop/view/team.fxml
2026-09-19 10:56:40.786 [JavaFX Application Thread] DEBUG o.e.t.navigation.NavigationManager - Page displayed successfully: /org/example/taskschedulerdesktop/view/team.fxml
2026-09-19 10:56:45.080 [JavaFX Application Thread] DEBUG o.e.t.navigation.NavigationManager - Start async loading page: /org/example/taskschedulerdesktop/view/projects.fxml
2026-09-19 10:56:45.088 [JavaFX Application Thread] DEBUG o.e.t.navigation.NavigationManager - Page displayed successfully: /org/example/taskschedulerdesktop/view/projects.fxml
2026-09-19 10:56:47.090 [JavaFX Application Thread] DEBUG o.e.t.c.p.ProjectCardController - Click on the card, context = org.example.taskschedulerdesktop.models.Project@5aee5b7b
2026-09-19 10:56:47.090 [JavaFX Application Thread] DEBUG o.e.t.navigation.NavigationManager - Start async loading page: /org/example/taskschedulerdesktop/view/project_extended_page.fxml
2026-09-19 10:56:47.107 [Thread-8] DEBUG o.e.t.r.task.H2TaskRepository - findViewsByStatus(IN_PROGRESS)
2026-09-19 10:56:47.108 [Thread-9] DEBUG o.e.t.r.task.H2TaskRepository - findViewsByStatus(COMPLETED)
2026-09-19 10:56:47.107 [Thread-11] DEBUG o.e.t.r.task.H2TaskRepository - findViewsByStatus(UNDER_REVIEW)
2026-09-19 10:56:47.108 [JavaFX Application Thread] DEBUG o.e.t.c.p.ProjectExtendedPageController - setContext: org.example.taskschedulerdesktop.models.Project@5aee5b7b
2026-09-19 10:56:47.108 [JavaFX Application Thread] DEBUG o.e.t.c.p.ProjectExtendedPageController - class = org.example.taskschedulerdesktop.models.Project
2026-09-19 10:56:47.109 [JavaFX Application Thread] DEBUG o.e.t.navigation.NavigationManager - Page displayed successfully: /org/example/taskschedulerdesktop/view/project_extended_page.fxml
2026-09-19 10:56:56.722 [JavaFX Application Thread] INFO  o.e.t.database.DatabaseConnection - HikariCP connection pool closed
2026-09-19 11:01:45.374 [JavaFX Application Thread] DEBUG o.e.t.r.task.H2TaskRepository - createTableIfNotExists()
2026-09-19 11:01:45.402 [JavaFX Application Thread] DEBUG o.e.t.r.task.H2TaskRepository - createIndexes()
2026-09-19 11:01:45.961 [JavaFX Application Thread] DEBUG o.e.t.navigation.NavigationManager - Start async loading page: /org/example/taskschedulerdesktop/view/review.fxml
2026-09-19 11:01:46.672 [JavaFX Application Thread] DEBUG o.e.t.navigation.NavigationManager - Page displayed successfully: /org/example/taskschedulerdesktop/view/review.fxml
2026-09-19 11:01:48.233 [JavaFX Application Thread] DEBUG o.e.t.navigation.NavigationManager - Start async loading page: /org/example/taskschedulerdesktop/view/projects.fxml
2026-09-19 11:01:48.272 [JavaFX Application Thread] DEBUG o.e.t.navigation.NavigationManager - Page displayed successfully: /org/example/taskschedulerdesktop/view/projects.fxml
2026-09-19 11:01:48.307 [Thread-6] DEBUG o.e.t.c.p.ProjectCardController - ProjectCardController.initialize(), hashCode = 1681121220
2026-09-19 11:01:48.307 [Thread-6] DEBUG o.e.t.c.p.ProjectCardController - context = null
2026-09-19 11:01:48.311 [Thread-6] DEBUG o.e.t.c.p.ProjectCardController - ProjectCardController.setContext: org.example.taskschedulerdesktop.models.Project@1b996d1a, hashCode = 1681121220
2026-09-19 11:01:48.312 [Thread-6] DEBUG o.e.t.c.p.ProjectCardController - class = org.example.taskschedulerdesktop.models.Project
2026-09-19 11:01:55.302 [JavaFX Application Thread] DEBUG o.e.t.c.p.ProjectCardController - Click on the card, context = org.example.taskschedulerdesktop.models.Project@1b996d1a
2026-09-19 11:01:55.303 [JavaFX Application Thread] DEBUG o.e.t.navigation.NavigationManager - Start async loading page: /org/example/taskschedulerdesktop/view/project_extended_page.fxml
2026-09-19 11:01:55.347 [Thread-7] DEBUG o.e.t.r.task.H2TaskRepository - findViewsByStatus(NEW)
2026-09-19 11:01:55.347 [Thread-8] DEBUG o.e.t.r.task.H2TaskRepository - findViewsByStatus(IN_PROGRESS)
2026-09-19 11:01:55.347 [Thread-9] DEBUG o.e.t.r.task.H2TaskRepository - findViewsByStatus(UNDER_REVIEW)
2026-09-19 11:01:55.348 [JavaFX Application Thread] DEBUG o.e.t.c.p.ProjectExtendedPageController - setContext: org.example.taskschedulerdesktop.models.Project@1b996d1a
2026-09-19 11:01:55.348 [JavaFX Application Thread] DEBUG o.e.t.c.p.ProjectExtendedPageController - class = org.example.taskschedulerdesktop.models.Project
2026-09-19 11:01:55.351 [JavaFX Application Thread] DEBUG o.e.t.navigation.NavigationManager - Page displayed successfully: /org/example/taskschedulerdesktop/view/project_extended_page.fxml
2026-09-19 11:01:55.352 [Thread-10] DEBUG o.e.t.r.task.H2TaskRepository - findViewsByStatus(COMPLETED)
2026-09-19 11:01:57.297 [JavaFX Application Thread] DEBUG o.e.t.navigation.NavigationManager - Start async loading page: /org/example/taskschedulerdesktop/view/projects.fxml
2026-09-19 11:01:57.312 [JavaFX Application Thread] DEBUG o.e.t.navigation.NavigationManager - Page displayed successfully: /org/example/taskschedulerdesktop/view/projects.fxml
2026-09-19 11:13:24.201 [JavaFX Application Thread] DEBUG o.e.t.r.task.H2TaskRepository - createTableIfNotExists()
2026-09-19 11:13:24.228 [JavaFX Application Thread] DEBUG o.e.t.r.task.H2TaskRepository - createIndexes()
2026-09-19 11:13:25.216 [JavaFX Application Thread] DEBUG o.e.t.navigation.NavigationManager - Start async loading page: /org/example/taskschedulerdesktop/view/review.fxml
2026-09-19 11:13:25.996 [JavaFX Application Thread] DEBUG o.e.t.navigation.NavigationManager - Page displayed successfully: /org/example/taskschedulerdesktop/view/review.fxml
2026-09-19 11:13:27.810 [JavaFX Application Thread] DEBUG o.e.t.navigation.NavigationManager - Start async loading page: /org/example/taskschedulerdesktop/view/projects.fxml
2026-09-19 11:13:27.890 [JavaFX Application Thread] DEBUG o.e.t.navigation.NavigationManager - Page displayed successfully: /org/example/taskschedulerdesktop/view/projects.fxml
2026-09-19 11:13:27.894 [Thread-6] DEBUG o.e.t.s.project.ProjectCardService - createCard(org.example.taskschedulerdesktop.models.Project@25512cdd)
2026-09-19 11:13:27.959 [Thread-6] DEBUG o.e.t.c.p.ProjectCardController - ProjectCardController.initialize(), hashCode = 417701609
2026-09-19 11:13:27.959 [Thread-6] DEBUG o.e.t.c.p.ProjectCardController - context = null
2026-09-19 11:13:27.988 [Thread-6] DEBUG o.e.t.s.project.ProjectCardService - Project: org.example.taskschedulerdesktop.models.Project@25512cdd, number of tasks = 0
2026-09-19 11:13:27.989 [Thread-6] DEBUG o.e.t.c.p.ProjectCardController - ProjectCardController.setContext: org.example.taskschedulerdesktop.models.Project@25512cdd, hashCode = 417701609
2026-09-19 11:13:27.990 [Thread-6] DEBUG o.e.t.c.p.ProjectCardController - class = org.example.taskschedulerdesktop.models.Project
2026-09-19 11:16:29.071 [JavaFX Application Thread] DEBUG o.e.t.r.task.H2TaskRepository - createTableIfNotExists()
2026-09-19 11:16:29.094 [JavaFX Application Thread] DEBUG o.e.t.r.task.H2TaskRepository - createIndexes()
2026-09-19 11:16:29.637 [JavaFX Application Thread] DEBUG o.e.t.navigation.NavigationManager - Start async loading page: /org/example/taskschedulerdesktop/view/review.fxml
2026-09-19 11:16:30.322 [JavaFX Application Thread] DEBUG o.e.t.navigation.NavigationManager - Page displayed successfully: /org/example/taskschedulerdesktop/view/review.fxml
2026-09-19 11:16:34.117 [JavaFX Application Thread] DEBUG o.e.t.navigation.NavigationManager - Start async loading page: /org/example/taskschedulerdesktop/view/projects.fxml
2026-09-19 11:16:34.160 [Thread-6] DEBUG o.e.t.s.project.AsyncProjectService - createProjectLoader()
2026-09-19 11:16:34.163 [JavaFX Application Thread] DEBUG o.e.t.navigation.NavigationManager - Page displayed successfully: /org/example/taskschedulerdesktop/view/projects.fxml
2026-09-19 11:16:34.169 [Thread-6] DEBUG o.e.t.s.project.AsyncProjectService - Project: org.example.taskschedulerdesktop.models.Project@196e472a, number of tasks = 0
2026-09-19 11:16:34.170 [Thread-6] DEBUG o.e.t.s.project.ProjectCardService - createCard(org.example.taskschedulerdesktop.models.Project@196e472a)
2026-09-19 11:16:34.203 [Thread-6] DEBUG o.e.t.c.p.ProjectCardController - ProjectCardController.initialize(), hashCode = 1185558181
2026-09-19 11:16:34.203 [Thread-6] DEBUG o.e.t.c.p.ProjectCardController - context = null
2026-09-19 11:16:34.206 [Thread-6] DEBUG o.e.t.s.project.ProjectCardService - Project: org.example.taskschedulerdesktop.models.Project@196e472a, number of tasks = 0
2026-09-19 11:16:34.208 [Thread-6] DEBUG o.e.t.c.p.ProjectCardController - ProjectCardController.setContext: org.example.taskschedulerdesktop.models.Project@196e472a, hashCode = 1185558181
2026-09-19 11:16:34.208 [Thread-6] DEBUG o.e.t.c.p.ProjectCardController - class = org.example.taskschedulerdesktop.models.Project
2026-09-19 11:21:11.124 [JavaFX Application Thread] DEBUG o.e.t.r.task.H2TaskRepository - createTableIfNotExists()
2026-09-19 11:21:11.151 [JavaFX Application Thread] DEBUG o.e.t.r.task.H2TaskRepository - createIndexes()
2026-09-19 11:21:11.666 [JavaFX Application Thread] DEBUG o.e.t.navigation.NavigationManager - Start async loading page: /org/example/taskschedulerdesktop/view/review.fxml
2026-09-19 11:21:12.351 [JavaFX Application Thread] DEBUG o.e.t.navigation.NavigationManager - Page displayed successfully: /org/example/taskschedulerdesktop/view/review.fxml
2026-09-19 11:21:35.132 [JavaFX Application Thread] DEBUG o.e.t.navigation.NavigationManager - Toast is displayed: Заполните пустые поля
2026-09-19 11:21:35.135 [JavaFX Application Thread] DEBUG o.e.t.r.task.H2TaskRepository - save(org.example.taskschedulerdesktop.models.Task@6d33da78)
2026-09-19 11:21:35.162 [JavaFX Application Thread] DEBUG o.e.t.r.task.H2TaskRepository - Task saved: id = 2
2026-09-19 11:21:35.164 [JavaFX Application Thread] DEBUG o.e.t.service.task.TaskServiceImpl - Event TaskChangedEvent sent: projectName = 1
2026-09-19 11:21:35.164 [JavaFX Application Thread] DEBUG o.e.t.navigation.NavigationManager - Close Stage: Новая задача
2026-09-19 11:21:35.192 [JavaFX Application Thread] DEBUG o.e.t.navigation.NavigationManager - Toast is displayed: Задача сохранена
2026-09-19 11:21:35.194 [JavaFX Application Thread] DEBUG o.e.t.c.t.CreateTaskModalWindowController - createTaskButton.getScene() = javafx.scene.Scene@353b3378
2026-09-19 11:21:35.194 [JavaFX Application Thread] DEBUG o.e.t.c.t.CreateTaskModalWindowController - createTaskButton.getScene().getWindow() = javafx.stage.Stage@7356bcd
2026-09-19 11:23:36.601 [JavaFX Application Thread] DEBUG o.e.t.r.task.H2TaskRepository - createTableIfNotExists()
2026-09-19 11:23:36.625 [JavaFX Application Thread] DEBUG o.e.t.r.task.H2TaskRepository - createIndexes()
2026-09-19 11:23:37.124 [JavaFX Application Thread] DEBUG o.e.t.navigation.NavigationManager - Start async loading page: /org/example/taskschedulerdesktop/view/review.fxml
2026-09-19 11:23:37.821 [JavaFX Application Thread] DEBUG o.e.t.navigation.NavigationManager - Page displayed successfully: /org/example/taskschedulerdesktop/view/review.fxml
2026-09-19 11:23:40.641 [JavaFX Application Thread] DEBUG o.e.t.navigation.NavigationManager - Start async loading page: /org/example/taskschedulerdesktop/view/projects.fxml
2026-09-19 11:23:40.670 [Thread-6] DEBUG o.e.t.s.project.AsyncProjectService - createProjectLoader()
2026-09-19 11:23:40.676 [JavaFX Application Thread] DEBUG o.e.t.navigation.NavigationManager - Page displayed successfully: /org/example/taskschedulerdesktop/view/projects.fxml
2026-09-19 11:23:40.681 [Thread-6] DEBUG o.e.t.s.project.AsyncProjectService - Project: org.example.taskschedulerdesktop.models.Project@74803b1, number of tasks = 0
2026-09-19 11:23:40.682 [Thread-6] DEBUG o.e.t.s.project.ProjectCardService - createCard(org.example.taskschedulerdesktop.models.Project@74803b1)
2026-09-19 11:23:40.710 [Thread-6] DEBUG o.e.t.c.p.ProjectCardController - ProjectCardController.initialize(), hashCode = 303822161
2026-09-19 11:23:40.710 [Thread-6] DEBUG o.e.t.c.p.ProjectCardController - context = null
2026-09-19 11:23:40.713 [Thread-6] DEBUG o.e.t.s.project.ProjectCardService - Project: org.example.taskschedulerdesktop.models.Project@74803b1, number of tasks = 0
2026-09-19 11:23:40.714 [Thread-6] DEBUG o.e.t.c.p.ProjectCardController - ProjectCardController.setContext: org.example.taskschedulerdesktop.models.Project@74803b1, hashCode = 303822161
2026-09-19 11:23:40.715 [Thread-6] DEBUG o.e.t.c.p.ProjectCardController - class = org.example.taskschedulerdesktop.models.Project
2026-09-19 11:24:11.790 [JavaFX Application Thread] DEBUG o.e.t.navigation.NavigationManager - Toast is displayed: Заполните пустые поля
2026-09-19 11:24:11.793 [JavaFX Application Thread] DEBUG o.e.t.r.task.H2TaskRepository - save(org.example.taskschedulerdesktop.models.Task@82a8bd9)
2026-09-19 11:24:11.818 [JavaFX Application Thread] DEBUG o.e.t.r.task.H2TaskRepository - Task saved: id = 3
2026-09-19 11:24:11.818 [JavaFX Application Thread] DEBUG o.e.t.service.task.TaskServiceImpl - Event TaskChangedEvent sent: projectName = 1
2026-09-19 11:24:11.819 [JavaFX Application Thread] DEBUG o.e.t.navigation.NavigationManager - Close Stage: Новая задача
2026-09-19 11:24:11.849 [JavaFX Application Thread] DEBUG o.e.t.navigation.NavigationManager - Toast is displayed: Задача сохранена
2026-09-19 11:24:11.850 [JavaFX Application Thread] DEBUG o.e.t.c.t.CreateTaskModalWindowController - createTaskButton.getScene() = javafx.scene.Scene@3bddcb97
2026-09-19 11:24:11.850 [JavaFX Application Thread] DEBUG o.e.t.c.t.CreateTaskModalWindowController - createTaskButton.getScene().getWindow() = javafx.stage.Stage@2b464cf9
2026-09-19 11:25:48.755 [JavaFX Application Thread] DEBUG o.e.t.r.task.H2TaskRepository - createTableIfNotExists()
2026-09-19 11:25:48.778 [JavaFX Application Thread] DEBUG o.e.t.r.task.H2TaskRepository - createIndexes()
2026-09-19 11:25:49.266 [JavaFX Application Thread] DEBUG o.e.t.navigation.NavigationManager - Start async loading page: /org/example/taskschedulerdesktop/view/review.fxml
2026-09-19 11:25:49.949 [JavaFX Application Thread] DEBUG o.e.t.navigation.NavigationManager - Page displayed successfully: /org/example/taskschedulerdesktop/view/review.fxml
2026-09-19 11:26:04.408 [JavaFX Application Thread] DEBUG o.e.t.navigation.NavigationManager - Toast is displayed: Заполните пустые поля
2026-09-19 11:26:04.411 [JavaFX Application Thread] DEBUG o.e.t.r.task.H2TaskRepository - save(org.example.taskschedulerdesktop.models.Task@5f8cd6b5)
2026-09-19 11:26:04.442 [JavaFX Application Thread] DEBUG o.e.t.r.task.H2TaskRepository - Task saved: id = 4
2026-09-19 11:26:04.445 [JavaFX Application Thread] DEBUG o.e.t.service.task.TaskServiceImpl - Event TaskChangedEvent sent: projectName = 1
2026-09-19 11:26:04.445 [JavaFX Application Thread] DEBUG o.e.t.navigation.NavigationManager - Close Stage: Новая задача
2026-09-19 11:26:04.481 [JavaFX Application Thread] DEBUG o.e.t.navigation.NavigationManager - Toast is displayed: Задача сохранена
2026-09-19 11:26:04.482 [JavaFX Application Thread] DEBUG o.e.t.c.t.CreateTaskModalWindowController - createTaskButton.getScene() = javafx.scene.Scene@5b01311e
2026-09-19 11:26:04.482 [JavaFX Application Thread] DEBUG o.e.t.c.t.CreateTaskModalWindowController - createTaskButton.getScene().getWindow() = javafx.stage.Stage@7356bcd
2026-09-19 11:26:21.732 [JavaFX Application Thread] DEBUG o.e.t.navigation.NavigationManager - Start async loading page: /org/example/taskschedulerdesktop/view/projects.fxml
2026-09-19 11:26:21.760 [Thread-6] DEBUG o.e.t.s.project.AsyncProjectService - createProjectLoader()
2026-09-19 11:26:21.763 [Thread-6] DEBUG o.e.t.s.project.AsyncProjectService - Project: org.example.taskschedulerdesktop.models.Project@164e144f, number of tasks = 0
2026-09-19 11:26:21.763 [Thread-6] DEBUG o.e.t.s.project.ProjectCardService - createCard(org.example.taskschedulerdesktop.models.Project@164e144f)
2026-09-19 11:26:21.764 [JavaFX Application Thread] DEBUG o.e.t.navigation.NavigationManager - Page displayed successfully: /org/example/taskschedulerdesktop/view/projects.fxml
2026-09-19 11:26:21.785 [Thread-6] DEBUG o.e.t.c.p.ProjectCardController - ProjectCardController.initialize(), hashCode = 1498496094
2026-09-19 11:26:21.786 [Thread-6] DEBUG o.e.t.c.p.ProjectCardController - context = null
2026-09-19 11:26:21.787 [Thread-6] DEBUG o.e.t.s.project.ProjectCardService - Project: org.example.taskschedulerdesktop.models.Project@164e144f, number of tasks = 0
2026-09-19 11:26:21.789 [Thread-6] DEBUG o.e.t.c.p.ProjectCardController - ProjectCardController.setContext: org.example.taskschedulerdesktop.models.Project@164e144f, hashCode = 1498496094
2026-09-19 11:26:21.789 [Thread-6] DEBUG o.e.t.c.p.ProjectCardController - class = org.example.taskschedulerdesktop.models.Project
2026-09-19 11:26:22.994 [JavaFX Application Thread] DEBUG o.e.t.c.p.ProjectCardController - Click on the card, context = org.example.taskschedulerdesktop.models.Project@164e144f
2026-09-19 11:26:22.995 [JavaFX Application Thread] DEBUG o.e.t.navigation.NavigationManager - Start async loading page: /org/example/taskschedulerdesktop/view/project_extended_page.fxml
2026-09-19 11:26:23.095 [Thread-7] DEBUG o.e.t.r.task.H2TaskRepository - findViewsByStatus(NEW)
2026-09-19 11:26:23.095 [Thread-8] DEBUG o.e.t.r.task.H2TaskRepository - findViewsByStatus(IN_PROGRESS)
2026-09-19 11:26:23.096 [Thread-9] DEBUG o.e.t.r.task.H2TaskRepository - findViewsByStatus(UNDER_REVIEW)
2026-09-19 11:26:23.096 [JavaFX Application Thread] DEBUG o.e.t.c.p.ProjectExtendedPageController - setContext: org.example.taskschedulerdesktop.models.Project@164e144f
2026-09-19 11:26:23.097 [JavaFX Application Thread] DEBUG o.e.t.c.p.ProjectExtendedPageController - class = org.example.taskschedulerdesktop.models.Project
2026-09-19 11:26:23.097 [Thread-10] DEBUG o.e.t.r.task.H2TaskRepository - findViewsByStatus(COMPLETED)
2026-09-19 11:26:23.099 [JavaFX Application Thread] DEBUG o.e.t.navigation.NavigationManager - Page displayed successfully: /org/example/taskschedulerdesktop/view/project_extended_page.fxml
2026-09-19 11:28:43.108 [JavaFX Application Thread] DEBUG o.e.t.r.task.H2TaskRepository - createTableIfNotExists()
2026-09-19 11:28:43.134 [JavaFX Application Thread] DEBUG o.e.t.r.task.H2TaskRepository - createIndexes()
2026-09-19 11:28:43.664 [JavaFX Application Thread] DEBUG o.e.t.navigation.NavigationManager - Start async loading page: /org/example/taskschedulerdesktop/view/review.fxml
2026-09-19 11:28:44.354 [JavaFX Application Thread] DEBUG o.e.t.navigation.NavigationManager - Page displayed successfully: /org/example/taskschedulerdesktop/view/review.fxml
2026-09-19 11:29:00.790 [JavaFX Application Thread] DEBUG o.e.t.navigation.NavigationManager - Toast is displayed: Заполните пустые поля
2026-09-19 11:29:00.792 [JavaFX Application Thread] DEBUG o.e.t.r.task.H2TaskRepository - save(org.example.taskschedulerdesktop.models.Task@5820ac8)
2026-09-19 11:29:00.816 [JavaFX Application Thread] DEBUG o.e.t.r.task.H2TaskRepository - Task saved: id = 5
2026-09-19 11:29:00.818 [JavaFX Application Thread] DEBUG o.e.t.service.task.TaskServiceImpl - Event TaskChangedEvent sent: projectName = 1
2026-09-19 11:29:00.818 [JavaFX Application Thread] DEBUG o.e.t.navigation.NavigationManager - Close Stage: Новая задача
2026-09-19 11:29:00.848 [JavaFX Application Thread] DEBUG o.e.t.navigation.NavigationManager - Toast is displayed: Задача сохранена
2026-09-19 11:29:00.849 [JavaFX Application Thread] DEBUG o.e.t.c.t.CreateTaskModalWindowController - createTaskButton.getScene() = javafx.scene.Scene@5f03622d
2026-09-19 11:29:00.849 [JavaFX Application Thread] DEBUG o.e.t.c.t.CreateTaskModalWindowController - createTaskButton.getScene().getWindow() = javafx.stage.Stage@60c3ae84
2026-09-19 11:31:50.909 [JavaFX Application Thread] DEBUG o.e.t.r.task.H2TaskRepository - createTableIfNotExists()
2026-09-19 11:31:50.937 [JavaFX Application Thread] DEBUG o.e.t.r.task.H2TaskRepository - createIndexes()
2026-09-19 11:31:51.445 [JavaFX Application Thread] DEBUG o.e.t.navigation.NavigationManager - Start async loading page: /org/example/taskschedulerdesktop/view/review.fxml
2026-09-19 11:31:52.156 [JavaFX Application Thread] DEBUG o.e.t.navigation.NavigationManager - Page displayed successfully: /org/example/taskschedulerdesktop/view/review.fxml
2026-09-19 11:32:07.078 [JavaFX Application Thread] DEBUG o.e.t.navigation.NavigationManager - Toast is displayed: Заполните пустые поля
2026-09-19 11:32:07.081 [JavaFX Application Thread] DEBUG o.e.t.r.task.H2TaskRepository - save(org.example.taskschedulerdesktop.models.Task@7b919031)
2026-09-19 11:32:07.109 [JavaFX Application Thread] DEBUG o.e.t.r.task.H2TaskRepository - Task saved: id = 6
2026-09-19 11:32:07.110 [JavaFX Application Thread] DEBUG o.e.t.service.task.TaskServiceImpl - Event TaskChangedEvent sent: projectName = 1
2026-09-19 11:32:07.112 [JavaFX Application Thread] DEBUG o.e.t.navigation.NavigationManager - Close Stage: Новая задача
2026-09-19 11:32:07.139 [JavaFX Application Thread] DEBUG o.e.t.navigation.NavigationManager - Toast is displayed: Задача сохранена
2026-09-19 11:32:07.139 [JavaFX Application Thread] DEBUG o.e.t.c.t.CreateTaskModalWindowController - createTaskButton.getScene() = javafx.scene.Scene@2fc4ffd6
2026-09-19 11:32:07.139 [JavaFX Application Thread] DEBUG o.e.t.c.t.CreateTaskModalWindowController - createTaskButton.getScene().getWindow() = javafx.stage.Stage@60c3ae84
2026-09-19 11:37:31.597 [JavaFX Application Thread] DEBUG o.e.t.navigation.NavigationManager - Start async loading page: /org/example/taskschedulerdesktop/view/projects.fxml
2026-09-19 11:37:31.626 [Thread-6] DEBUG o.e.t.s.project.AsyncProjectService - createProjectLoader()
2026-09-19 11:37:31.629 [Thread-6] DEBUG o.e.t.s.project.AsyncProjectService - Project: org.example.taskschedulerdesktop.models.Project@619bf5e, number of tasks = 0
2026-09-19 11:37:31.630 [JavaFX Application Thread] DEBUG o.e.t.navigation.NavigationManager - Page displayed successfully: /org/example/taskschedulerdesktop/view/projects.fxml
2026-09-19 11:37:31.630 [Thread-6] DEBUG o.e.t.s.project.ProjectCardService - createCard(org.example.taskschedulerdesktop.models.Project@619bf5e)
2026-09-19 11:37:31.654 [Thread-6] DEBUG o.e.t.c.p.ProjectCardController - ProjectCardController.initialize(), hashCode = 315099991
2026-09-19 11:37:31.654 [Thread-6] DEBUG o.e.t.c.p.ProjectCardController - context = null
2026-09-19 11:37:31.656 [Thread-6] DEBUG o.e.t.s.project.ProjectCardService - Project: org.example.taskschedulerdesktop.models.Project@619bf5e, number of tasks = 0
2026-09-19 11:37:31.657 [Thread-6] DEBUG o.e.t.c.p.ProjectCardController - ProjectCardController.setContext: org.example.taskschedulerdesktop.models.Project@619bf5e, hashCode = 315099991
2026-09-19 11:37:31.657 [Thread-6] DEBUG o.e.t.c.p.ProjectCardController - class = org.example.taskschedulerdesktop.models.Project
2026-09-19 11:37:35.085 [JavaFX Application Thread] DEBUG o.e.t.c.p.ProjectCardController - Click on the card, context = org.example.taskschedulerdesktop.models.Project@619bf5e
2026-09-19 11:37:35.085 [JavaFX Application Thread] DEBUG o.e.t.navigation.NavigationManager - Start async loading page: /org/example/taskschedulerdesktop/view/project_extended_page.fxml
2026-09-19 11:37:35.122 [Thread-7] DEBUG o.e.t.r.task.H2TaskRepository - findViewsByStatus(NEW)
2026-09-19 11:37:35.122 [Thread-9] DEBUG o.e.t.r.task.H2TaskRepository - findViewsByStatus(UNDER_REVIEW)
2026-09-19 11:37:35.122 [Thread-8] DEBUG o.e.t.r.task.H2TaskRepository - findViewsByStatus(IN_PROGRESS)
2026-09-19 11:37:35.124 [Thread-10] DEBUG o.e.t.r.task.H2TaskRepository - findViewsByStatus(COMPLETED)
2026-09-19 11:37:35.124 [JavaFX Application Thread] DEBUG o.e.t.c.p.ProjectExtendedPageController - setContext: org.example.taskschedulerdesktop.models.Project@619bf5e
2026-09-19 11:37:35.125 [JavaFX Application Thread] DEBUG o.e.t.c.p.ProjectExtendedPageController - class = org.example.taskschedulerdesktop.models.Project
2026-09-19 11:37:35.126 [JavaFX Application Thread] DEBUG o.e.t.navigation.NavigationManager - Page displayed successfully: /org/example/taskschedulerdesktop/view/project_extended_page.fxml
2026-09-19 11:37:41.122 [JavaFX Application Thread] DEBUG o.e.t.navigation.NavigationManager - Start async loading page: /org/example/taskschedulerdesktop/view/projects.fxml
2026-09-19 11:37:41.134 [Thread-11] DEBUG o.e.t.s.project.AsyncProjectService - createProjectLoader()
2026-09-19 11:37:41.135 [JavaFX Application Thread] DEBUG o.e.t.navigation.NavigationManager - Page displayed successfully: /org/example/taskschedulerdesktop/view/projects.fxml
2026-09-19 11:37:48.138 [JavaFX Application Thread] DEBUG o.e.t.c.p.ProjectCardController - Click on the card, context = org.example.taskschedulerdesktop.models.Project@619bf5e
2026-09-19 11:37:48.140 [JavaFX Application Thread] DEBUG o.e.t.navigation.NavigationManager - Start async loading page: /org/example/taskschedulerdesktop/view/project_extended_page.fxml
2026-09-19 11:37:48.164 [Thread-9] DEBUG o.e.t.r.task.H2TaskRepository - findViewsByStatus(IN_PROGRESS)
2026-09-19 11:37:48.164 [Thread-8] DEBUG o.e.t.r.task.H2TaskRepository - findViewsByStatus(UNDER_REVIEW)
2026-09-19 11:37:48.164 [Thread-7] DEBUG o.e.t.r.task.H2TaskRepository - findViewsByStatus(COMPLETED)
2026-09-19 11:37:48.164 [JavaFX Application Thread] DEBUG o.e.t.c.p.ProjectExtendedPageController - setContext: org.example.taskschedulerdesktop.models.Project@619bf5e
2026-09-19 11:37:48.164 [JavaFX Application Thread] DEBUG o.e.t.c.p.ProjectExtendedPageController - class = org.example.taskschedulerdesktop.models.Project
2026-09-19 11:37:48.166 [JavaFX Application Thread] DEBUG o.e.t.navigation.NavigationManager - Page displayed successfully: /org/example/taskschedulerdesktop/view/project_extended_page.fxml
2026-09-19 11:38:00.291 [JavaFX Application Thread] DEBUG o.e.t.navigation.NavigationManager - Start async loading page: /org/example/taskschedulerdesktop/view/projects.fxml
2026-09-19 11:38:00.303 [Thread-12] DEBUG o.e.t.s.project.AsyncProjectService - createProjectLoader()
2026-09-19 11:38:00.304 [JavaFX Application Thread] DEBUG o.e.t.navigation.NavigationManager - Page displayed successfully: /org/example/taskschedulerdesktop/view/projects.fxml
2026-09-19 11:38:23.040 [JavaFX Application Thread] DEBUG o.e.t.s.project.ProjectServiceImpl - save(org.example.taskschedulerdesktop.models.Project@1615afb1)
2026-09-19 11:38:23.040 [JavaFX Application Thread] DEBUG o.e.t.r.task.H2TaskRepository - countByProjectName(Редизайн портала)
2026-09-19 11:38:23.046 [JavaFX Application Thread] DEBUG o.e.t.r.task.H2TaskRepository - countTasksByProjectName: 6
2026-09-19 11:38:23.046 [JavaFX Application Thread] DEBUG o.e.t.r.task.H2TaskRepository - countByProjectNameAndStatus(Редизайн портала, COMPLETED)
2026-09-19 11:38:23.048 [JavaFX Application Thread] DEBUG o.e.t.s.project.ProjectServiceImpl - Project: org.example.taskschedulerdesktop.models.Project@1615afb1, number of tasks = 6, completed tasks = 0
2026-09-19 11:38:23.049 [JavaFX Application Thread] DEBUG o.e.t.navigation.NavigationManager - Close Stage: Новый проект
2026-09-19 11:38:23.075 [JavaFX Application Thread] DEBUG o.e.t.navigation.NavigationManager - Toast is displayed: Проект создан
2026-09-19 11:38:23.076 [JavaFX Application Thread] DEBUG o.e.t.c.p.CreateProjectModalWindowController - createProjectButton.getScene() = javafx.scene.Scene@1c4e985f
2026-09-19 11:38:23.076 [JavaFX Application Thread] DEBUG o.e.t.c.p.CreateProjectModalWindowController - createProjectButton.getScene().getWindow() = javafx.stage.Stage@31df2952
2026-09-19 11:38:42.698 [JavaFX Application Thread] DEBUG o.e.t.navigation.NavigationManager - Start async loading page: /org/example/taskschedulerdesktop/view/review.fxml
2026-09-19 11:38:42.750 [JavaFX Application Thread] DEBUG o.e.t.navigation.NavigationManager - Page displayed successfully: /org/example/taskschedulerdesktop/view/review.fxml
2026-09-19 11:38:44.024 [JavaFX Application Thread] DEBUG o.e.t.navigation.NavigationManager - Start async loading page: /org/example/taskschedulerdesktop/view/projects.fxml
2026-09-19 11:38:44.031 [Thread-13] DEBUG o.e.t.s.project.AsyncProjectService - createProjectLoader()
2026-09-19 11:38:44.031 [JavaFX Application Thread] DEBUG o.e.t.navigation.NavigationManager - Page displayed successfully: /org/example/taskschedulerdesktop/view/projects.fxml
2026-09-19 11:38:44.032 [Thread-13] DEBUG o.e.t.s.project.AsyncProjectService - Project: org.example.taskschedulerdesktop.models.Project@65d7c4e4, number of tasks = 0
2026-09-19 11:38:44.032 [Thread-13] DEBUG o.e.t.s.project.ProjectCardService - createCard(org.example.taskschedulerdesktop.models.Project@65d7c4e4)
2026-09-19 11:38:44.047 [Thread-13] DEBUG o.e.t.c.p.ProjectCardController - ProjectCardController.initialize(), hashCode = 17071544
2026-09-19 11:38:44.047 [Thread-13] DEBUG o.e.t.c.p.ProjectCardController - context = null
2026-09-19 11:38:44.047 [Thread-13] DEBUG o.e.t.s.project.ProjectCardService - Project: org.example.taskschedulerdesktop.models.Project@65d7c4e4, number of tasks = 0
2026-09-19 11:38:44.048 [Thread-13] DEBUG o.e.t.c.p.ProjectCardController - ProjectCardController.setContext: org.example.taskschedulerdesktop.models.Project@65d7c4e4, hashCode = 17071544
2026-09-19 11:38:44.048 [Thread-13] DEBUG o.e.t.c.p.ProjectCardController - class = org.example.taskschedulerdesktop.models.Project
2026-09-19 11:38:44.048 [Thread-13] DEBUG o.e.t.s.project.ProjectCardService - createCard(org.example.taskschedulerdesktop.models.Project@1b4d4745)
2026-09-19 11:38:44.065 [Thread-13] DEBUG o.e.t.c.p.ProjectCardController - ProjectCardController.initialize(), hashCode = 1328472096
2026-09-19 11:38:44.066 [Thread-13] DEBUG o.e.t.c.p.ProjectCardController - context = null
2026-09-19 11:38:44.066 [Thread-13] DEBUG o.e.t.s.project.ProjectCardService - Project: org.example.taskschedulerdesktop.models.Project@1b4d4745, number of tasks = 6
2026-09-19 11:38:44.066 [Thread-13] DEBUG o.e.t.c.p.ProjectCardController - ProjectCardController.setContext: org.example.taskschedulerdesktop.models.Project@1b4d4745, hashCode = 1328472096
2026-09-19 11:38:44.066 [Thread-13] DEBUG o.e.t.c.p.ProjectCardController - class = org.example.taskschedulerdesktop.models.Project
2026-09-19 11:45:12.817 [JavaFX Application Thread] DEBUG o.e.t.r.task.H2TaskRepository - createTableIfNotExists()
2026-09-19 11:45:12.838 [JavaFX Application Thread] DEBUG o.e.t.r.task.H2TaskRepository - createIndexes()
2026-09-19 11:45:13.304 [JavaFX Application Thread] DEBUG o.e.t.navigation.NavigationManager - Start async loading page: /org/example/taskschedulerdesktop/view/review.fxml
2026-09-19 11:45:14.029 [JavaFX Application Thread] DEBUG o.e.t.navigation.NavigationManager - Page displayed successfully: /org/example/taskschedulerdesktop/view/review.fxml
2026-09-19 11:45:16.068 [JavaFX Application Thread] DEBUG o.e.t.navigation.NavigationManager - Start async loading page: /org/example/taskschedulerdesktop/view/projects.fxml
2026-09-19 11:45:16.102 [Thread-6] DEBUG o.e.t.s.project.AsyncProjectService - createProjectLoader()
2026-09-19 11:45:16.106 [JavaFX Application Thread] DEBUG o.e.t.navigation.NavigationManager - Page displayed successfully: /org/example/taskschedulerdesktop/view/projects.fxml
2026-09-19 11:45:16.114 [Thread-6] DEBUG o.e.t.s.project.AsyncProjectService - Project: org.example.taskschedulerdesktop.models.Project@ed761, number of tasks = 0
2026-09-19 11:45:16.114 [Thread-6] DEBUG o.e.t.s.project.ProjectCardService - createCard(org.example.taskschedulerdesktop.models.Project@ed761)
2026-09-19 11:45:16.155 [Thread-6] DEBUG o.e.t.c.p.ProjectCardController - ProjectCardController.initialize(), hashCode = 397260393
2026-09-19 11:45:16.156 [Thread-6] DEBUG o.e.t.c.p.ProjectCardController - context = null
2026-09-19 11:45:16.161 [Thread-6] DEBUG o.e.t.s.project.ProjectCardService - Project: org.example.taskschedulerdesktop.models.Project@ed761, number of tasks = 0
2026-09-19 11:45:16.163 [Thread-6] DEBUG o.e.t.c.p.ProjectCardController - ProjectCardController.setContext: org.example.taskschedulerdesktop.models.Project@ed761, hashCode = 397260393
2026-09-19 11:45:16.163 [Thread-6] DEBUG o.e.t.c.p.ProjectCardController - class = org.example.taskschedulerdesktop.models.Project
2026-09-19 11:45:16.164 [Thread-6] DEBUG o.e.t.s.project.ProjectCardService - createCard(org.example.taskschedulerdesktop.models.Project@1736c4e3)
2026-09-19 11:45:16.198 [Thread-6] DEBUG o.e.t.c.p.ProjectCardController - ProjectCardController.initialize(), hashCode = 145923455
2026-09-19 11:45:16.199 [Thread-6] DEBUG o.e.t.c.p.ProjectCardController - context = null
2026-09-19 11:45:16.199 [Thread-6] DEBUG o.e.t.s.project.ProjectCardService - Project: org.example.taskschedulerdesktop.models.Project@1736c4e3, number of tasks = 6
2026-09-19 11:45:16.199 [Thread-6] DEBUG o.e.t.c.p.ProjectCardController - ProjectCardController.setContext: org.example.taskschedulerdesktop.models.Project@1736c4e3, hashCode = 145923455
2026-09-19 11:45:16.199 [Thread-6] DEBUG o.e.t.c.p.ProjectCardController - class = org.example.taskschedulerdesktop.models.Project
2026-09-19 11:45:32.973 [JavaFX Application Thread] DEBUG o.e.t.navigation.NavigationManager - Toast is displayed: Заполните пустые поля
2026-09-19 11:45:32.977 [JavaFX Application Thread] DEBUG o.e.t.r.task.H2TaskRepository - save(org.example.taskschedulerdesktop.models.Task@290340d3)
2026-09-19 11:45:32.989 [JavaFX Application Thread] DEBUG o.e.t.r.task.H2TaskRepository - Task saved: id = 7
2026-09-19 11:45:32.991 [JavaFX Application Thread] DEBUG o.e.t.service.task.TaskServiceImpl - Event TaskChangedEvent sent: projectName = 1
2026-09-19 11:45:32.991 [JavaFX Application Thread] DEBUG o.e.t.navigation.NavigationManager - Close Stage: Новая задача
2026-09-19 11:45:33.018 [JavaFX Application Thread] DEBUG o.e.t.navigation.NavigationManager - Toast is displayed: Задача сохранена
2026-09-19 11:45:33.019 [JavaFX Application Thread] DEBUG o.e.t.c.t.CreateTaskModalWindowController - createTaskButton.getScene() = javafx.scene.Scene@67850ecc
2026-09-19 11:45:33.019 [JavaFX Application Thread] DEBUG o.e.t.c.t.CreateTaskModalWindowController - createTaskButton.getScene().getWindow() = javafx.stage.Stage@7bd5a47c
2026-09-19 11:45:36.722 [JavaFX Application Thread] DEBUG o.e.t.navigation.NavigationManager - Start async loading page: /org/example/taskschedulerdesktop/view/projects.fxml
2026-09-19 11:45:36.736 [Thread-7] DEBUG o.e.t.s.project.AsyncProjectService - createProjectLoader()
2026-09-19 11:45:36.737 [Thread-7] DEBUG o.e.t.s.project.AsyncProjectService - Project: org.example.taskschedulerdesktop.models.Project@46e894ec, number of tasks = 0
2026-09-19 11:45:36.737 [Thread-7] DEBUG o.e.t.s.project.ProjectCardService - createCard(org.example.taskschedulerdesktop.models.Project@46e894ec)
2026-09-19 11:45:36.739 [JavaFX Application Thread] DEBUG o.e.t.navigation.NavigationManager - Page displayed successfully: /org/example/taskschedulerdesktop/view/projects.fxml
2026-09-19 11:45:36.759 [Thread-7] DEBUG o.e.t.c.p.ProjectCardController - ProjectCardController.initialize(), hashCode = 820098475
2026-09-19 11:45:36.759 [Thread-7] DEBUG o.e.t.c.p.ProjectCardController - context = null
2026-09-19 11:45:36.759 [Thread-7] DEBUG o.e.t.s.project.ProjectCardService - Project: org.example.taskschedulerdesktop.models.Project@46e894ec, number of tasks = 0
2026-09-19 11:45:36.759 [Thread-7] DEBUG o.e.t.c.p.ProjectCardController - ProjectCardController.setContext: org.example.taskschedulerdesktop.models.Project@46e894ec, hashCode = 820098475
2026-09-19 11:45:36.760 [Thread-7] DEBUG o.e.t.c.p.ProjectCardController - class = org.example.taskschedulerdesktop.models.Project
2026-09-19 11:45:36.760 [Thread-7] DEBUG o.e.t.s.project.ProjectCardService - createCard(org.example.taskschedulerdesktop.models.Project@4d6166cd)
2026-09-19 11:45:36.778 [Thread-7] DEBUG o.e.t.c.p.ProjectCardController - ProjectCardController.initialize(), hashCode = 1025206572
2026-09-19 11:45:36.779 [Thread-7] DEBUG o.e.t.c.p.ProjectCardController - context = null
2026-09-19 11:45:36.779 [Thread-7] DEBUG o.e.t.s.project.ProjectCardService - Project: org.example.taskschedulerdesktop.models.Project@4d6166cd, number of tasks = 6
2026-09-19 11:45:36.779 [Thread-7] DEBUG o.e.t.c.p.ProjectCardController - ProjectCardController.setContext: org.example.taskschedulerdesktop.models.Project@4d6166cd, hashCode = 1025206572
2026-09-19 11:45:36.780 [Thread-7] DEBUG o.e.t.c.p.ProjectCardController - class = org.example.taskschedulerdesktop.models.Project
2026-09-19 11:45:39.274 [JavaFX Application Thread] DEBUG o.e.t.c.p.ProjectCardController - Click on the card, context = org.example.taskschedulerdesktop.models.Project@4d6166cd
2026-09-19 11:45:39.274 [JavaFX Application Thread] DEBUG o.e.t.navigation.NavigationManager - Start async loading page: /org/example/taskschedulerdesktop/view/project_extended_page.fxml
2026-09-19 11:45:39.314 [Thread-9] DEBUG o.e.t.r.task.H2TaskRepository - findViewsByStatus(IN_PROGRESS)
2026-09-19 11:45:39.314 [Thread-8] DEBUG o.e.t.r.task.H2TaskRepository - findViewsByStatus(NEW)
2026-09-19 11:45:39.315 [JavaFX Application Thread] DEBUG o.e.t.c.p.ProjectExtendedPageController - setContext: org.example.taskschedulerdesktop.models.Project@4d6166cd
2026-09-19 11:45:39.315 [JavaFX Application Thread] DEBUG o.e.t.c.p.ProjectExtendedPageController - class = org.example.taskschedulerdesktop.models.Project
2026-09-19 11:45:39.317 [Thread-10] DEBUG o.e.t.r.task.H2TaskRepository - findViewsByStatus(UNDER_REVIEW)
2026-09-19 11:45:39.317 [JavaFX Application Thread] DEBUG o.e.t.navigation.NavigationManager - Page displayed successfully: /org/example/taskschedulerdesktop/view/project_extended_page.fxml
2026-09-19 11:45:39.317 [Thread-11] DEBUG o.e.t.r.task.H2TaskRepository - findViewsByStatus(COMPLETED)
2026-09-19 11:52:10.290 [JavaFX Application Thread] DEBUG o.e.t.r.task.H2TaskRepository - createTableIfNotExists()
2026-09-19 11:52:10.316 [JavaFX Application Thread] DEBUG o.e.t.r.task.H2TaskRepository - createIndexes()
2026-09-19 11:52:10.810 [JavaFX Application Thread] DEBUG o.e.t.navigation.NavigationManager - Start async loading page: /org/example/taskschedulerdesktop/view/review.fxml
2026-09-19 11:52:11.540 [JavaFX Application Thread] DEBUG o.e.t.navigation.NavigationManager - Page displayed successfully: /org/example/taskschedulerdesktop/view/review.fxml
2026-09-19 11:52:13.135 [JavaFX Application Thread] DEBUG o.e.t.navigation.NavigationManager - Start async loading page: /org/example/taskschedulerdesktop/view/projects.fxml
2026-09-19 11:52:13.169 [Thread-6] DEBUG o.e.t.s.project.AsyncProjectService - createProjectLoader()
2026-09-19 11:52:13.173 [JavaFX Application Thread] DEBUG o.e.t.navigation.NavigationManager - Page displayed successfully: /org/example/taskschedulerdesktop/view/projects.fxml
2026-09-19 11:52:13.180 [Thread-6] DEBUG o.e.t.s.project.AsyncProjectService - Project: org.example.taskschedulerdesktop.models.Project@591b7a0a, number of tasks = 0
2026-09-19 11:52:13.181 [Thread-6] DEBUG o.e.t.s.project.ProjectCardService - createCard(org.example.taskschedulerdesktop.models.Project@591b7a0a)
2026-09-19 11:52:13.210 [Thread-6] DEBUG o.e.t.c.p.ProjectCardController - ProjectCardController.initialize(), hashCode = 1156516212
2026-09-19 11:52:13.210 [Thread-6] DEBUG o.e.t.c.p.ProjectCardController - context = null
2026-09-19 11:52:13.210 [Thread-6] DEBUG o.e.t.s.project.ProjectCardService - Project: org.example.taskschedulerdesktop.models.Project@591b7a0a, number of tasks = 0
2026-09-19 11:52:13.211 [Thread-6] DEBUG o.e.t.c.p.ProjectCardController - ProjectCardController.setContext: org.example.taskschedulerdesktop.models.Project@591b7a0a, hashCode = 1156516212
2026-09-19 11:52:13.212 [Thread-6] DEBUG o.e.t.c.p.ProjectCardController - class = org.example.taskschedulerdesktop.models.Project
2026-09-19 11:52:13.215 [Thread-6] DEBUG o.e.t.s.project.ProjectCardService - createCard(org.example.taskschedulerdesktop.models.Project@4e0300d0)
2026-09-19 11:52:13.241 [Thread-6] DEBUG o.e.t.c.p.ProjectCardController - ProjectCardController.initialize(), hashCode = 275366571
2026-09-19 11:52:13.242 [Thread-6] DEBUG o.e.t.c.p.ProjectCardController - context = null
2026-09-19 11:52:13.242 [Thread-6] DEBUG o.e.t.s.project.ProjectCardService - Project: org.example.taskschedulerdesktop.models.Project@4e0300d0, number of tasks = 6
2026-09-19 11:52:13.242 [Thread-6] DEBUG o.e.t.c.p.ProjectCardController - ProjectCardController.setContext: org.example.taskschedulerdesktop.models.Project@4e0300d0, hashCode = 275366571
2026-09-19 11:52:13.243 [Thread-6] DEBUG o.e.t.c.p.ProjectCardController - class = org.example.taskschedulerdesktop.models.Project
2026-09-19 11:52:29.479 [JavaFX Application Thread] DEBUG o.e.t.navigation.NavigationManager - Toast is displayed: Заполните пустые поля
2026-09-19 11:52:29.481 [JavaFX Application Thread] DEBUG o.e.t.r.task.H2TaskRepository - save(org.example.taskschedulerdesktop.models.Task@5b56e353)
2026-09-19 11:52:29.502 [JavaFX Application Thread] DEBUG o.e.t.r.task.H2TaskRepository - Task saved: id = 8
2026-09-19 11:52:29.502 [JavaFX Application Thread] DEBUG o.e.t.service.task.TaskServiceImpl - Event TaskChangedEvent sent: projectName = 1
2026-09-19 11:52:29.502 [JavaFX Application Thread] DEBUG o.e.t.navigation.NavigationManager - Close Stage: Новая задача
2026-09-19 11:52:29.530 [JavaFX Application Thread] DEBUG o.e.t.navigation.NavigationManager - Toast is displayed: Задача сохранена
2026-09-19 11:52:29.532 [JavaFX Application Thread] DEBUG o.e.t.c.t.CreateTaskModalWindowController - createTaskButton.getScene() = javafx.scene.Scene@51986aed
2026-09-19 11:52:29.532 [JavaFX Application Thread] DEBUG o.e.t.c.t.CreateTaskModalWindowController - createTaskButton.getScene().getWindow() = javafx.stage.Stage@67706c69
2026-09-19 11:52:36.022 [JavaFX Application Thread] DEBUG o.e.t.navigation.NavigationManager - Start async loading page: /org/example/taskschedulerdesktop/view/projects.fxml
2026-09-19 11:52:36.034 [Thread-7] DEBUG o.e.t.s.project.AsyncProjectService - createProjectLoader()
2026-09-19 11:52:36.035 [Thread-7] DEBUG o.e.t.s.project.AsyncProjectService - Project: org.example.taskschedulerdesktop.models.Project@59c2f356, number of tasks = 0
2026-09-19 11:52:36.035 [Thread-7] DEBUG o.e.t.s.project.ProjectCardService - createCard(org.example.taskschedulerdesktop.models.Project@59c2f356)
2026-09-19 11:52:36.036 [JavaFX Application Thread] DEBUG o.e.t.navigation.NavigationManager - Page displayed successfully: /org/example/taskschedulerdesktop/view/projects.fxml
2026-09-19 11:52:36.057 [Thread-7] DEBUG o.e.t.c.p.ProjectCardController - ProjectCardController.initialize(), hashCode = 1199216548
2026-09-19 11:52:36.057 [Thread-7] DEBUG o.e.t.c.p.ProjectCardController - context = null
2026-09-19 11:52:36.058 [Thread-7] DEBUG o.e.t.s.project.ProjectCardService - Project: org.example.taskschedulerdesktop.models.Project@59c2f356, number of tasks = 0
2026-09-19 11:52:36.058 [Thread-7] DEBUG o.e.t.c.p.ProjectCardController - ProjectCardController.setContext: org.example.taskschedulerdesktop.models.Project@59c2f356, hashCode = 1199216548
2026-09-19 11:52:36.058 [Thread-7] DEBUG o.e.t.c.p.ProjectCardController - class = org.example.taskschedulerdesktop.models.Project
2026-09-19 11:52:36.058 [Thread-7] DEBUG o.e.t.s.project.ProjectCardService - createCard(org.example.taskschedulerdesktop.models.Project@1928c60)
2026-09-19 11:52:36.079 [Thread-7] DEBUG o.e.t.c.p.ProjectCardController - ProjectCardController.initialize(), hashCode = 1789334761
2026-09-19 11:52:36.079 [Thread-7] DEBUG o.e.t.c.p.ProjectCardController - context = null
2026-09-19 11:52:36.079 [Thread-7] DEBUG o.e.t.s.project.ProjectCardService - Project: org.example.taskschedulerdesktop.models.Project@1928c60, number of tasks = 6
2026-09-19 11:52:36.079 [Thread-7] DEBUG o.e.t.c.p.ProjectCardController - ProjectCardController.setContext: org.example.taskschedulerdesktop.models.Project@1928c60, hashCode = 1789334761
2026-09-19 11:52:36.080 [Thread-7] DEBUG o.e.t.c.p.ProjectCardController - class = org.example.taskschedulerdesktop.models.Project
2026-09-19 11:53:45.399 [JavaFX Application Thread] DEBUG o.e.t.r.task.H2TaskRepository - createTableIfNotExists()
2026-09-19 11:53:45.421 [JavaFX Application Thread] DEBUG o.e.t.r.task.H2TaskRepository - createIndexes()
2026-09-19 11:53:45.872 [JavaFX Application Thread] DEBUG o.e.t.navigation.NavigationManager - Start async loading page: /org/example/taskschedulerdesktop/view/review.fxml
2026-09-19 11:53:46.597 [JavaFX Application Thread] DEBUG o.e.t.navigation.NavigationManager - Page displayed successfully: /org/example/taskschedulerdesktop/view/review.fxml
2026-09-19 11:53:50.332 [JavaFX Application Thread] DEBUG o.e.t.navigation.NavigationManager - Close Stage: Новая задача
2026-09-19 11:53:51.732 [JavaFX Application Thread] DEBUG o.e.t.navigation.NavigationManager - Start async loading page: /org/example/taskschedulerdesktop/view/projects.fxml
2026-09-19 11:53:51.759 [Thread-6] DEBUG o.e.t.s.project.AsyncProjectService - createProjectLoader()
2026-09-19 11:53:51.763 [JavaFX Application Thread] DEBUG o.e.t.navigation.NavigationManager - Page displayed successfully: /org/example/taskschedulerdesktop/view/projects.fxml
2026-09-19 11:53:51.767 [Thread-6] DEBUG o.e.t.s.project.AsyncProjectService - Project: org.example.taskschedulerdesktop.models.Project@2f998d4f, number of tasks = 0
2026-09-19 11:53:51.768 [Thread-6] DEBUG o.e.t.s.project.ProjectCardService - createCard(org.example.taskschedulerdesktop.models.Project@2f998d4f)
2026-09-19 11:53:51.792 [Thread-6] DEBUG o.e.t.c.p.ProjectCardController - ProjectCardController.initialize(), hashCode = 1557574924
2026-09-19 11:53:51.792 [Thread-6] DEBUG o.e.t.c.p.ProjectCardController - context = null
2026-09-19 11:53:51.792 [Thread-6] DEBUG o.e.t.s.project.ProjectCardService - Project: org.example.taskschedulerdesktop.models.Project@2f998d4f, number of tasks = 0
2026-09-19 11:53:51.794 [Thread-6] DEBUG o.e.t.c.p.ProjectCardController - ProjectCardController.setContext: org.example.taskschedulerdesktop.models.Project@2f998d4f, hashCode = 1557574924
2026-09-19 11:53:51.794 [Thread-6] DEBUG o.e.t.c.p.ProjectCardController - class = org.example.taskschedulerdesktop.models.Project
2026-09-19 11:53:51.797 [Thread-6] DEBUG o.e.t.s.project.ProjectCardService - createCard(org.example.taskschedulerdesktop.models.Project@1e7e6b5a)
2026-09-19 11:53:51.830 [Thread-6] DEBUG o.e.t.c.p.ProjectCardController - ProjectCardController.initialize(), hashCode = 1033208534
2026-09-19 11:53:51.830 [Thread-6] DEBUG o.e.t.c.p.ProjectCardController - context = null
2026-09-19 11:53:51.830 [Thread-6] DEBUG o.e.t.s.project.ProjectCardService - Project: org.example.taskschedulerdesktop.models.Project@1e7e6b5a, number of tasks = 6
2026-09-19 11:53:51.830 [Thread-6] DEBUG o.e.t.c.p.ProjectCardController - ProjectCardController.setContext: org.example.taskschedulerdesktop.models.Project@1e7e6b5a, hashCode = 1033208534
2026-09-19 11:53:51.831 [Thread-6] DEBUG o.e.t.c.p.ProjectCardController - class = org.example.taskschedulerdesktop.models.Project
2026-09-19 11:54:06.297 [JavaFX Application Thread] DEBUG o.e.t.navigation.NavigationManager - Toast is displayed: Заполните пустые поля
2026-09-19 11:54:06.299 [JavaFX Application Thread] DEBUG o.e.t.r.task.H2TaskRepository - save(org.example.taskschedulerdesktop.models.Task@6736c351)
2026-09-19 11:54:06.317 [JavaFX Application Thread] DEBUG o.e.t.r.task.H2TaskRepository - Task saved: id = 9
2026-09-19 11:54:06.318 [JavaFX Application Thread] DEBUG o.e.t.service.task.TaskServiceImpl - Event TaskChangedEvent sent: projectName = 1
2026-09-19 11:54:06.318 [JavaFX Application Thread] DEBUG o.e.t.navigation.NavigationManager - Close Stage: Новая задача
2026-09-19 11:54:06.346 [JavaFX Application Thread] DEBUG o.e.t.navigation.NavigationManager - Toast is displayed: Задача сохранена
2026-09-19 11:54:06.347 [JavaFX Application Thread] DEBUG o.e.t.c.t.CreateTaskModalWindowController - createTaskButton.getScene() = javafx.scene.Scene@e61028e
2026-09-19 11:54:06.347 [JavaFX Application Thread] DEBUG o.e.t.c.t.CreateTaskModalWindowController - createTaskButton.getScene().getWindow() = javafx.stage.Stage@74a36a74
2026-09-19 11:54:40.303 [JavaFX Application Thread] DEBUG o.e.t.r.task.H2TaskRepository - createTableIfNotExists()
2026-09-19 11:54:40.326 [JavaFX Application Thread] DEBUG o.e.t.r.task.H2TaskRepository - createIndexes()
2026-09-19 11:54:40.881 [JavaFX Application Thread] DEBUG o.e.t.navigation.NavigationManager - Start async loading page: /org/example/taskschedulerdesktop/view/review.fxml
2026-09-19 11:54:41.759 [JavaFX Application Thread] DEBUG o.e.t.navigation.NavigationManager - Page displayed successfully: /org/example/taskschedulerdesktop/view/review.fxml
2026-09-19 11:54:44.024 [JavaFX Application Thread] DEBUG o.e.t.navigation.NavigationManager - Start async loading page: /org/example/taskschedulerdesktop/view/projects.fxml
2026-09-19 11:54:44.061 [Thread-6] DEBUG o.e.t.s.project.AsyncProjectService - createProjectLoader()
2026-09-19 11:54:44.066 [JavaFX Application Thread] DEBUG o.e.t.navigation.NavigationManager - Page displayed successfully: /org/example/taskschedulerdesktop/view/projects.fxml
2026-09-19 11:54:44.072 [Thread-6] DEBUG o.e.t.s.project.AsyncProjectService - Project: org.example.taskschedulerdesktop.models.Project@65a44f98, number of tasks = 0
2026-09-19 11:54:44.073 [Thread-6] DEBUG o.e.t.s.project.ProjectCardService - createCard(org.example.taskschedulerdesktop.models.Project@65a44f98)
2026-09-19 11:54:44.181 [Thread-6] DEBUG o.e.t.c.p.ProjectCardController - ProjectCardController.initialize(), hashCode = 735800768
2026-09-19 11:54:44.181 [Thread-6] DEBUG o.e.t.c.p.ProjectCardController - context = null
2026-09-19 11:54:44.181 [Thread-6] DEBUG o.e.t.s.project.ProjectCardService - Project: org.example.taskschedulerdesktop.models.Project@65a44f98, number of tasks = 0
2026-09-19 11:54:44.182 [Thread-6] DEBUG o.e.t.c.p.ProjectCardController - ProjectCardController.setContext: org.example.taskschedulerdesktop.models.Project@65a44f98, hashCode = 735800768
2026-09-19 11:54:44.182 [Thread-6] DEBUG o.e.t.c.p.ProjectCardController - class = org.example.taskschedulerdesktop.models.Project
2026-09-19 11:54:44.185 [Thread-6] DEBUG o.e.t.s.project.ProjectCardService - createCard(org.example.taskschedulerdesktop.models.Project@2fe6cee4)
2026-09-19 11:54:44.211 [Thread-6] DEBUG o.e.t.c.p.ProjectCardController - ProjectCardController.initialize(), hashCode = 1800828395
2026-09-19 11:54:44.211 [Thread-6] DEBUG o.e.t.c.p.ProjectCardController - context = null
2026-09-19 11:54:44.211 [Thread-6] DEBUG o.e.t.s.project.ProjectCardService - Project: org.example.taskschedulerdesktop.models.Project@2fe6cee4, number of tasks = 6
2026-09-19 11:54:44.211 [Thread-6] DEBUG o.e.t.c.p.ProjectCardController - ProjectCardController.setContext: org.example.taskschedulerdesktop.models.Project@2fe6cee4, hashCode = 1800828395
2026-09-19 11:54:44.211 [Thread-6] DEBUG o.e.t.c.p.ProjectCardController - class = org.example.taskschedulerdesktop.models.Project
2026-09-19 11:54:56.125 [JavaFX Application Thread] DEBUG o.e.t.navigation.NavigationManager - Toast is displayed: Заполните пустые поля
2026-09-19 11:54:56.127 [JavaFX Application Thread] DEBUG o.e.t.r.task.H2TaskRepository - save(org.example.taskschedulerdesktop.models.Task@5af95ce2)
2026-09-19 11:54:56.155 [JavaFX Application Thread] DEBUG o.e.t.r.task.H2TaskRepository - Task saved: id = 10
2026-09-19 11:54:56.156 [JavaFX Application Thread] DEBUG o.e.t.service.task.TaskServiceImpl - Event TaskChangedEvent sent: projectName = 1
2026-09-19 11:54:56.156 [JavaFX Application Thread] DEBUG o.e.t.navigation.NavigationManager - Close Stage: Новая задача
2026-09-19 11:54:56.186 [JavaFX Application Thread] DEBUG o.e.t.navigation.NavigationManager - Toast is displayed: Задача сохранена
2026-09-19 11:54:56.187 [JavaFX Application Thread] DEBUG o.e.t.c.t.CreateTaskModalWindowController - createTaskButton.getScene() = javafx.scene.Scene@586f1070
2026-09-19 11:54:56.187 [JavaFX Application Thread] DEBUG o.e.t.c.t.CreateTaskModalWindowController - createTaskButton.getScene().getWindow() = javafx.stage.Stage@2b191ae7
2026-09-19 11:57:44.039 [JavaFX Application Thread] DEBUG o.e.t.r.task.H2TaskRepository - createTableIfNotExists()
2026-09-19 11:57:44.063 [JavaFX Application Thread] DEBUG o.e.t.r.task.H2TaskRepository - createIndexes()
2026-09-19 11:57:44.642 [JavaFX Application Thread] DEBUG o.e.t.navigation.NavigationManager - Start async loading page: /org/example/taskschedulerdesktop/view/review.fxml
2026-09-19 11:57:45.446 [JavaFX Application Thread] DEBUG o.e.t.navigation.NavigationManager - Page displayed successfully: /org/example/taskschedulerdesktop/view/review.fxml
2026-09-19 11:57:47.911 [JavaFX Application Thread] DEBUG o.e.t.navigation.NavigationManager - Start async loading page: /org/example/taskschedulerdesktop/view/projects.fxml
2026-09-19 11:57:47.949 [Thread-6] DEBUG o.e.t.s.project.AsyncProjectService - createProjectLoader()
2026-09-19 11:57:47.953 [JavaFX Application Thread] DEBUG o.e.t.navigation.NavigationManager - Page displayed successfully: /org/example/taskschedulerdesktop/view/projects.fxml
2026-09-19 11:57:47.959 [Thread-6] DEBUG o.e.t.s.project.AsyncProjectService - Project: org.example.taskschedulerdesktop.models.Project@1718c1ca, number of tasks = 0
2026-09-19 11:57:47.959 [Thread-6] DEBUG o.e.t.s.project.ProjectCardService - createCard(org.example.taskschedulerdesktop.models.Project@1718c1ca)
2026-09-19 11:57:59.718 [Thread-6] DEBUG o.e.t.c.p.ProjectCardController - ProjectCardController.initialize(), hashCode = 1789815547
2026-09-19 11:57:59.720 [Thread-6] DEBUG o.e.t.c.p.ProjectCardController - context = null
2026-09-19 11:58:21.901 [Thread-6] DEBUG o.e.t.s.project.ProjectCardService - Project: org.example.taskschedulerdesktop.models.Project@1718c1ca, number of tasks = 0
2026-09-19 11:58:55.382 [Thread-6] DEBUG o.e.t.c.p.ProjectCardController - ProjectCardController.setContext: org.example.taskschedulerdesktop.models.Project@1718c1ca, hashCode = 1789815547
2026-09-19 11:58:56.224 [Thread-6] DEBUG o.e.t.c.p.ProjectCardController - class = org.example.taskschedulerdesktop.models.Project
2026-09-19 11:59:25.420 [Thread-6] DEBUG o.e.t.s.project.ProjectCardService - createCard(org.example.taskschedulerdesktop.models.Project@390d6e3a)
2026-09-19 11:59:25.463 [Thread-6] DEBUG o.e.t.c.p.ProjectCardController - ProjectCardController.initialize(), hashCode = 874007393
2026-09-19 11:59:25.463 [Thread-6] DEBUG o.e.t.c.p.ProjectCardController - context = null
2026-09-19 11:59:25.463 [Thread-6] DEBUG o.e.t.s.project.ProjectCardService - Project: org.example.taskschedulerdesktop.models.Project@390d6e3a, number of tasks = 6
2026-09-19 11:59:25.463 [Thread-6] DEBUG o.e.t.c.p.ProjectCardController - ProjectCardController.setContext: org.example.taskschedulerdesktop.models.Project@390d6e3a, hashCode = 874007393
2026-09-19 11:59:25.463 [Thread-6] DEBUG o.e.t.c.p.ProjectCardController - class = org.example.taskschedulerdesktop.models.Project
2026-09-19 12:45:28.331 [JavaFX Application Thread] DEBUG o.e.t.r.task.H2TaskRepository - createTableIfNotExists()
2026-09-19 12:45:28.353 [JavaFX Application Thread] DEBUG o.e.t.r.task.H2TaskRepository - createIndexes()
2026-09-19 12:45:28.924 [JavaFX Application Thread] DEBUG o.e.t.navigation.NavigationManager - Start async loading page: /org/example/taskschedulerdesktop/view/review.fxml
2026-09-19 12:45:29.710 [JavaFX Application Thread] DEBUG o.e.t.navigation.NavigationManager - Page displayed successfully: /org/example/taskschedulerdesktop/view/review.fxml
2026-09-19 12:45:32.146 [JavaFX Application Thread] DEBUG o.e.t.navigation.NavigationManager - Start async loading page: /org/example/taskschedulerdesktop/view/projects.fxml
2026-09-19 12:45:32.180 [Thread-6] DEBUG o.e.t.s.project.AsyncProjectService - createProjectLoader()
2026-09-19 12:45:32.183 [JavaFX Application Thread] DEBUG o.e.t.navigation.NavigationManager - Page displayed successfully: /org/example/taskschedulerdesktop/view/projects.fxml
2026-09-19 12:45:32.189 [Thread-6] DEBUG o.e.t.s.project.AsyncProjectService - Project: org.example.taskschedulerdesktop.models.Project@166adaab, number of tasks = 0
2026-09-19 12:45:32.190 [Thread-6] DEBUG o.e.t.s.project.ProjectCardService - createCard(org.example.taskschedulerdesktop.models.Project@166adaab)
2026-09-19 12:45:35.608 [Thread-6] DEBUG o.e.t.c.p.ProjectCardController - ProjectCardController.initialize(), hashCode = 788965143
2026-09-19 12:45:35.608 [Thread-6] DEBUG o.e.t.c.p.ProjectCardController - context = null
2026-09-19 12:45:38.233 [Thread-6] DEBUG o.e.t.s.project.ProjectCardService - Project: org.example.taskschedulerdesktop.models.Project@166adaab, number of tasks = 0
2026-09-19 12:45:41.241 [Thread-6] DEBUG o.e.t.c.p.ProjectCardController - ProjectCardController.setContext: org.example.taskschedulerdesktop.models.Project@166adaab, hashCode = 788965143
2026-09-19 12:45:41.242 [Thread-6] DEBUG o.e.t.c.p.ProjectCardController - class = org.example.taskschedulerdesktop.models.Project
2026-09-19 12:46:13.993 [Thread-6] DEBUG o.e.t.s.project.AsyncProjectService - createProjectLoader()
2026-09-19 12:46:13.998 [Thread-6] DEBUG o.e.t.s.project.AsyncProjectService - Project: org.example.taskschedulerdesktop.models.Project@57f00a7b, number of tasks = 0
2026-09-19 12:46:13.999 [Thread-6] DEBUG o.e.t.s.project.ProjectCardService - createCard(org.example.taskschedulerdesktop.models.Project@57f00a7b)
2026-09-19 12:46:13.988 [TaskSchedulerPool housekeeper] WARN  com.zaxxer.hikari.pool.HikariPool - TaskSchedulerPool - Thread starvation or clock leap detected (housekeeper delta=45s558ms746µs900ns).
2026-09-19 12:46:14.057 [Thread-6] DEBUG o.e.t.c.p.ProjectCardController - ProjectCardController.initialize(), hashCode = 2012207194
2026-09-19 12:46:14.063 [Thread-6] DEBUG o.e.t.c.p.ProjectCardController - context = null
2026-09-19 12:46:14.063 [Thread-6] DEBUG o.e.t.s.project.ProjectCardService - Project: org.example.taskschedulerdesktop.models.Project@57f00a7b, number of tasks = 0
2026-09-19 12:46:14.066 [Thread-6] DEBUG o.e.t.c.p.ProjectCardController - ProjectCardController.setContext: org.example.taskschedulerdesktop.models.Project@57f00a7b, hashCode = 2012207194
2026-09-19 12:46:14.066 [Thread-6] DEBUG o.e.t.c.p.ProjectCardController - class = org.example.taskschedulerdesktop.models.Project
2026-09-19 12:46:14.066 [Thread-6] DEBUG o.e.t.s.project.ProjectCardService - createCard(org.example.taskschedulerdesktop.models.Project@da670e9)
2026-09-19 12:46:19.126 [JavaFX Application Thread] DEBUG o.e.t.r.task.H2TaskRepository - createTableIfNotExists()
2026-09-19 12:46:19.152 [JavaFX Application Thread] DEBUG o.e.t.r.task.H2TaskRepository - createIndexes()
2026-09-19 12:46:19.761 [JavaFX Application Thread] DEBUG o.e.t.navigation.NavigationManager - Start async loading page: /org/example/taskschedulerdesktop/view/review.fxml
2026-09-19 12:46:20.802 [JavaFX Application Thread] DEBUG o.e.t.navigation.NavigationManager - Page displayed successfully: /org/example/taskschedulerdesktop/view/review.fxml
2026-09-19 12:46:22.378 [JavaFX Application Thread] DEBUG o.e.t.navigation.NavigationManager - Start async loading page: /org/example/taskschedulerdesktop/view/projects.fxml
2026-09-19 12:46:22.425 [Thread-6] DEBUG o.e.t.s.project.AsyncProjectService - createProjectLoader()
2026-09-19 12:46:22.429 [JavaFX Application Thread] DEBUG o.e.t.navigation.NavigationManager - Page displayed successfully: /org/example/taskschedulerdesktop/view/projects.fxml
2026-09-19 12:46:22.435 [Thread-6] DEBUG o.e.t.s.project.AsyncProjectService - Project: org.example.taskschedulerdesktop.models.Project@166adaab, number of tasks = 0
2026-09-19 12:46:22.435 [Thread-6] DEBUG o.e.t.s.project.ProjectCardService - createCard(org.example.taskschedulerdesktop.models.Project@166adaab)
2026-09-19 12:46:25.531 [Thread-6] DEBUG o.e.t.c.p.ProjectCardController - ProjectCardController.initialize(), hashCode = 788965143
2026-09-19 12:46:25.533 [Thread-6] DEBUG o.e.t.c.p.ProjectCardController - context = null
2026-09-19 12:46:30.616 [Thread-6] DEBUG o.e.t.s.project.ProjectCardService - Project: org.example.taskschedulerdesktop.models.Project@166adaab, number of tasks = 0
2026-09-19 12:46:49.696 [Thread-6] DEBUG o.e.t.c.p.ProjectCardController - ProjectCardController.setContext: org.example.taskschedulerdesktop.models.Project@166adaab, hashCode = 788965143
2026-09-19 12:46:52.658 [Thread-6] DEBUG o.e.t.c.p.ProjectCardController - class = org.example.taskschedulerdesktop.models.Project
2026-09-19 12:47:40.694 [TaskSchedulerPool housekeeper] WARN  com.zaxxer.hikari.pool.HikariPool - TaskSchedulerPool - Thread starvation or clock leap detected (housekeeper delta=50s999ms279µs900ns).
2026-09-19 12:48:18.315 [Thread-6] DEBUG o.e.t.s.project.ProjectCardService - createCard(org.example.taskschedulerdesktop.models.Project@3d073107)
2026-09-19 12:48:22.449 [Thread-6] DEBUG o.e.t.c.p.ProjectCardController - ProjectCardController.initialize(), hashCode = 886689115
2026-09-19 12:48:22.449 [Thread-6] DEBUG o.e.t.c.p.ProjectCardController - context = null
2026-09-19 12:48:26.128 [Thread-6] DEBUG o.e.t.s.project.ProjectCardService - Project: org.example.taskschedulerdesktop.models.Project@3d073107, number of tasks = 6
2026-09-19 12:48:36.106 [Thread-6] DEBUG o.e.t.c.p.ProjectCardController - ProjectCardController.setContext: org.example.taskschedulerdesktop.models.Project@3d073107, hashCode = 886689115
2026-09-19 12:48:37.062 [Thread-6] DEBUG o.e.t.c.p.ProjectCardController - class = org.example.taskschedulerdesktop.models.Project
2026-09-19 12:50:06.990 [TaskSchedulerPool housekeeper] WARN  com.zaxxer.hikari.pool.HikariPool - TaskSchedulerPool - Thread starvation or clock leap detected (housekeeper delta=50s158ms7µs700ns).
2026-09-19 12:50:38.354 [JavaFX Application Thread] DEBUG o.e.t.navigation.NavigationManager - Toast is displayed: Заполните пустые поля
2026-09-19 12:50:38.359 [JavaFX Application Thread] DEBUG o.e.t.r.task.H2TaskRepository - save(org.example.taskschedulerdesktop.models.Task@e4dec16)
2026-09-19 12:50:38.397 [JavaFX Application Thread] DEBUG o.e.t.r.task.H2TaskRepository - Task saved: id = 11
2026-09-19 12:50:38.397 [JavaFX Application Thread] DEBUG o.e.t.service.task.TaskServiceImpl - Event TaskChangedEvent sent: projectName = 1
2026-09-19 12:50:38.398 [JavaFX Application Thread] DEBUG o.e.t.navigation.NavigationManager - Close Stage: Новая задача
2026-09-19 12:50:38.444 [JavaFX Application Thread] DEBUG o.e.t.navigation.NavigationManager - Toast is displayed: Задача сохранена
2026-09-19 12:50:38.444 [JavaFX Application Thread] DEBUG o.e.t.c.t.CreateTaskModalWindowController - createTaskButton.getScene() = javafx.scene.Scene@430bb3a7
2026-09-19 12:50:38.445 [JavaFX Application Thread] DEBUG o.e.t.c.t.CreateTaskModalWindowController - createTaskButton.getScene().getWindow() = javafx.stage.Stage@2f8b991c
2026-09-19 12:50:40.751 [JavaFX Application Thread] DEBUG o.e.t.c.p.ProjectCardController - Click on the card, context = org.example.taskschedulerdesktop.models.Project@3d073107
2026-09-19 12:50:40.753 [JavaFX Application Thread] DEBUG o.e.t.navigation.NavigationManager - Start async loading page: /org/example/taskschedulerdesktop/view/project_extended_page.fxml
2026-09-19 12:50:40.820 [Thread-8] DEBUG o.e.t.r.task.H2TaskRepository - findViewsByStatus(IN_PROGRESS)
2026-09-19 12:50:40.820 [Thread-7] DEBUG o.e.t.r.task.H2TaskRepository - findViewsByStatus(NEW)
2026-09-19 12:50:40.821 [Thread-10] DEBUG o.e.t.r.task.H2TaskRepository - findViewsByStatus(COMPLETED)
2026-09-19 12:50:40.821 [JavaFX Application Thread] DEBUG o.e.t.c.p.ProjectExtendedPageController - setContext: org.example.taskschedulerdesktop.models.Project@3d073107
2026-09-19 12:50:40.821 [JavaFX Application Thread] DEBUG o.e.t.c.p.ProjectExtendedPageController - class = org.example.taskschedulerdesktop.models.Project
2026-09-19 12:50:40.820 [Thread-9] DEBUG o.e.t.r.task.H2TaskRepository - findViewsByStatus(UNDER_REVIEW)
2026-09-19 12:50:40.825 [JavaFX Application Thread] DEBUG o.e.t.navigation.NavigationManager - Page displayed successfully: /org/example/taskschedulerdesktop/view/project_extended_page.fxml
2026-09-19 13:09:07.015 [JavaFX Application Thread] DEBUG o.e.t.r.task.H2TaskRepository - createTableIfNotExists()
2026-09-19 13:09:07.044 [JavaFX Application Thread] DEBUG o.e.t.r.task.H2TaskRepository - createIndexes()
2026-09-19 13:09:07.542 [JavaFX Application Thread] DEBUG o.e.t.navigation.NavigationManager - Start async loading page: /org/example/taskschedulerdesktop/view/review.fxml
2026-09-19 13:09:08.240 [JavaFX Application Thread] DEBUG o.e.t.navigation.NavigationManager - Page displayed successfully: /org/example/taskschedulerdesktop/view/review.fxml
2026-09-19 13:09:10.253 [JavaFX Application Thread] DEBUG o.e.t.navigation.NavigationManager - Start async loading page: /org/example/taskschedulerdesktop/view/projects.fxml
2026-09-19 13:09:10.288 [Thread-6] DEBUG o.e.t.s.project.AsyncProjectService - createProjectLoader()
2026-09-19 13:09:10.293 [JavaFX Application Thread] DEBUG o.e.t.navigation.NavigationManager - Page displayed successfully: /org/example/taskschedulerdesktop/view/projects.fxml
2026-09-19 13:09:10.299 [Thread-6] DEBUG o.e.t.s.project.AsyncProjectService - Project: org.example.taskschedulerdesktop.models.Project@58e4f6b2, number of tasks = 0
2026-09-19 13:09:10.300 [Thread-6] DEBUG o.e.t.s.project.ProjectCardService - createCard(org.example.taskschedulerdesktop.models.Project@58e4f6b2)
2026-09-19 13:09:10.331 [Thread-6] DEBUG o.e.t.c.p.ProjectCardController - ProjectCardController.initialize(), hashCode = 1333606516
2026-09-19 13:09:10.331 [Thread-6] DEBUG o.e.t.c.p.ProjectCardController - context = null
2026-09-19 13:09:10.332 [Thread-6] DEBUG o.e.t.s.project.ProjectCardService - Project: org.example.taskschedulerdesktop.models.Project@58e4f6b2, number of tasks = 0
2026-09-19 13:09:10.333 [Thread-6] DEBUG o.e.t.c.p.ProjectCardController - ProjectCardController.setContext: org.example.taskschedulerdesktop.models.Project@58e4f6b2, hashCode = 1333606516
2026-09-19 13:09:10.333 [Thread-6] DEBUG o.e.t.c.p.ProjectCardController - class = org.example.taskschedulerdesktop.models.Project
2026-09-19 13:09:10.337 [Thread-6] DEBUG o.e.t.s.project.ProjectCardService - createCard(org.example.taskschedulerdesktop.models.Project@1c8fb125)
2026-09-19 13:09:10.366 [Thread-6] DEBUG o.e.t.c.p.ProjectCardController - ProjectCardController.initialize(), hashCode = 307036714
2026-09-19 13:09:10.366 [Thread-6] DEBUG o.e.t.c.p.ProjectCardController - context = null
2026-09-19 13:09:10.366 [Thread-6] DEBUG o.e.t.s.project.ProjectCardService - Project: org.example.taskschedulerdesktop.models.Project@1c8fb125, number of tasks = 6
2026-09-19 13:09:10.367 [Thread-6] DEBUG o.e.t.c.p.ProjectCardController - ProjectCardController.setContext: org.example.taskschedulerdesktop.models.Project@1c8fb125, hashCode = 307036714
2026-09-19 13:09:10.367 [Thread-6] DEBUG o.e.t.c.p.ProjectCardController - class = org.example.taskschedulerdesktop.models.Project
2026-09-19 13:09:13.698 [JavaFX Application Thread] DEBUG o.e.t.c.p.ProjectCardController - Click on the card, context = org.example.taskschedulerdesktop.models.Project@1c8fb125
2026-09-19 13:09:13.698 [JavaFX Application Thread] DEBUG o.e.t.navigation.NavigationManager - Start async loading page: /org/example/taskschedulerdesktop/view/project_extended_page.fxml
2026-09-19 13:09:13.748 [Thread-7] DEBUG o.e.t.r.task.H2TaskRepository - findViewsByStatus(NEW)
2026-09-19 13:09:13.748 [Thread-8] DEBUG o.e.t.r.task.H2TaskRepository - findViewsByStatus(IN_PROGRESS)
2026-09-19 13:09:13.748 [Thread-9] DEBUG o.e.t.r.task.H2TaskRepository - findViewsByStatus(UNDER_REVIEW)
2026-09-19 13:09:13.749 [JavaFX Application Thread] DEBUG o.e.t.c.p.ProjectExtendedPageController - setContext: org.example.taskschedulerdesktop.models.Project@1c8fb125
2026-09-19 13:09:13.749 [JavaFX Application Thread] DEBUG o.e.t.c.p.ProjectExtendedPageController - class = org.example.taskschedulerdesktop.models.Project
2026-09-19 13:09:13.750 [Thread-10] DEBUG o.e.t.r.task.H2TaskRepository - findViewsByStatus(COMPLETED)
2026-09-19 13:09:13.756 [JavaFX Application Thread] DEBUG o.e.t.navigation.NavigationManager - Page displayed successfully: /org/example/taskschedulerdesktop/view/project_extended_page.fxml
2026-09-19 13:11:31.835 [JavaFX Application Thread] DEBUG o.e.t.r.task.H2TaskRepository - createTableIfNotExists()
2026-09-19 13:11:31.863 [JavaFX Application Thread] DEBUG o.e.t.r.task.H2TaskRepository - createIndexes()
2026-09-19 13:11:32.338 [JavaFX Application Thread] DEBUG o.e.t.navigation.NavigationManager - Start async loading page: /org/example/taskschedulerdesktop/view/review.fxml
2026-09-19 13:11:33.023 [JavaFX Application Thread] DEBUG o.e.t.navigation.NavigationManager - Page displayed successfully: /org/example/taskschedulerdesktop/view/review.fxml
2026-09-19 13:11:34.915 [JavaFX Application Thread] DEBUG o.e.t.navigation.NavigationManager - Start async loading page: /org/example/taskschedulerdesktop/view/projects.fxml
2026-09-19 13:11:34.939 [Thread-6] DEBUG o.e.t.s.project.AsyncProjectService - createProjectLoader()
2026-09-19 13:11:34.942 [JavaFX Application Thread] DEBUG o.e.t.navigation.NavigationManager - Page displayed successfully: /org/example/taskschedulerdesktop/view/projects.fxml
2026-09-19 13:11:34.949 [Thread-6] DEBUG o.e.t.s.project.AsyncProjectService - Project: org.example.taskschedulerdesktop.models.Project@2b24377c, number of tasks = 0
2026-09-19 13:11:34.950 [Thread-6] DEBUG o.e.t.s.project.ProjectCardService - createCard(org.example.taskschedulerdesktop.models.Project@2b24377c)
2026-09-19 13:11:34.975 [Thread-6] DEBUG o.e.t.c.p.ProjectCardController - ProjectCardController.initialize(), hashCode = 1397455520
2026-09-19 13:11:34.976 [Thread-6] DEBUG o.e.t.c.p.ProjectCardController - context = null
2026-09-19 13:11:34.976 [Thread-6] DEBUG o.e.t.s.project.ProjectCardService - Project: org.example.taskschedulerdesktop.models.Project@2b24377c, number of tasks = 0
2026-09-19 13:11:34.977 [Thread-6] DEBUG o.e.t.c.p.ProjectCardController - ProjectCardController.setContext: org.example.taskschedulerdesktop.models.Project@2b24377c, hashCode = 1397455520
2026-09-19 13:11:34.977 [Thread-6] DEBUG o.e.t.c.p.ProjectCardController - class = org.example.taskschedulerdesktop.models.Project
2026-09-19 13:11:34.981 [Thread-6] DEBUG o.e.t.s.project.ProjectCardService - createCard(org.example.taskschedulerdesktop.models.Project@74094672)
2026-09-19 13:11:35.005 [Thread-6] DEBUG o.e.t.c.p.ProjectCardController - ProjectCardController.initialize(), hashCode = 1067798622
2026-09-19 13:11:35.005 [Thread-6] DEBUG o.e.t.c.p.ProjectCardController - context = null
2026-09-19 13:11:35.005 [Thread-6] DEBUG o.e.t.s.project.ProjectCardService - Project: org.example.taskschedulerdesktop.models.Project@74094672, number of tasks = 6
2026-09-19 13:11:35.006 [Thread-6] DEBUG o.e.t.c.p.ProjectCardController - ProjectCardController.setContext: org.example.taskschedulerdesktop.models.Project@74094672, hashCode = 1067798622
2026-09-19 13:11:35.006 [Thread-6] DEBUG o.e.t.c.p.ProjectCardController - class = org.example.taskschedulerdesktop.models.Project
2026-09-19 13:11:36.391 [JavaFX Application Thread] DEBUG o.e.t.c.p.ProjectCardController - Click on the card, context = org.example.taskschedulerdesktop.models.Project@74094672
2026-09-19 13:11:36.392 [JavaFX Application Thread] DEBUG o.e.t.navigation.NavigationManager - Start async loading page: /org/example/taskschedulerdesktop/view/project_extended_page.fxml
2026-09-19 13:11:36.438 [Thread-7] DEBUG o.e.t.r.task.H2TaskRepository - findViewsByStatus(NEW)
2026-09-19 13:11:36.438 [Thread-8] DEBUG o.e.t.r.task.H2TaskRepository - findViewsByStatus(IN_PROGRESS)
2026-09-19 13:11:36.439 [JavaFX Application Thread] DEBUG o.e.t.c.p.ProjectExtendedPageController - setContext: org.example.taskschedulerdesktop.models.Project@74094672
2026-09-19 13:11:36.439 [Thread-9] DEBUG o.e.t.r.task.H2TaskRepository - findViewsByStatus(UNDER_REVIEW)
2026-09-19 13:11:36.439 [JavaFX Application Thread] DEBUG o.e.t.c.p.ProjectExtendedPageController - class = org.example.taskschedulerdesktop.models.Project
2026-09-19 13:11:36.440 [Thread-10] DEBUG o.e.t.r.task.H2TaskRepository - findViewsByStatus(COMPLETED)
2026-09-19 13:11:36.442 [JavaFX Application Thread] DEBUG o.e.t.navigation.NavigationManager - Page displayed successfully: /org/example/taskschedulerdesktop/view/project_extended_page.fxml
2026-09-19 13:34:50.265 [JavaFX Application Thread] DEBUG o.e.t.database.DatabaseConnection - H2 TCP-server started on the port:9092 successful
2026-09-19 13:34:50.295 [JavaFX Application Thread] DEBUG o.e.t.r.task.H2TaskRepository - createTableIfNotExists()
2026-09-19 13:34:50.315 [JavaFX Application Thread] DEBUG o.e.t.r.task.H2TaskRepository - createIndexes()
2026-09-19 13:34:51.004 [JavaFX Application Thread] DEBUG o.e.t.navigation.NavigationManager - Start async loading page: /org/example/taskschedulerdesktop/view/review.fxml
2026-09-19 13:34:51.823 [JavaFX Application Thread] DEBUG o.e.t.navigation.NavigationManager - Page displayed successfully: /org/example/taskschedulerdesktop/view/review.fxml
2026-09-19 13:36:07.511 [JavaFX Application Thread] DEBUG o.e.t.database.DatabaseConnection - H2 TCP-server started on the port:9092 successful
2026-09-19 13:36:07.515 [JavaFX Application Thread] DEBUG o.e.t.r.task.H2TaskRepository - createTableIfNotExists()
2026-09-19 13:36:07.540 [JavaFX Application Thread] DEBUG o.e.t.r.task.H2TaskRepository - createIndexes()
2026-09-19 13:36:08.003 [JavaFX Application Thread] DEBUG o.e.t.navigation.NavigationManager - Start async loading page: /org/example/taskschedulerdesktop/view/review.fxml
2026-09-19 13:36:08.719 [JavaFX Application Thread] DEBUG o.e.t.navigation.NavigationManager - Page displayed successfully: /org/example/taskschedulerdesktop/view/review.fxml
2026-09-19 13:40:59.936 [JavaFX Application Thread] DEBUG o.e.t.database.DatabaseConnection - H2 TCP-server started on the port:9092 successful
2026-09-19 13:40:59.940 [JavaFX Application Thread] DEBUG o.e.t.r.task.H2TaskRepository - createTableIfNotExists()
2026-09-19 13:40:59.966 [JavaFX Application Thread] DEBUG o.e.t.r.task.H2TaskRepository - createIndexes()
2026-09-19 13:41:00.435 [JavaFX Application Thread] DEBUG o.e.t.navigation.NavigationManager - Start async loading page: /org/example/taskschedulerdesktop/view/review.fxml
2026-09-19 13:41:01.135 [JavaFX Application Thread] DEBUG o.e.t.navigation.NavigationManager - Page displayed successfully: /org/example/taskschedulerdesktop/view/review.fxml
2026-09-19 13:41:06.379 [JavaFX Application Thread] DEBUG o.e.t.navigation.NavigationManager - Start async loading page: /org/example/taskschedulerdesktop/view/projects.fxml
2026-09-19 13:41:06.427 [Thread-7] DEBUG o.e.t.s.project.AsyncProjectService - createProjectLoader()
2026-09-19 13:41:06.429 [JavaFX Application Thread] DEBUG o.e.t.navigation.NavigationManager - Page displayed successfully: /org/example/taskschedulerdesktop/view/projects.fxml
2026-09-19 13:41:06.437 [Thread-7] DEBUG o.e.t.s.project.AsyncProjectService - Project: org.example.taskschedulerdesktop.models.Project@5af102ea, number of tasks = 0
2026-09-19 13:41:06.437 [Thread-7] DEBUG o.e.t.s.project.ProjectCardService - createCard(org.example.taskschedulerdesktop.models.Project@5af102ea)
2026-09-19 13:41:06.467 [Thread-7] DEBUG o.e.t.c.p.ProjectCardController - ProjectCardController.initialize(), hashCode = 526524229
2026-09-19 13:41:06.467 [Thread-7] DEBUG o.e.t.c.p.ProjectCardController - context = null
2026-09-19 13:41:06.467 [Thread-7] DEBUG o.e.t.s.project.ProjectCardService - Project: org.example.taskschedulerdesktop.models.Project@5af102ea, number of tasks = 0
2026-09-19 13:41:06.469 [Thread-7] DEBUG o.e.t.c.p.ProjectCardController - ProjectCardController.setContext: org.example.taskschedulerdesktop.models.Project@5af102ea, hashCode = 526524229
2026-09-19 13:41:06.469 [Thread-7] DEBUG o.e.t.c.p.ProjectCardController - class = org.example.taskschedulerdesktop.models.Project
2026-09-19 13:41:08.248 [JavaFX Application Thread] DEBUG o.e.t.c.p.ProjectCardController - Click on the card, context = org.example.taskschedulerdesktop.models.Project@5af102ea
2026-09-19 13:41:08.248 [JavaFX Application Thread] DEBUG o.e.t.navigation.NavigationManager - Start async loading page: /org/example/taskschedulerdesktop/view/project_extended_page.fxml
2026-09-19 13:41:08.334 [Thread-9] DEBUG o.e.t.r.task.H2TaskRepository - findViewsByStatus(IN_PROGRESS)
2026-09-19 13:41:08.334 [Thread-8] DEBUG o.e.t.r.task.H2TaskRepository - findViewsByStatus(NEW)
2026-09-19 13:41:08.334 [Thread-10] DEBUG o.e.t.r.task.H2TaskRepository - findViewsByStatus(UNDER_REVIEW)
2026-09-19 13:41:08.334 [JavaFX Application Thread] DEBUG o.e.t.c.p.ProjectExtendedPageController - setContext: org.example.taskschedulerdesktop.models.Project@5af102ea
2026-09-19 13:41:08.335 [JavaFX Application Thread] DEBUG o.e.t.c.p.ProjectExtendedPageController - class = org.example.taskschedulerdesktop.models.Project
2026-09-19 13:41:08.335 [Thread-11] DEBUG o.e.t.r.task.H2TaskRepository - findViewsByStatus(COMPLETED)
2026-09-19 13:41:08.337 [JavaFX Application Thread] DEBUG o.e.t.navigation.NavigationManager - Page displayed successfully: /org/example/taskschedulerdesktop/view/project_extended_page.fxml
2026-09-19 13:41:13.168 [JavaFX Application Thread] DEBUG o.e.t.navigation.NavigationManager - Toast is displayed: Заполните пустые поля
2026-09-19 13:41:36.114 [JavaFX Application Thread] DEBUG o.e.t.r.task.H2TaskRepository - save(org.example.taskschedulerdesktop.models.Task@226898cd)
2026-09-19 13:41:36.121 [JavaFX Application Thread] DEBUG o.e.t.r.task.H2TaskRepository - Task saved: id = 12
2026-09-19 13:41:36.122 [JavaFX Application Thread] DEBUG o.e.t.service.task.TaskServiceImpl - Event TaskChangedEvent sent: projectName = 1
2026-09-19 13:41:36.122 [JavaFX Application Thread] DEBUG o.e.t.navigation.NavigationManager - Close Stage: Новая задача
2026-09-19 13:41:36.148 [JavaFX Application Thread] DEBUG o.e.t.navigation.NavigationManager - Toast is displayed: Задача сохранена
2026-09-19 13:41:36.148 [JavaFX Application Thread] DEBUG o.e.t.c.t.CreateTaskModalWindowController - createTaskButton.getScene() = javafx.scene.Scene@30dcb18a
2026-09-19 13:41:36.150 [JavaFX Application Thread] DEBUG o.e.t.c.t.CreateTaskModalWindowController - createTaskButton.getScene().getWindow() = javafx.stage.Stage@5839d8b0
2026-09-19 13:41:41.105 [JavaFX Application Thread] DEBUG o.e.t.navigation.NavigationManager - Start async loading page: /org/example/taskschedulerdesktop/view/projects.fxml
2026-09-19 13:41:41.116 [Thread-12] DEBUG o.e.t.s.project.AsyncProjectService - createProjectLoader()
2026-09-19 13:41:41.117 [Thread-12] DEBUG o.e.t.s.project.AsyncProjectService - Project: org.example.taskschedulerdesktop.models.Project@7f0420df, number of tasks = 0
2026-09-19 13:41:41.117 [JavaFX Application Thread] DEBUG o.e.t.navigation.NavigationManager - Page displayed successfully: /org/example/taskschedulerdesktop/view/projects.fxml
2026-09-19 13:41:41.117 [Thread-12] DEBUG o.e.t.s.project.ProjectCardService - createCard(org.example.taskschedulerdesktop.models.Project@7f0420df)
2026-09-19 13:41:41.135 [Thread-12] DEBUG o.e.t.c.p.ProjectCardController - ProjectCardController.initialize(), hashCode = 1041159807
2026-09-19 13:41:41.135 [Thread-12] DEBUG o.e.t.c.p.ProjectCardController - context = null
2026-09-19 13:41:41.135 [Thread-12] DEBUG o.e.t.s.project.ProjectCardService - Project: org.example.taskschedulerdesktop.models.Project@7f0420df, number of tasks = 0
2026-09-19 13:41:41.135 [Thread-12] DEBUG o.e.t.c.p.ProjectCardController - ProjectCardController.setContext: org.example.taskschedulerdesktop.models.Project@7f0420df, hashCode = 1041159807
2026-09-19 13:41:41.136 [Thread-12] DEBUG o.e.t.c.p.ProjectCardController - class = org.example.taskschedulerdesktop.models.Project
2026-09-19 13:41:42.725 [JavaFX Application Thread] DEBUG o.e.t.c.p.ProjectCardController - Click on the card, context = org.example.taskschedulerdesktop.models.Project@7f0420df
2026-09-19 13:41:42.726 [JavaFX Application Thread] DEBUG o.e.t.navigation.NavigationManager - Start async loading page: /org/example/taskschedulerdesktop/view/project_extended_page.fxml
2026-09-19 13:41:42.752 [Thread-10] DEBUG o.e.t.r.task.H2TaskRepository - findViewsByStatus(NEW)
2026-09-19 13:41:42.752 [Thread-9] DEBUG o.e.t.r.task.H2TaskRepository - findViewsByStatus(IN_PROGRESS)
2026-09-19 13:41:42.754 [Thread-9] DEBUG o.e.t.r.task.H2TaskRepository - findViewsByStatus(UNDER_REVIEW)
2026-09-19 13:41:42.755 [Thread-11] DEBUG o.e.t.r.task.H2TaskRepository - findViewsByStatus(COMPLETED)
2026-09-19 13:41:42.757 [JavaFX Application Thread] DEBUG o.e.t.c.p.ProjectExtendedPageController - setContext: org.example.taskschedulerdesktop.models.Project@7f0420df
2026-09-19 13:41:42.757 [JavaFX Application Thread] DEBUG o.e.t.c.p.ProjectExtendedPageController - class = org.example.taskschedulerdesktop.models.Project
2026-09-19 13:41:42.758 [JavaFX Application Thread] DEBUG o.e.t.navigation.NavigationManager - Page displayed successfully: /org/example/taskschedulerdesktop/view/project_extended_page.fxml
2026-09-19 13:42:02.716 [JavaFX Application Thread] DEBUG o.e.t.navigation.NavigationManager - Toast is displayed: Заполните пустые поля
2026-09-19 13:42:07.030 [JavaFX Application Thread] DEBUG o.e.t.navigation.NavigationManager - Toast is displayed: Заполните пустые поля
2026-09-19 13:42:11.240 [JavaFX Application Thread] DEBUG o.e.t.navigation.NavigationManager - Toast is displayed: Заполните пустые поля
2026-09-19 13:42:15.471 [JavaFX Application Thread] DEBUG o.e.t.r.task.H2TaskRepository - save(org.example.taskschedulerdesktop.models.Task@39e7fc20)
2026-09-19 13:42:15.473 [JavaFX Application Thread] DEBUG o.e.t.r.task.H2TaskRepository - Task saved: id = 13
2026-09-19 13:42:15.473 [JavaFX Application Thread] DEBUG o.e.t.service.task.TaskServiceImpl - Event TaskChangedEvent sent: projectName = 1
2026-09-19 13:42:15.473 [JavaFX Application Thread] DEBUG o.e.t.navigation.NavigationManager - Close Stage: Новая задача
2026-09-19 13:42:15.495 [JavaFX Application Thread] DEBUG o.e.t.navigation.NavigationManager - Toast is displayed: Задача сохранена
2026-09-19 13:42:15.495 [JavaFX Application Thread] DEBUG o.e.t.c.t.CreateTaskModalWindowController - createTaskButton.getScene() = javafx.scene.Scene@17121c97
2026-09-19 13:42:15.495 [JavaFX Application Thread] DEBUG o.e.t.c.t.CreateTaskModalWindowController - createTaskButton.getScene().getWindow() = javafx.stage.Stage@7c19d669
2026-09-19 14:00:14.579 [TaskSchedulerPool housekeeper] WARN  com.zaxxer.hikari.pool.HikariPool - TaskSchedulerPool - Thread starvation or clock leap detected (housekeeper delta=10m13s618ms33µs600ns).
