2026-09-14 15:02:34.244 [JavaFX Application Thread] DEBUG o.e.t.navigation.NavigationManager - Start async loading page: /org/example/taskschedulerdesktop/view/review.fxml
2026-09-14 15:02:35.015 [JavaFX Application Thread] DEBUG o.e.t.navigation.NavigationManager - Page displayed successfully: /org/example/taskschedulerdesktop/view/review.fxml
2026-09-14 15:02:37.492 [JavaFX Application Thread] DEBUG o.e.t.navigation.NavigationManager - Start async loading page: /org/example/taskschedulerdesktop/view/tasks.fxml
2026-09-14 15:02:37.547 [JavaFX Application Thread] DEBUG o.e.t.navigation.NavigationManager - Page displayed successfully: /org/example/taskschedulerdesktop/view/tasks.fxml
2026-09-14 15:02:38.780 [JavaFX Application Thread] DEBUG o.e.t.navigation.NavigationManager - Start async loading page: /org/example/taskschedulerdesktop/view/team.fxml
2026-09-14 15:02:38.985 [JavaFX Application Thread] DEBUG o.e.t.navigation.NavigationManager - Page displayed successfully: /org/example/taskschedulerdesktop/view/team.fxml
2026-09-14 15:02:39.955 [JavaFX Application Thread] DEBUG o.e.t.navigation.NavigationManager - Start async loading page: /org/example/taskschedulerdesktop/view/projects.fxml
2026-09-14 15:02:40.021 [JavaFX Application Thread] DEBUG o.e.t.navigation.NavigationManager - Page displayed successfully: /org/example/taskschedulerdesktop/view/projects.fxml
2026-09-14 15:03:18.549 [JavaFX Application Thread] DEBUG o.e.t.navigation.NavigationManager - Start async loading page: /org/example/taskschedulerdesktop/view/project_extended_page.fxml
2026-09-14 15:03:18.671 [JavaFX Application Thread] DEBUG o.e.t.navigation.NavigationManager - Page displayed successfully: /org/example/taskschedulerdesktop/view/project_extended_page.fxml
2026-09-14 15:04:29.132 [JavaFX Application Thread] DEBUG o.e.t.navigation.NavigationManager - Toast is displayed: Заполните пустые поля
2026-09-14 15:04:29.148 [JavaFX Application Thread] DEBUG o.e.t.navigation.NavigationManager - Close Stage: Новая задача
2026-09-14 15:04:29.174 [JavaFX Application Thread] DEBUG o.e.t.navigation.NavigationManager - Toast is displayed: Задача сохранена
2026-09-14 15:04:29.174 [JavaFX Application Thread] DEBUG o.e.t.c.t.CreateTaskModalWindowController - createTaskButton.getScene() = javafx.scene.Scene@76a509ac
2026-09-14 15:04:29.174 [JavaFX Application Thread] DEBUG o.e.t.c.t.CreateTaskModalWindowController - createTaskButton.getScene().getWindow() = javafx.stage.Stage@48e2871b
2026-09-14 15:04:36.594 [JavaFX Application Thread] DEBUG o.e.t.navigation.NavigationManager - Start async loading page: /org/example/taskschedulerdesktop/view/projects.fxml
2026-09-14 15:04:36.605 [JavaFX Application Thread] DEBUG o.e.t.navigation.NavigationManager - Page displayed successfully: /org/example/taskschedulerdesktop/view/projects.fxml
2026-09-14 15:04:37.546 [JavaFX Application Thread] DEBUG o.e.t.navigation.NavigationManager - Start async loading page: /org/example/taskschedulerdesktop/view/project_extended_page.fxml
2026-09-14 15:04:37.571 [JavaFX Application Thread] DEBUG o.e.t.navigation.NavigationManager - Page displayed successfully: /org/example/taskschedulerdesktop/view/project_extended_page.fxml
2026-09-14 15:04:41.780 [JavaFX Application Thread] DEBUG o.e.t.navigation.NavigationManager - Start async loading page: /org/example/taskschedulerdesktop/view/projects.fxml
2026-09-14 15:04:41.791 [JavaFX Application Thread] DEBUG o.e.t.navigation.NavigationManager - Page displayed successfully: /org/example/taskschedulerdesktop/view/projects.fxml
2026-09-14 15:04:45.633 [JavaFX Application Thread] DEBUG o.e.t.navigation.NavigationManager - Start async loading page: /org/example/taskschedulerdesktop/view/project_extended_page.fxml
2026-09-14 15:04:45.653 [JavaFX Application Thread] DEBUG o.e.t.navigation.NavigationManager - Page displayed successfully: /org/example/taskschedulerdesktop/view/project_extended_page.fxml
2026-09-14 15:04:52.913 [JavaFX Application Thread] DEBUG o.e.t.navigation.NavigationManager - openRightSidebar: path=/org/example/taskschedulerdesktop/view/task_right_sidebar.fxml, context=org.example.taskschedulerdesktop.models.Task@5af5a907
2026-09-14 15:04:52.985 [JavaFX Application Thread] INFO  o.e.t.c.t.TaskRightSidebarController - initialize()
2026-09-14 15:04:52.989 [JavaFX Application Thread] DEBUG o.e.t.navigation.NavigationManager - sidebarController found, calling setContext()
2026-09-14 15:04:52.990 [JavaFX Application Thread] INFO  o.e.t.c.t.TaskRightSidebarController - setContext()
2026-09-14 15:04:52.990 [JavaFX Application Thread] DEBUG o.e.t.c.t.TaskRightSidebarController - context = org.example.taskschedulerdesktop.models.Task@5af5a907
2026-09-14 15:04:52.990 [JavaFX Application Thread] INFO  o.e.t.c.t.TaskRightSidebarController - contextTask saved: фжарлмиажрим
2026-09-14 15:04:52.991 [JavaFX Application Thread] DEBUG o.e.t.c.t.TaskRightSidebarController - updateUI()
2026-09-14 15:04:52.991 [JavaFX Application Thread] DEBUG o.e.t.c.t.TaskRightSidebarController - projectName: Редизайн портала
2026-09-14 15:04:52.992 [JavaFX Application Thread] DEBUG o.e.t.c.t.TaskRightSidebarController - taskName: фжарлмиажрим
2026-09-14 15:04:52.993 [JavaFX Application Thread] DEBUG o.e.t.c.t.TaskRightSidebarController - status: NEW
2026-09-14 15:04:52.993 [JavaFX Application Thread] INFO  o.e.t.c.t.TaskRightSidebarController - UI updated
2026-09-14 15:04:55.077 [JavaFX Application Thread] DEBUG o.e.t.c.t.TaskRightSidebarController - Click on delete button
2026-09-14 15:04:55.077 [JavaFX Application Thread] INFO  o.e.t.c.t.TaskRightSidebarController - Open delete panel for task: фжарлмиажрим
