2026-09-09 00:01:58.317 [JavaFX Application Thread] DEBUG o.e.t.service.task.AsyncTaskService - findNewTasks: request to db...
2026-09-09 00:01:58.381 [pool-2-thread-1] DEBUG o.e.t.service.task.AsyncTaskService - findNewTasks: 1 tasks found
2026-09-09 00:02:00.670 [JavaFX Application Thread] DEBUG o.e.t.navigation.NavigationManager - openRightSidebar: path=/org/example/taskschedulerdesktop/view/task_right_sidebar.fxml, context=org.example.taskschedulerdesktop.models.Task@395131bd
2026-09-09 00:02:00.710 [JavaFX Application Thread] INFO  o.e.t.c.TaskRightSidebarController - initialize()
2026-09-09 00:02:00.712 [JavaFX Application Thread] DEBUG o.e.t.navigation.NavigationManager - sidebarController found, calling setContext()
2026-09-09 00:02:00.719 [JavaFX Application Thread] INFO  o.e.t.c.TaskRightSidebarController - setContext()
2026-09-09 00:02:00.719 [JavaFX Application Thread] DEBUG o.e.t.c.TaskRightSidebarController - context = org.example.taskschedulerdesktop.models.Task@395131bd
2026-09-09 00:02:00.720 [JavaFX Application Thread] INFO  o.e.t.c.TaskRightSidebarController - contextTask saved: Внедрение авторизации
2026-09-09 00:02:00.720 [JavaFX Application Thread] DEBUG o.e.t.c.TaskRightSidebarController - updateUI()
2026-09-09 00:02:00.720 [JavaFX Application Thread] DEBUG o.e.t.c.TaskRightSidebarController - projectName: Мобильное приложение
2026-09-09 00:02:00.720 [JavaFX Application Thread] DEBUG o.e.t.c.TaskRightSidebarController - taskName: Внедрение авторизации
2026-09-09 00:02:00.721 [JavaFX Application Thread] DEBUG o.e.t.c.TaskRightSidebarController - status: NEW
2026-09-09 00:02:00.721 [JavaFX Application Thread] INFO  o.e.t.c.TaskRightSidebarController - UI updated
2026-09-09 00:02:16.462 [JavaFX Application Thread] DEBUG o.e.t.service.task.AsyncTaskService - findNewTasks: request to db...
2026-09-09 00:02:16.502 [pool-2-thread-1] DEBUG o.e.t.service.task.AsyncTaskService - findNewTasks: 1 tasks found
2026-09-09 00:11:24.938 [JavaFX Application Thread] DEBUG o.e.t.service.task.AsyncTaskService - findNewTasks: request to db...
2026-09-09 00:11:24.982 [pool-2-thread-1] DEBUG o.e.t.service.task.AsyncTaskService - findNewTasks: 1 tasks found
2026-09-09 00:11:26.568 [JavaFX Application Thread] DEBUG o.e.t.navigation.NavigationManager - openRightSidebar: path=/org/example/taskschedulerdesktop/view/task_right_sidebar.fxml, context=org.example.taskschedulerdesktop.models.Task@779c6575
2026-09-09 00:11:26.596 [JavaFX Application Thread] INFO  o.e.t.c.TaskRightSidebarController - initialize()
2026-09-09 00:11:26.598 [JavaFX Application Thread] DEBUG o.e.t.navigation.NavigationManager - sidebarController found, calling setContext()
2026-09-09 00:11:26.599 [JavaFX Application Thread] INFO  o.e.t.c.TaskRightSidebarController - setContext()
2026-09-09 00:11:26.599 [JavaFX Application Thread] DEBUG o.e.t.c.TaskRightSidebarController - context = org.example.taskschedulerdesktop.models.Task@779c6575
2026-09-09 00:11:26.600 [JavaFX Application Thread] INFO  o.e.t.c.TaskRightSidebarController - contextTask saved: Внедрение авторизации
2026-09-09 00:11:26.600 [JavaFX Application Thread] DEBUG o.e.t.c.TaskRightSidebarController - updateUI()
2026-09-09 00:11:26.600 [JavaFX Application Thread] DEBUG o.e.t.c.TaskRightSidebarController - projectName: Мобильное приложение
2026-09-09 00:11:26.600 [JavaFX Application Thread] DEBUG o.e.t.c.TaskRightSidebarController - taskName: Внедрение авторизации
2026-09-09 00:11:26.600 [JavaFX Application Thread] DEBUG o.e.t.c.TaskRightSidebarController - status: NEW
2026-09-09 00:11:26.601 [JavaFX Application Thread] INFO  o.e.t.c.TaskRightSidebarController - UI updated
2026-09-09 00:11:54.740 [JavaFX Application Thread] DEBUG o.e.t.service.task.AsyncTaskService - findNewTasks: request to db...
2026-09-09 00:11:54.766 [pool-2-thread-1] DEBUG o.e.t.service.task.AsyncTaskService - findNewTasks: 1 tasks found
2026-09-09 11:50:08.243 [JavaFX Application Thread] DEBUG o.e.t.service.task.AsyncTaskService - findNewTasks: request to db...
2026-09-09 11:50:13.642 [pool-2-thread-1] DEBUG o.e.t.service.task.AsyncTaskService - findNewTasks: 1 tasks found
2026-09-09 11:50:30.142 [JavaFX Application Thread] DEBUG o.e.t.navigation.NavigationManager - openRightSidebar: path=/org/example/taskschedulerdesktop/view/task_right_sidebar.fxml, context=org.example.taskschedulerdesktop.models.Task@7c07b957
2026-09-09 11:50:30.180 [JavaFX Application Thread] INFO  o.e.t.c.TaskRightSidebarController - initialize()
2026-09-09 11:50:30.183 [JavaFX Application Thread] DEBUG o.e.t.navigation.NavigationManager - sidebarController found, calling setContext()
2026-09-09 11:50:30.183 [JavaFX Application Thread] INFO  o.e.t.c.TaskRightSidebarController - setContext()
2026-09-09 11:50:30.183 [JavaFX Application Thread] DEBUG o.e.t.c.TaskRightSidebarController - context = org.example.taskschedulerdesktop.models.Task@7c07b957
2026-09-09 11:50:30.183 [JavaFX Application Thread] INFO  o.e.t.c.TaskRightSidebarController - contextTask saved: Составление ТЗ
2026-09-09 11:50:30.184 [JavaFX Application Thread] DEBUG o.e.t.c.TaskRightSidebarController - updateUI()
2026-09-09 11:50:30.184 [JavaFX Application Thread] DEBUG o.e.t.c.TaskRightSidebarController - projectName: Миграция CRM
2026-09-09 11:50:30.184 [JavaFX Application Thread] DEBUG o.e.t.c.TaskRightSidebarController - taskName: Составление ТЗ
2026-09-09 11:50:30.184 [JavaFX Application Thread] DEBUG o.e.t.c.TaskRightSidebarController - status: UNDER_REVIEW
2026-09-09 11:50:30.184 [JavaFX Application Thread] INFO  o.e.t.c.TaskRightSidebarController - UI updated
2026-09-09 11:51:42.245 [JavaFX Application Thread] DEBUG o.e.t.service.task.AsyncTaskService - findNewTasks: request to db...
2026-09-09 11:51:47.583 [pool-2-thread-1] DEBUG o.e.t.service.task.AsyncTaskService - findNewTasks: 1 tasks found
2026-09-09 11:52:05.203 [JavaFX Application Thread] DEBUG o.e.t.navigation.NavigationManager - openRightSidebar: path=/org/example/taskschedulerdesktop/view/task_right_sidebar.fxml, context=org.example.taskschedulerdesktop.models.Task@5493d710
2026-09-09 11:52:05.242 [JavaFX Application Thread] INFO  o.e.t.c.TaskRightSidebarController - initialize()
2026-09-09 11:52:05.244 [JavaFX Application Thread] DEBUG o.e.t.navigation.NavigationManager - sidebarController found, calling setContext()
2026-09-09 11:52:05.244 [JavaFX Application Thread] INFO  o.e.t.c.TaskRightSidebarController - setContext()
2026-09-09 11:52:05.244 [JavaFX Application Thread] DEBUG o.e.t.c.TaskRightSidebarController - context = org.example.taskschedulerdesktop.models.Task@5493d710
2026-09-09 11:52:05.244 [JavaFX Application Thread] INFO  o.e.t.c.TaskRightSidebarController - contextTask saved: Внедрение авторизации
2026-09-09 11:52:05.244 [JavaFX Application Thread] DEBUG o.e.t.c.TaskRightSidebarController - updateUI()
2026-09-09 11:52:05.244 [JavaFX Application Thread] DEBUG o.e.t.c.TaskRightSidebarController - projectName: Мобильное приложение
2026-09-09 11:52:05.245 [JavaFX Application Thread] DEBUG o.e.t.c.TaskRightSidebarController - taskName: Внедрение авторизации
2026-09-09 11:52:05.245 [JavaFX Application Thread] DEBUG o.e.t.c.TaskRightSidebarController - status: NEW
2026-09-09 11:52:05.245 [JavaFX Application Thread] INFO  o.e.t.c.TaskRightSidebarController - UI updated
2026-09-09 11:52:06.311 [JavaFX Application Thread] DEBUG o.e.t.c.TaskRightSidebarController - Click on delete button
2026-09-09 11:52:06.311 [JavaFX Application Thread] INFO  o.e.t.c.TaskRightSidebarController - Open deleting dialog window for task: Внедрение авторизации
2026-09-09 15:08:36.002 [JavaFX Application Thread] DEBUG o.e.t.service.task.AsyncTaskService - findNewTasks: request to db...
2026-09-09 15:08:41.382 [pool-2-thread-1] DEBUG o.e.t.service.task.AsyncTaskService - findNewTasks: 1 tasks found
2026-09-09 15:09:24.837 [JavaFX Application Thread] DEBUG o.e.t.navigation.NavigationManager - openRightSidebar: path=/org/example/taskschedulerdesktop/view/task_right_sidebar.fxml, context=org.example.taskschedulerdesktop.models.Task@2d9e7add
2026-09-09 15:09:24.865 [JavaFX Application Thread] INFO  o.e.t.c.TaskRightSidebarController - initialize()
2026-09-09 15:09:24.866 [JavaFX Application Thread] DEBUG o.e.t.navigation.NavigationManager - sidebarController found, calling setContext()
2026-09-09 15:09:24.866 [JavaFX Application Thread] INFO  o.e.t.c.TaskRightSidebarController - setContext()
2026-09-09 15:09:24.866 [JavaFX Application Thread] DEBUG o.e.t.c.TaskRightSidebarController - context = org.example.taskschedulerdesktop.models.Task@2d9e7add
2026-09-09 15:09:24.866 [JavaFX Application Thread] INFO  o.e.t.c.TaskRightSidebarController - contextTask saved: Внедрение авторизации
2026-09-09 15:09:24.867 [JavaFX Application Thread] DEBUG o.e.t.c.TaskRightSidebarController - updateUI()
2026-09-09 15:09:24.867 [JavaFX Application Thread] DEBUG o.e.t.c.TaskRightSidebarController - projectName: Мобильное приложение
2026-09-09 15:09:24.867 [JavaFX Application Thread] DEBUG o.e.t.c.TaskRightSidebarController - taskName: Внедрение авторизации
2026-09-09 15:09:24.867 [JavaFX Application Thread] DEBUG o.e.t.c.TaskRightSidebarController - status: NEW
2026-09-09 15:09:24.867 [JavaFX Application Thread] INFO  o.e.t.c.TaskRightSidebarController - UI updated
2026-09-09 15:09:26.305 [JavaFX Application Thread] DEBUG o.e.t.c.TaskRightSidebarController - Click on delete button
2026-09-09 15:09:26.305 [JavaFX Application Thread] INFO  o.e.t.c.TaskRightSidebarController - Open delete panel for task: Внедрение авторизации
2026-09-09 15:09:32.745 [JavaFX Application Thread] DEBUG o.e.t.navigation.NavigationManager - Toast is displayed: Задача удалена
2026-09-09 15:09:38.819 [JavaFX Application Thread] DEBUG o.e.t.service.task.AsyncTaskService - findNewTasks: request to db...
2026-09-09 15:09:44.096 [pool-2-thread-1] DEBUG o.e.t.service.task.AsyncTaskService - findNewTasks: 0 tasks found
2026-09-09 15:10:00.431 [JavaFX Application Thread] DEBUG o.e.t.navigation.NavigationManager - openRightSidebar: path=/org/example/taskschedulerdesktop/view/task_right_sidebar.fxml, context=org.example.taskschedulerdesktop.models.Task@7e33ff4a
2026-09-09 15:10:00.442 [JavaFX Application Thread] INFO  o.e.t.c.TaskRightSidebarController - initialize()
2026-09-09 15:10:00.443 [JavaFX Application Thread] DEBUG o.e.t.navigation.NavigationManager - sidebarController found, calling setContext()
2026-09-09 15:10:00.443 [JavaFX Application Thread] INFO  o.e.t.c.TaskRightSidebarController - setContext()
2026-09-09 15:10:00.443 [JavaFX Application Thread] DEBUG o.e.t.c.TaskRightSidebarController - context = org.example.taskschedulerdesktop.models.Task@7e33ff4a
2026-09-09 15:10:00.443 [JavaFX Application Thread] INFO  o.e.t.c.TaskRightSidebarController - contextTask saved: Подбор персонала
2026-09-09 15:10:00.443 [JavaFX Application Thread] DEBUG o.e.t.c.TaskRightSidebarController - updateUI()
2026-09-09 15:10:00.443 [JavaFX Application Thread] DEBUG o.e.t.c.TaskRightSidebarController - projectName: Редизайн портала
2026-09-09 15:10:00.443 [JavaFX Application Thread] DEBUG o.e.t.c.TaskRightSidebarController - taskName: Подбор персонала
2026-09-09 15:10:00.443 [JavaFX Application Thread] DEBUG o.e.t.c.TaskRightSidebarController - status: COMPLETED
2026-09-09 15:10:00.443 [JavaFX Application Thread] INFO  o.e.t.c.TaskRightSidebarController - UI updated
2026-09-09 15:10:01.658 [JavaFX Application Thread] DEBUG o.e.t.c.TaskRightSidebarController - Click on delete button
2026-09-09 15:10:01.658 [JavaFX Application Thread] INFO  o.e.t.c.TaskRightSidebarController - Open delete panel for task: Подбор персонала
2026-09-09 15:10:06.775 [JavaFX Application Thread] DEBUG o.e.t.c.TaskRightSidebarController - Click on button accept
2026-09-09 15:10:07.754 [JavaFX Application Thread] DEBUG o.e.t.c.TaskRightSidebarController - Click on edit button
2026-09-09 15:10:07.755 [JavaFX Application Thread] INFO  o.e.t.c.TaskRightSidebarController - Open edit sidebar for task: Подбор персонала
2026-09-09 15:10:07.755 [JavaFX Application Thread] DEBUG o.e.t.navigation.NavigationManager - openRightSidebar: path=/org/example/taskschedulerdesktop/view/edit_task_right_sidebar.fxml, context=org.example.taskschedulerdesktop.models.Task@7e33ff4a
2026-09-09 15:10:07.802 [JavaFX Application Thread] INFO  o.e.t.c.EditTaskRightSidebarController - initialize()
2026-09-09 15:10:07.802 [JavaFX Application Thread] DEBUG o.e.t.navigation.NavigationManager - sidebarController found, calling setContext()
2026-09-09 15:10:21.622 [JavaFX Application Thread] DEBUG o.e.t.navigation.NavigationManager - openRightSidebar: path=/org/example/taskschedulerdesktop/view/task_right_sidebar.fxml, context=org.example.taskschedulerdesktop.models.Task@48668b65
2026-09-09 15:10:21.631 [JavaFX Application Thread] INFO  o.e.t.c.TaskRightSidebarController - initialize()
2026-09-09 15:10:21.631 [JavaFX Application Thread] DEBUG o.e.t.navigation.NavigationManager - sidebarController found, calling setContext()
2026-09-09 15:10:21.631 [JavaFX Application Thread] INFO  o.e.t.c.TaskRightSidebarController - setContext()
2026-09-09 15:10:21.631 [JavaFX Application Thread] DEBUG o.e.t.c.TaskRightSidebarController - context = org.example.taskschedulerdesktop.models.Task@48668b65
2026-09-09 15:10:21.633 [JavaFX Application Thread] INFO  o.e.t.c.TaskRightSidebarController - contextTask saved: Составление ТЗ
2026-09-09 15:10:21.633 [JavaFX Application Thread] DEBUG o.e.t.c.TaskRightSidebarController - updateUI()
2026-09-09 15:10:21.633 [JavaFX Application Thread] DEBUG o.e.t.c.TaskRightSidebarController - projectName: Миграция CRM
2026-09-09 15:10:21.633 [JavaFX Application Thread] DEBUG o.e.t.c.TaskRightSidebarController - taskName: Составление ТЗ
2026-09-09 15:10:21.633 [JavaFX Application Thread] DEBUG o.e.t.c.TaskRightSidebarController - status: UNDER_REVIEW
2026-09-09 15:10:21.633 [JavaFX Application Thread] INFO  o.e.t.c.TaskRightSidebarController - UI updated
2026-09-09 15:10:24.268 [JavaFX Application Thread] DEBUG o.e.t.navigation.NavigationManager - openRightSidebar: path=/org/example/taskschedulerdesktop/view/task_right_sidebar.fxml, context=org.example.taskschedulerdesktop.models.Task@7e33ff4a
2026-09-09 15:10:24.279 [JavaFX Application Thread] INFO  o.e.t.c.TaskRightSidebarController - initialize()
2026-09-09 15:10:24.280 [JavaFX Application Thread] DEBUG o.e.t.navigation.NavigationManager - sidebarController found, calling setContext()
2026-09-09 15:10:24.280 [JavaFX Application Thread] INFO  o.e.t.c.TaskRightSidebarController - setContext()
2026-09-09 15:10:24.280 [JavaFX Application Thread] DEBUG o.e.t.c.TaskRightSidebarController - context = org.example.taskschedulerdesktop.models.Task@7e33ff4a
2026-09-09 15:10:24.280 [JavaFX Application Thread] INFO  o.e.t.c.TaskRightSidebarController - contextTask saved: Подбор персонала
2026-09-09 15:10:24.280 [JavaFX Application Thread] DEBUG o.e.t.c.TaskRightSidebarController - updateUI()
2026-09-09 15:10:24.280 [JavaFX Application Thread] DEBUG o.e.t.c.TaskRightSidebarController - projectName: Редизайн портала
2026-09-09 15:10:24.280 [JavaFX Application Thread] DEBUG o.e.t.c.TaskRightSidebarController - taskName: Подбор персонала
2026-09-09 15:10:24.280 [JavaFX Application Thread] DEBUG o.e.t.c.TaskRightSidebarController - status: COMPLETED
2026-09-09 15:10:24.280 [JavaFX Application Thread] INFO  o.e.t.c.TaskRightSidebarController - UI updated
2026-09-09 15:10:27.909 [JavaFX Application Thread] DEBUG o.e.t.navigation.NavigationManager - openRightSidebar: path=/org/example/taskschedulerdesktop/view/task_right_sidebar.fxml, context=org.example.taskschedulerdesktop.models.Task@48668b65
2026-09-09 15:10:27.921 [JavaFX Application Thread] INFO  o.e.t.c.TaskRightSidebarController - initialize()
2026-09-09 15:10:27.921 [JavaFX Application Thread] DEBUG o.e.t.navigation.NavigationManager - sidebarController found, calling setContext()
2026-09-09 15:10:27.921 [JavaFX Application Thread] INFO  o.e.t.c.TaskRightSidebarController - setContext()
2026-09-09 15:10:27.921 [JavaFX Application Thread] DEBUG o.e.t.c.TaskRightSidebarController - context = org.example.taskschedulerdesktop.models.Task@48668b65
2026-09-09 15:10:27.921 [JavaFX Application Thread] INFO  o.e.t.c.TaskRightSidebarController - contextTask saved: Составление ТЗ
2026-09-09 15:10:27.921 [JavaFX Application Thread] DEBUG o.e.t.c.TaskRightSidebarController - updateUI()
2026-09-09 15:10:27.921 [JavaFX Application Thread] DEBUG o.e.t.c.TaskRightSidebarController - projectName: Миграция CRM
2026-09-09 15:10:27.922 [JavaFX Application Thread] DEBUG o.e.t.c.TaskRightSidebarController - taskName: Составление ТЗ
2026-09-09 15:10:27.922 [JavaFX Application Thread] DEBUG o.e.t.c.TaskRightSidebarController - status: UNDER_REVIEW
2026-09-09 15:10:27.922 [JavaFX Application Thread] INFO  o.e.t.c.TaskRightSidebarController - UI updated
2026-09-09 15:10:30.757 [JavaFX Application Thread] DEBUG o.e.t.c.TaskRightSidebarController - Click on edit button
2026-09-09 15:10:30.759 [JavaFX Application Thread] INFO  o.e.t.c.TaskRightSidebarController - Open edit sidebar for task: Составление ТЗ
2026-09-09 15:10:30.759 [JavaFX Application Thread] DEBUG o.e.t.navigation.NavigationManager - openRightSidebar: path=/org/example/taskschedulerdesktop/view/edit_task_right_sidebar.fxml, context=org.example.taskschedulerdesktop.models.Task@48668b65
2026-09-09 15:10:30.767 [JavaFX Application Thread] INFO  o.e.t.c.EditTaskRightSidebarController - initialize()
2026-09-09 15:10:30.767 [JavaFX Application Thread] DEBUG o.e.t.navigation.NavigationManager - sidebarController found, calling setContext()
2026-09-09 15:15:31.855 [JavaFX Application Thread] DEBUG o.e.t.navigation.NavigationManager - Toast is displayed: Заполните пустые поля
2026-09-09 15:15:44.758 [JavaFX Application Thread] DEBUG o.e.t.navigation.NavigationManager - Toast is displayed: Задача сохранена
2026-09-09 16:53:26.227 [JavaFX Application Thread] DEBUG o.e.t.navigation.NavigationManager - Toast is displayed: Задача сохранена
2026-09-09 16:58:15.235 [JavaFX Application Thread] DEBUG o.e.t.service.task.AsyncTaskService - findNewTasks: request to db...
2026-09-09 16:58:20.495 [pool-2-thread-1] DEBUG o.e.t.service.task.AsyncTaskService - findNewTasks: 2 tasks found
2026-09-09 16:58:38.866 [JavaFX Application Thread] DEBUG o.e.t.navigation.NavigationManager - openRightSidebar: path=/org/example/taskschedulerdesktop/view/task_right_sidebar.fxml, context=org.example.taskschedulerdesktop.models.Task@7c3edcc1
2026-09-09 16:58:38.881 [JavaFX Application Thread] INFO  o.e.t.c.TaskRightSidebarController - initialize()
2026-09-09 16:58:38.883 [JavaFX Application Thread] DEBUG o.e.t.navigation.NavigationManager - sidebarController found, calling setContext()
2026-09-09 16:58:38.883 [JavaFX Application Thread] INFO  o.e.t.c.TaskRightSidebarController - setContext()
2026-09-09 16:58:38.883 [JavaFX Application Thread] DEBUG o.e.t.c.TaskRightSidebarController - context = org.example.taskschedulerdesktop.models.Task@7c3edcc1
2026-09-09 16:58:38.883 [JavaFX Application Thread] INFO  o.e.t.c.TaskRightSidebarController - contextTask saved: Приемка товара
2026-09-09 16:58:38.884 [JavaFX Application Thread] DEBUG o.e.t.c.TaskRightSidebarController - updateUI()
2026-09-09 16:58:38.884 [JavaFX Application Thread] DEBUG o.e.t.c.TaskRightSidebarController - projectName: Миграция CRM
2026-09-09 16:58:38.884 [JavaFX Application Thread] DEBUG o.e.t.c.TaskRightSidebarController - taskName: Приемка товара
2026-09-09 16:58:38.884 [JavaFX Application Thread] DEBUG o.e.t.c.TaskRightSidebarController - status: NEW
2026-09-09 16:58:38.884 [JavaFX Application Thread] INFO  o.e.t.c.TaskRightSidebarController - UI updated
2026-09-09 16:59:37.007 [JavaFX Application Thread] DEBUG o.e.t.navigation.NavigationManager - Toast is displayed: Задача сохранена
2026-09-09 16:59:44.353 [JavaFX Application Thread] DEBUG o.e.t.service.task.AsyncTaskService - findNewTasks: request to db...
2026-09-09 16:59:49.614 [pool-2-thread-1] DEBUG o.e.t.service.task.AsyncTaskService - findNewTasks: 3 tasks found
2026-09-09 17:04:57.705 [JavaFX Application Thread] DEBUG o.e.t.navigation.NavigationManager - openRightSidebar: path=/org/example/taskschedulerdesktop/view/task_right_sidebar.fxml, context=org.example.taskschedulerdesktop.models.Task@5599d94
2026-09-09 17:04:57.716 [JavaFX Application Thread] INFO  o.e.t.c.TaskRightSidebarController - initialize()
2026-09-09 17:04:57.716 [JavaFX Application Thread] DEBUG o.e.t.navigation.NavigationManager - sidebarController found, calling setContext()
2026-09-09 17:04:57.716 [JavaFX Application Thread] INFO  o.e.t.c.TaskRightSidebarController - setContext()
2026-09-09 17:04:57.716 [JavaFX Application Thread] DEBUG o.e.t.c.TaskRightSidebarController - context = org.example.taskschedulerdesktop.models.Task@5599d94
2026-09-09 17:04:57.717 [JavaFX Application Thread] INFO  o.e.t.c.TaskRightSidebarController - contextTask saved: Тестирование оболочки
2026-09-09 17:04:57.717 [JavaFX Application Thread] DEBUG o.e.t.c.TaskRightSidebarController - updateUI()
2026-09-09 17:04:57.717 [JavaFX Application Thread] DEBUG o.e.t.c.TaskRightSidebarController - projectName: Мобильное приложение
2026-09-09 17:04:57.717 [JavaFX Application Thread] DEBUG o.e.t.c.TaskRightSidebarController - taskName: Тестирование оболочки
2026-09-09 17:04:57.717 [JavaFX Application Thread] DEBUG o.e.t.c.TaskRightSidebarController - status: NEW
2026-09-09 17:04:57.717 [JavaFX Application Thread] INFO  o.e.t.c.TaskRightSidebarController - UI updated
2026-09-09 17:35:18.355 [JavaFX Application Thread] DEBUG o.e.t.service.task.AsyncTaskService - findNewTasks: request to db...
2026-09-09 17:35:23.634 [pool-2-thread-1] DEBUG o.e.t.service.task.AsyncTaskService - findNewTasks: 3 tasks found
2026-09-09 17:35:25.346 [JavaFX Application Thread] DEBUG o.e.t.navigation.NavigationManager - openRightSidebar: path=/org/example/taskschedulerdesktop/view/task_right_sidebar.fxml, context=org.example.taskschedulerdesktop.models.Task@2373156d
2026-09-09 17:35:25.363 [JavaFX Application Thread] INFO  o.e.t.c.TaskRightSidebarController - initialize()
2026-09-09 17:35:25.364 [JavaFX Application Thread] DEBUG o.e.t.navigation.NavigationManager - sidebarController found, calling setContext()
2026-09-09 17:35:25.364 [JavaFX Application Thread] INFO  o.e.t.c.TaskRightSidebarController - setContext()
2026-09-09 17:35:25.364 [JavaFX Application Thread] DEBUG o.e.t.c.TaskRightSidebarController - context = org.example.taskschedulerdesktop.models.Task@2373156d
2026-09-09 17:35:25.364 [JavaFX Application Thread] INFO  o.e.t.c.TaskRightSidebarController - contextTask saved: Приемка товара
2026-09-09 17:35:25.364 [JavaFX Application Thread] DEBUG o.e.t.c.TaskRightSidebarController - updateUI()
2026-09-09 17:35:25.364 [JavaFX Application Thread] DEBUG o.e.t.c.TaskRightSidebarController - projectName: Миграция CRM
2026-09-09 17:35:25.364 [JavaFX Application Thread] DEBUG o.e.t.c.TaskRightSidebarController - taskName: Приемка товара
2026-09-09 17:35:25.365 [JavaFX Application Thread] DEBUG o.e.t.c.TaskRightSidebarController - status: NEW
2026-09-09 17:35:25.365 [JavaFX Application Thread] INFO  o.e.t.c.TaskRightSidebarController - UI updated
2026-09-09 17:35:26.446 [JavaFX Application Thread] DEBUG o.e.t.navigation.NavigationManager - openRightSidebar: path=/org/example/taskschedulerdesktop/view/task_right_sidebar.fxml, context=org.example.taskschedulerdesktop.models.Task@2373156d
2026-09-09 17:35:26.459 [JavaFX Application Thread] INFO  o.e.t.c.TaskRightSidebarController - initialize()
2026-09-09 17:35:26.459 [JavaFX Application Thread] DEBUG o.e.t.navigation.NavigationManager - sidebarController found, calling setContext()
2026-09-09 17:35:26.459 [JavaFX Application Thread] INFO  o.e.t.c.TaskRightSidebarController - setContext()
2026-09-09 17:35:26.459 [JavaFX Application Thread] DEBUG o.e.t.c.TaskRightSidebarController - context = org.example.taskschedulerdesktop.models.Task@2373156d
2026-09-09 17:35:26.459 [JavaFX Application Thread] INFO  o.e.t.c.TaskRightSidebarController - contextTask saved: Приемка товара
2026-09-09 17:35:26.459 [JavaFX Application Thread] DEBUG o.e.t.c.TaskRightSidebarController - updateUI()
2026-09-09 17:35:26.459 [JavaFX Application Thread] DEBUG o.e.t.c.TaskRightSidebarController - projectName: Миграция CRM
2026-09-09 17:35:26.459 [JavaFX Application Thread] DEBUG o.e.t.c.TaskRightSidebarController - taskName: Приемка товара
2026-09-09 17:35:26.459 [JavaFX Application Thread] DEBUG o.e.t.c.TaskRightSidebarController - status: NEW
2026-09-09 17:35:26.459 [JavaFX Application Thread] INFO  o.e.t.c.TaskRightSidebarController - UI updated
2026-09-09 17:35:43.539 [JavaFX Application Thread] DEBUG o.e.t.navigation.NavigationManager - Toast is displayed: Заполните пустые поля
2026-09-09 17:35:52.608 [JavaFX Application Thread] DEBUG o.e.t.navigation.NavigationManager - Toast is displayed: Задача сохранена
2026-09-09 17:41:32.350 [JavaFX Application Thread] DEBUG o.e.t.service.task.AsyncTaskService - findNewTasks: request to db...
2026-09-09 17:41:37.634 [pool-2-thread-1] DEBUG o.e.t.service.task.AsyncTaskService - findNewTasks: 4 tasks found
2026-09-09 17:41:57.995 [JavaFX Application Thread] DEBUG o.e.t.navigation.NavigationManager - Dialog closed
2026-09-09 17:41:58.024 [JavaFX Application Thread] DEBUG o.e.t.navigation.NavigationManager - Toast is displayed: Задача сохранена
2026-09-09 17:41:58.045 [JavaFX Application Thread] DEBUG o.e.t.navigation.NavigationManager - openRightSidebar: path=/org/example/taskschedulerdesktop/view/task_right_sidebar.fxml, context=org.example.taskschedulerdesktop.models.Task@1245238
2026-09-09 17:41:58.062 [JavaFX Application Thread] INFO  o.e.t.c.TaskRightSidebarController - initialize()
2026-09-09 17:41:58.064 [JavaFX Application Thread] DEBUG o.e.t.navigation.NavigationManager - sidebarController found, calling setContext()
2026-09-09 17:41:58.064 [JavaFX Application Thread] INFO  o.e.t.c.TaskRightSidebarController - setContext()
2026-09-09 17:41:58.064 [JavaFX Application Thread] DEBUG o.e.t.c.TaskRightSidebarController - context = org.example.taskschedulerdesktop.models.Task@1245238
2026-09-09 17:41:58.064 [JavaFX Application Thread] INFO  o.e.t.c.TaskRightSidebarController - contextTask saved: Подбор персонала
2026-09-09 17:41:58.064 [JavaFX Application Thread] DEBUG o.e.t.c.TaskRightSidebarController - updateUI()
2026-09-09 17:41:58.064 [JavaFX Application Thread] DEBUG o.e.t.c.TaskRightSidebarController - projectName: Редизайн портала
2026-09-09 17:41:58.064 [JavaFX Application Thread] DEBUG o.e.t.c.TaskRightSidebarController - taskName: Подбор персонала
2026-09-09 17:41:58.065 [JavaFX Application Thread] DEBUG o.e.t.c.TaskRightSidebarController - status: COMPLETED
2026-09-09 17:41:58.065 [JavaFX Application Thread] INFO  o.e.t.c.TaskRightSidebarController - UI updated
2026-09-09 17:42:18.904 [JavaFX Application Thread] DEBUG o.e.t.navigation.NavigationManager - Dialog closed
2026-09-09 17:42:18.928 [JavaFX Application Thread] DEBUG o.e.t.navigation.NavigationManager - Toast is displayed: Задача сохранена
2026-09-09 17:50:55.378 [JavaFX Application Thread] DEBUG o.e.t.service.task.AsyncTaskService - findNewTasks: request to db...
2026-09-09 17:51:00.670 [pool-2-thread-1] DEBUG o.e.t.service.task.AsyncTaskService - findNewTasks: 6 tasks found
2026-09-09 17:51:15.749 [JavaFX Application Thread] DEBUG o.e.t.c.CreateTaskModalWindowController - createTaskButton.getScene() = javafx.scene.Scene@43b25dff
2026-09-09 17:51:15.750 [JavaFX Application Thread] DEBUG o.e.t.c.CreateTaskModalWindowController - createTaskButton.getScene().getWindow() = javafx.stage.Stage@26aabf07
2026-09-09 17:51:15.750 [JavaFX Application Thread] DEBUG o.e.t.navigation.NavigationManager - Close Stage: Новая задача
2026-09-09 17:51:15.784 [JavaFX Application Thread] DEBUG o.e.t.navigation.NavigationManager - Toast is displayed: Задача сохранена
2026-09-09 17:53:22.375 [JavaFX Application Thread] DEBUG o.e.t.service.task.AsyncTaskService - findNewTasks: request to db...
2026-09-09 17:53:27.653 [pool-2-thread-1] DEBUG o.e.t.service.task.AsyncTaskService - findNewTasks: 7 tasks found
2026-09-09 17:53:37.783 [JavaFX Application Thread] DEBUG o.e.t.c.CreateTaskModalWindowController - createTaskButton.getScene() = javafx.scene.Scene@72b54c3c
2026-09-09 17:53:37.784 [JavaFX Application Thread] DEBUG o.e.t.c.CreateTaskModalWindowController - createTaskButton.getScene().getWindow() = javafx.stage.Stage@558cbc34
2026-09-09 17:53:37.784 [JavaFX Application Thread] DEBUG o.e.t.navigation.NavigationManager - Close Stage: Новая задача
2026-09-09 17:53:37.811 [JavaFX Application Thread] DEBUG o.e.t.navigation.NavigationManager - Toast is displayed: Задача сохранена
2026-09-09 17:54:29.977 [JavaFX Application Thread] DEBUG o.e.t.c.CreateTaskModalWindowController - createTaskButton.getScene() = javafx.scene.Scene@7429082d
2026-09-09 17:54:29.977 [JavaFX Application Thread] DEBUG o.e.t.c.CreateTaskModalWindowController - createTaskButton.getScene().getWindow() = javafx.stage.Stage@71cb64e9
2026-09-09 17:54:29.977 [JavaFX Application Thread] DEBUG o.e.t.navigation.NavigationManager - Close Stage: Новая задача
2026-09-09 17:54:30.001 [JavaFX Application Thread] DEBUG o.e.t.navigation.NavigationManager - Toast is displayed: Задача сохранена
2026-09-09 17:56:27.303 [JavaFX Application Thread] DEBUG o.e.t.service.task.AsyncTaskService - findNewTasks: request to db...
2026-09-09 17:56:32.664 [pool-2-thread-1] DEBUG o.e.t.service.task.AsyncTaskService - findNewTasks: 8 tasks found
2026-09-09 17:56:53.271 [JavaFX Application Thread] DEBUG o.e.t.c.CreateTaskModalWindowController - createTaskButton.getScene() = javafx.scene.Scene@40fe82e7
2026-09-09 17:56:53.271 [JavaFX Application Thread] DEBUG o.e.t.c.CreateTaskModalWindowController - createTaskButton.getScene().getWindow() = javafx.stage.Stage@bc4f7cc
2026-09-09 17:56:53.271 [JavaFX Application Thread] DEBUG o.e.t.navigation.NavigationManager - Close Stage: Новая задача
2026-09-09 17:56:53.290 [JavaFX Application Thread] DEBUG o.e.t.navigation.NavigationManager - Toast is displayed: Задача сохранена
2026-09-09 18:01:25.368 [JavaFX Application Thread] DEBUG o.e.t.navigation.NavigationManager - openRightSidebar: path=/org/example/taskschedulerdesktop/view/task_right_sidebar.fxml, context=org.example.taskschedulerdesktop.models.Task@76ce2206
2026-09-09 18:01:25.382 [JavaFX Application Thread] INFO  o.e.t.c.TaskRightSidebarController - initialize()
2026-09-09 18:01:25.383 [JavaFX Application Thread] DEBUG o.e.t.navigation.NavigationManager - sidebarController found, calling setContext()
2026-09-09 18:01:25.384 [JavaFX Application Thread] INFO  o.e.t.c.TaskRightSidebarController - setContext()
2026-09-09 18:01:25.384 [JavaFX Application Thread] DEBUG o.e.t.c.TaskRightSidebarController - context = org.example.taskschedulerdesktop.models.Task@76ce2206
2026-09-09 18:01:25.384 [JavaFX Application Thread] INFO  o.e.t.c.TaskRightSidebarController - contextTask saved: Приемка товара
2026-09-09 18:01:25.384 [JavaFX Application Thread] DEBUG o.e.t.c.TaskRightSidebarController - updateUI()
2026-09-09 18:01:25.384 [JavaFX Application Thread] DEBUG o.e.t.c.TaskRightSidebarController - projectName: Миграция CRM
2026-09-09 18:01:25.384 [JavaFX Application Thread] DEBUG o.e.t.c.TaskRightSidebarController - taskName: Приемка товара
2026-09-09 18:01:25.384 [JavaFX Application Thread] DEBUG o.e.t.c.TaskRightSidebarController - status: NEW
2026-09-09 18:01:25.384 [JavaFX Application Thread] INFO  o.e.t.c.TaskRightSidebarController - UI updated
2026-09-09 18:01:27.390 [JavaFX Application Thread] DEBUG o.e.t.navigation.NavigationManager - openRightSidebar: path=/org/example/taskschedulerdesktop/view/task_right_sidebar.fxml, context=org.example.taskschedulerdesktop.models.Task@18987e16
2026-09-09 18:01:27.403 [JavaFX Application Thread] INFO  o.e.t.c.TaskRightSidebarController - initialize()
2026-09-09 18:01:27.403 [JavaFX Application Thread] DEBUG o.e.t.navigation.NavigationManager - sidebarController found, calling setContext()
2026-09-09 18:01:27.403 [JavaFX Application Thread] INFO  o.e.t.c.TaskRightSidebarController - setContext()
2026-09-09 18:01:27.403 [JavaFX Application Thread] DEBUG o.e.t.c.TaskRightSidebarController - context = org.example.taskschedulerdesktop.models.Task@18987e16
2026-09-09 18:01:27.403 [JavaFX Application Thread] INFO  o.e.t.c.TaskRightSidebarController - contextTask saved: bsn;jnvj g/j
2026-09-09 18:01:27.403 [JavaFX Application Thread] DEBUG o.e.t.c.TaskRightSidebarController - updateUI()
2026-09-09 18:01:27.403 [JavaFX Application Thread] DEBUG o.e.t.c.TaskRightSidebarController - projectName: Миграция CRM
2026-09-09 18:01:27.404 [JavaFX Application Thread] DEBUG o.e.t.c.TaskRightSidebarController - taskName: bsn;jnvj g/j
2026-09-09 18:01:27.404 [JavaFX Application Thread] DEBUG o.e.t.c.TaskRightSidebarController - status: NEW
2026-09-09 18:01:27.404 [JavaFX Application Thread] INFO  o.e.t.c.TaskRightSidebarController - UI updated
2026-09-09 18:01:28.576 [JavaFX Application Thread] DEBUG o.e.t.c.TaskRightSidebarController - Click on delete button
2026-09-09 18:01:28.576 [JavaFX Application Thread] INFO  o.e.t.c.TaskRightSidebarController - Open delete panel for task: bsn;jnvj g/j
2026-09-09 18:01:34.510 [JavaFX Application Thread] DEBUG o.e.t.navigation.NavigationManager - Toast is displayed: Задача удалена
2026-09-09 18:01:38.352 [JavaFX Application Thread] DEBUG o.e.t.navigation.NavigationManager - openRightSidebar: path=/org/example/taskschedulerdesktop/view/task_right_sidebar.fxml, context=org.example.taskschedulerdesktop.models.Task@18987e16
2026-09-09 18:01:38.365 [JavaFX Application Thread] INFO  o.e.t.c.TaskRightSidebarController - initialize()
2026-09-09 18:01:38.365 [JavaFX Application Thread] DEBUG o.e.t.navigation.NavigationManager - sidebarController found, calling setContext()
2026-09-09 18:01:38.365 [JavaFX Application Thread] INFO  o.e.t.c.TaskRightSidebarController - setContext()
2026-09-09 18:01:38.365 [JavaFX Application Thread] DEBUG o.e.t.c.TaskRightSidebarController - context = org.example.taskschedulerdesktop.models.Task@18987e16
2026-09-09 18:01:38.365 [JavaFX Application Thread] INFO  o.e.t.c.TaskRightSidebarController - contextTask saved: bsn;jnvj g/j
2026-09-09 18:01:38.365 [JavaFX Application Thread] DEBUG o.e.t.c.TaskRightSidebarController - updateUI()
2026-09-09 18:01:38.365 [JavaFX Application Thread] DEBUG o.e.t.c.TaskRightSidebarController - projectName: Миграция CRM
2026-09-09 18:01:38.365 [JavaFX Application Thread] DEBUG o.e.t.c.TaskRightSidebarController - taskName: bsn;jnvj g/j
2026-09-09 18:01:38.365 [JavaFX Application Thread] DEBUG o.e.t.c.TaskRightSidebarController - status: NEW
2026-09-09 18:01:38.365 [JavaFX Application Thread] INFO  o.e.t.c.TaskRightSidebarController - UI updated
2026-09-09 18:01:39.609 [JavaFX Application Thread] DEBUG o.e.t.c.TaskRightSidebarController - Click on delete button
2026-09-09 18:01:39.609 [JavaFX Application Thread] INFO  o.e.t.c.TaskRightSidebarController - Open delete panel for task: bsn;jnvj g/j
2026-09-09 18:01:45.511 [JavaFX Application Thread] DEBUG o.e.t.navigation.NavigationManager - Toast is displayed: Задача удалена
2026-09-09 18:01:47.222 [JavaFX Application Thread] DEBUG o.e.t.navigation.NavigationManager - openRightSidebar: path=/org/example/taskschedulerdesktop/view/task_right_sidebar.fxml, context=org.example.taskschedulerdesktop.models.Task@555d6386
2026-09-09 18:01:47.233 [JavaFX Application Thread] INFO  o.e.t.c.TaskRightSidebarController - initialize()
2026-09-09 18:01:47.233 [JavaFX Application Thread] DEBUG o.e.t.navigation.NavigationManager - sidebarController found, calling setContext()
2026-09-09 18:01:47.233 [JavaFX Application Thread] INFO  o.e.t.c.TaskRightSidebarController - setContext()
2026-09-09 18:01:47.233 [JavaFX Application Thread] DEBUG o.e.t.c.TaskRightSidebarController - context = org.example.taskschedulerdesktop.models.Task@555d6386
2026-09-09 18:01:47.233 [JavaFX Application Thread] INFO  o.e.t.c.TaskRightSidebarController - contextTask saved: n'RGOBEo
2026-09-09 18:01:47.233 [JavaFX Application Thread] DEBUG o.e.t.c.TaskRightSidebarController - updateUI()
2026-09-09 18:01:47.233 [JavaFX Application Thread] DEBUG o.e.t.c.TaskRightSidebarController - projectName: Мобильное приложение
2026-09-09 18:01:47.233 [JavaFX Application Thread] DEBUG o.e.t.c.TaskRightSidebarController - taskName: n'RGOBEo
2026-09-09 18:01:47.233 [JavaFX Application Thread] DEBUG o.e.t.c.TaskRightSidebarController - status: NEW
2026-09-09 18:01:47.233 [JavaFX Application Thread] INFO  o.e.t.c.TaskRightSidebarController - UI updated
2026-09-09 18:01:48.439 [JavaFX Application Thread] DEBUG o.e.t.c.TaskRightSidebarController - Click on delete button
2026-09-09 18:01:48.439 [JavaFX Application Thread] INFO  o.e.t.c.TaskRightSidebarController - Open delete panel for task: n'RGOBEo
2026-09-09 18:01:50.925 [JavaFX Application Thread] DEBUG o.e.t.navigation.NavigationManager - openRightSidebar: path=/org/example/taskschedulerdesktop/view/task_right_sidebar.fxml, context=org.example.taskschedulerdesktop.models.Task@54dba932
2026-09-09 18:01:50.935 [JavaFX Application Thread] INFO  o.e.t.c.TaskRightSidebarController - initialize()
2026-09-09 18:01:50.935 [JavaFX Application Thread] DEBUG o.e.t.navigation.NavigationManager - sidebarController found, calling setContext()
2026-09-09 18:01:50.935 [JavaFX Application Thread] INFO  o.e.t.c.TaskRightSidebarController - setContext()
2026-09-09 18:01:50.935 [JavaFX Application Thread] DEBUG o.e.t.c.TaskRightSidebarController - context = org.example.taskschedulerdesktop.models.Task@54dba932
2026-09-09 18:01:50.935 [JavaFX Application Thread] INFO  o.e.t.c.TaskRightSidebarController - contextTask saved: v/WJVBj/rbv 
2026-09-09 18:01:50.935 [JavaFX Application Thread] DEBUG o.e.t.c.TaskRightSidebarController - updateUI()
2026-09-09 18:01:50.935 [JavaFX Application Thread] DEBUG o.e.t.c.TaskRightSidebarController - projectName: Мобильное приложение
2026-09-09 18:01:50.935 [JavaFX Application Thread] DEBUG o.e.t.c.TaskRightSidebarController - taskName: v/WJVBj/rbv 
2026-09-09 18:01:50.935 [JavaFX Application Thread] DEBUG o.e.t.c.TaskRightSidebarController - status: NEW
2026-09-09 18:01:50.935 [JavaFX Application Thread] INFO  o.e.t.c.TaskRightSidebarController - UI updated
2026-09-09 18:01:51.865 [JavaFX Application Thread] DEBUG o.e.t.c.TaskRightSidebarController - Click on delete button
2026-09-09 18:01:51.865 [JavaFX Application Thread] INFO  o.e.t.c.TaskRightSidebarController - Open delete panel for task: v/WJVBj/rbv 
2026-09-09 18:01:53.531 [JavaFX Application Thread] DEBUG o.e.t.navigation.NavigationManager - openRightSidebar: path=/org/example/taskschedulerdesktop/view/task_right_sidebar.fxml, context=org.example.taskschedulerdesktop.models.Task@57a00534
2026-09-09 18:01:53.539 [JavaFX Application Thread] INFO  o.e.t.c.TaskRightSidebarController - initialize()
2026-09-09 18:01:53.539 [JavaFX Application Thread] DEBUG o.e.t.navigation.NavigationManager - sidebarController found, calling setContext()
2026-09-09 18:01:53.539 [JavaFX Application Thread] INFO  o.e.t.c.TaskRightSidebarController - setContext()
2026-09-09 18:01:53.539 [JavaFX Application Thread] DEBUG o.e.t.c.TaskRightSidebarController - context = org.example.taskschedulerdesktop.models.Task@57a00534
2026-09-09 18:01:53.539 [JavaFX Application Thread] INFO  o.e.t.c.TaskRightSidebarController - contextTask saved: oaruhg[aurgh'uarh'b
2026-09-09 18:01:53.541 [JavaFX Application Thread] DEBUG o.e.t.c.TaskRightSidebarController - updateUI()
2026-09-09 18:01:53.541 [JavaFX Application Thread] DEBUG o.e.t.c.TaskRightSidebarController - projectName: Мобильное приложение
2026-09-09 18:01:53.541 [JavaFX Application Thread] DEBUG o.e.t.c.TaskRightSidebarController - taskName: oaruhg[aurgh'uarh'b
2026-09-09 18:01:53.541 [JavaFX Application Thread] DEBUG o.e.t.c.TaskRightSidebarController - status: NEW
2026-09-09 18:01:53.541 [JavaFX Application Thread] INFO  o.e.t.c.TaskRightSidebarController - UI updated
2026-09-09 18:01:54.619 [JavaFX Application Thread] DEBUG o.e.t.c.TaskRightSidebarController - Click on delete button
2026-09-09 18:01:54.619 [JavaFX Application Thread] INFO  o.e.t.c.TaskRightSidebarController - Open delete panel for task: oaruhg[aurgh'uarh'b
2026-09-09 18:01:54.685 [JavaFX Application Thread] DEBUG o.e.t.navigation.NavigationManager - Toast is displayed: Задача удалена
2026-09-09 18:01:59.529 [JavaFX Application Thread] DEBUG o.e.t.navigation.NavigationManager - Toast is displayed: Задача удалена
