2026-09-08 15:34:27.986 [JavaFX Application Thread] INFO  o.e.t.c.TaskRightSidebarController - initialize()
2026-09-08 15:43:15.336 [JavaFX Application Thread] DEBUG o.e.t.navigation.NavigationManager - openRightSidebar: path=/org/example/taskschedulerdesktop/view/task_right_sidebar.fxml, context=org.example.taskschedulerdesktop.models.Task@7a294558
2026-09-08 15:43:15.350 [JavaFX Application Thread] INFO  o.e.t.c.TaskRightSidebarController - initialize()
2026-09-08 15:43:15.351 [JavaFX Application Thread] DEBUG o.e.t.navigation.NavigationManager - sidebarController found, calling setContext()
2026-09-08 15:43:15.352 [JavaFX Application Thread] INFO  o.e.t.c.TaskRightSidebarController - setContext()
2026-09-08 15:43:15.352 [JavaFX Application Thread] DEBUG o.e.t.c.TaskRightSidebarController - context = org.example.taskschedulerdesktop.models.Task@7a294558
2026-09-08 15:43:15.354 [JavaFX Application Thread] INFO  o.e.t.c.TaskRightSidebarController - contextTask saved: Что нужно сделать?
2026-09-08 15:43:15.355 [JavaFX Application Thread] DEBUG o.e.t.c.TaskRightSidebarController - updateUI()
2026-09-08 15:43:15.355 [JavaFX Application Thread] DEBUG o.e.t.c.TaskRightSidebarController - projectName: Мобильное приложение
2026-09-08 15:43:15.355 [JavaFX Application Thread] DEBUG o.e.t.c.TaskRightSidebarController - taskName: Что нужно сделать?
2026-09-08 15:43:15.355 [JavaFX Application Thread] DEBUG o.e.t.c.TaskRightSidebarController - status: InProgress
2026-09-08 15:43:15.355 [JavaFX Application Thread] INFO  o.e.t.c.TaskRightSidebarController - UI updated
2026-09-08 15:44:34.358 [JavaFX Application Thread] DEBUG o.e.t.c.TaskRightSidebarController - Click on button edit
2026-09-08 15:44:34.358 [JavaFX Application Thread] INFO  o.e.t.c.TaskRightSidebarController - Open edit sidebar for task: Что нужно сделать?
2026-09-08 15:44:34.358 [JavaFX Application Thread] DEBUG o.e.t.navigation.NavigationManager - openRightSidebar: path=/org/example/taskschedulerdesktop/view/edit_task_right_sidebar.fxml, context=org.example.taskschedulerdesktop.models.Task@7a294558
2026-09-08 15:44:34.405 [JavaFX Application Thread] DEBUG o.e.t.navigation.NavigationManager - sidebarController found, calling setContext()
2026-09-08 16:02:18.800 [JavaFX Application Thread] DEBUG o.e.t.navigation.NavigationManager - openRightSidebar: path=/org/example/taskschedulerdesktop/view/task_right_sidebar.fxml, context=org.example.taskschedulerdesktop.models.Task@7a294558
2026-09-08 16:02:18.814 [JavaFX Application Thread] INFO  o.e.t.c.TaskRightSidebarController - initialize()
2026-09-08 16:02:18.814 [JavaFX Application Thread] DEBUG o.e.t.navigation.NavigationManager - sidebarController found, calling setContext()
2026-09-08 16:02:18.814 [JavaFX Application Thread] INFO  o.e.t.c.TaskRightSidebarController - setContext()
2026-09-08 16:02:18.814 [JavaFX Application Thread] DEBUG o.e.t.c.TaskRightSidebarController - context = org.example.taskschedulerdesktop.models.Task@7a294558
2026-09-08 16:02:18.814 [JavaFX Application Thread] INFO  o.e.t.c.TaskRightSidebarController - contextTask saved: Что нужно сделать?
2026-09-08 16:02:18.815 [JavaFX Application Thread] DEBUG o.e.t.c.TaskRightSidebarController - updateUI()
2026-09-08 16:02:18.815 [JavaFX Application Thread] DEBUG o.e.t.c.TaskRightSidebarController - projectName: Мобильное приложение
2026-09-08 16:02:18.815 [JavaFX Application Thread] DEBUG o.e.t.c.TaskRightSidebarController - taskName: Что нужно сделать?
2026-09-08 16:02:18.815 [JavaFX Application Thread] DEBUG o.e.t.c.TaskRightSidebarController - status: InProgress
2026-09-08 16:02:18.815 [JavaFX Application Thread] INFO  o.e.t.c.TaskRightSidebarController - UI updated
2026-09-08 16:02:39.492 [JavaFX Application Thread] DEBUG o.e.t.navigation.NavigationManager - openRightSidebar: path=/org/example/taskschedulerdesktop/view/task_right_sidebar.fxml, context=org.example.taskschedulerdesktop.models.Task@769afa0f
2026-09-08 16:02:39.503 [JavaFX Application Thread] INFO  o.e.t.c.TaskRightSidebarController - initialize()
2026-09-08 16:02:39.503 [JavaFX Application Thread] DEBUG o.e.t.navigation.NavigationManager - sidebarController found, calling setContext()
2026-09-08 16:02:39.503 [JavaFX Application Thread] INFO  o.e.t.c.TaskRightSidebarController - setContext()
2026-09-08 16:02:39.503 [JavaFX Application Thread] DEBUG o.e.t.c.TaskRightSidebarController - context = org.example.taskschedulerdesktop.models.Task@769afa0f
2026-09-08 16:02:39.503 [JavaFX Application Thread] INFO  o.e.t.c.TaskRightSidebarController - contextTask saved: Что нужно сделать?
2026-09-08 16:02:39.503 [JavaFX Application Thread] DEBUG o.e.t.c.TaskRightSidebarController - updateUI()
2026-09-08 16:02:39.503 [JavaFX Application Thread] DEBUG o.e.t.c.TaskRightSidebarController - projectName: Мобильное приложение
2026-09-08 16:02:39.503 [JavaFX Application Thread] DEBUG o.e.t.c.TaskRightSidebarController - taskName: Что нужно сделать?
2026-09-08 16:02:39.503 [JavaFX Application Thread] DEBUG o.e.t.c.TaskRightSidebarController - status: InProgress
2026-09-08 16:02:39.504 [JavaFX Application Thread] INFO  o.e.t.c.TaskRightSidebarController - UI updated
2026-09-08 16:02:41.399 [JavaFX Application Thread] DEBUG o.e.t.navigation.NavigationManager - openRightSidebar: path=/org/example/taskschedulerdesktop/view/task_right_sidebar.fxml, context=org.example.taskschedulerdesktop.models.Task@7a294558
2026-09-08 16:02:41.410 [JavaFX Application Thread] INFO  o.e.t.c.TaskRightSidebarController - initialize()
2026-09-08 16:02:41.410 [JavaFX Application Thread] DEBUG o.e.t.navigation.NavigationManager - sidebarController found, calling setContext()
2026-09-08 16:02:41.411 [JavaFX Application Thread] INFO  o.e.t.c.TaskRightSidebarController - setContext()
2026-09-08 16:02:41.411 [JavaFX Application Thread] DEBUG o.e.t.c.TaskRightSidebarController - context = org.example.taskschedulerdesktop.models.Task@7a294558
2026-09-08 16:02:41.411 [JavaFX Application Thread] INFO  o.e.t.c.TaskRightSidebarController - contextTask saved: Что нужно сделать?
2026-09-08 16:02:41.411 [JavaFX Application Thread] DEBUG o.e.t.c.TaskRightSidebarController - updateUI()
2026-09-08 16:02:41.411 [JavaFX Application Thread] DEBUG o.e.t.c.TaskRightSidebarController - projectName: Мобильное приложение
2026-09-08 16:02:41.411 [JavaFX Application Thread] DEBUG o.e.t.c.TaskRightSidebarController - taskName: Что нужно сделать?
2026-09-08 16:02:41.411 [JavaFX Application Thread] DEBUG o.e.t.c.TaskRightSidebarController - status: InProgress
2026-09-08 16:02:41.411 [JavaFX Application Thread] INFO  o.e.t.c.TaskRightSidebarController - UI updated
2026-09-08 16:02:49.708 [JavaFX Application Thread] DEBUG o.e.t.c.TaskRightSidebarController - Click on button edit
2026-09-08 16:02:49.708 [JavaFX Application Thread] INFO  o.e.t.c.TaskRightSidebarController - Open edit sidebar for task: Что нужно сделать?
2026-09-08 16:02:49.708 [JavaFX Application Thread] DEBUG o.e.t.navigation.NavigationManager - openRightSidebar: path=/org/example/taskschedulerdesktop/view/edit_task_right_sidebar.fxml, context=org.example.taskschedulerdesktop.models.Task@7a294558
2026-09-08 16:02:49.719 [JavaFX Application Thread] DEBUG o.e.t.navigation.NavigationManager - sidebarController found, calling setContext()
2026-09-08 16:06:43.995 [JavaFX Application Thread] DEBUG o.e.t.navigation.NavigationManager - openRightSidebar: path=/org/example/taskschedulerdesktop/view/task_right_sidebar.fxml, context=org.example.taskschedulerdesktop.models.Task@7a294558
2026-09-08 16:06:44.003 [JavaFX Application Thread] INFO  o.e.t.c.TaskRightSidebarController - initialize()
2026-09-08 16:06:44.003 [JavaFX Application Thread] DEBUG o.e.t.navigation.NavigationManager - sidebarController found, calling setContext()
2026-09-08 16:06:44.003 [JavaFX Application Thread] INFO  o.e.t.c.TaskRightSidebarController - setContext()
2026-09-08 16:06:44.003 [JavaFX Application Thread] DEBUG o.e.t.c.TaskRightSidebarController - context = org.example.taskschedulerdesktop.models.Task@7a294558
2026-09-08 16:06:44.005 [JavaFX Application Thread] INFO  o.e.t.c.TaskRightSidebarController - contextTask saved: Что нужно сделать?
2026-09-08 16:06:44.005 [JavaFX Application Thread] DEBUG o.e.t.c.TaskRightSidebarController - updateUI()
2026-09-08 16:06:44.005 [JavaFX Application Thread] DEBUG o.e.t.c.TaskRightSidebarController - projectName: Мобильное приложение
2026-09-08 16:06:44.005 [JavaFX Application Thread] DEBUG o.e.t.c.TaskRightSidebarController - taskName: Что нужно сделать?
2026-09-08 16:06:44.005 [JavaFX Application Thread] DEBUG o.e.t.c.TaskRightSidebarController - status: InProgress
2026-09-08 16:06:44.005 [JavaFX Application Thread] INFO  o.e.t.c.TaskRightSidebarController - UI updated
2026-09-08 16:06:48.536 [JavaFX Application Thread] DEBUG o.e.t.c.TaskRightSidebarController - Click on button edit
2026-09-08 16:06:48.537 [JavaFX Application Thread] INFO  o.e.t.c.TaskRightSidebarController - Open edit sidebar for task: Что нужно сделать?
2026-09-08 16:06:48.537 [JavaFX Application Thread] DEBUG o.e.t.navigation.NavigationManager - openRightSidebar: path=/org/example/taskschedulerdesktop/view/edit_task_right_sidebar.fxml, context=org.example.taskschedulerdesktop.models.Task@7a294558
2026-09-08 16:06:48.546 [JavaFX Application Thread] DEBUG o.e.t.navigation.NavigationManager - sidebarController found, calling setContext()
2026-09-08 16:06:55.657 [JavaFX Application Thread] DEBUG o.e.t.navigation.NavigationManager - openRightSidebar: path=/org/example/taskschedulerdesktop/view/task_right_sidebar.fxml, context=org.example.taskschedulerdesktop.models.Task@7a294558
2026-09-08 16:06:55.668 [JavaFX Application Thread] INFO  o.e.t.c.TaskRightSidebarController - initialize()
2026-09-08 16:06:55.668 [JavaFX Application Thread] DEBUG o.e.t.navigation.NavigationManager - sidebarController found, calling setContext()
2026-09-08 16:06:55.668 [JavaFX Application Thread] INFO  o.e.t.c.TaskRightSidebarController - setContext()
2026-09-08 16:06:55.668 [JavaFX Application Thread] DEBUG o.e.t.c.TaskRightSidebarController - context = org.example.taskschedulerdesktop.models.Task@7a294558
2026-09-08 16:06:55.668 [JavaFX Application Thread] INFO  o.e.t.c.TaskRightSidebarController - contextTask saved: Что нужно сделать?
2026-09-08 16:06:55.669 [JavaFX Application Thread] DEBUG o.e.t.c.TaskRightSidebarController - updateUI()
2026-09-08 16:06:55.669 [JavaFX Application Thread] DEBUG o.e.t.c.TaskRightSidebarController - projectName: Мобильное приложение
2026-09-08 16:06:55.669 [JavaFX Application Thread] DEBUG o.e.t.c.TaskRightSidebarController - taskName: Что нужно сделать?
2026-09-08 16:06:55.669 [JavaFX Application Thread] DEBUG o.e.t.c.TaskRightSidebarController - status: InProgress
2026-09-08 16:06:55.669 [JavaFX Application Thread] INFO  o.e.t.c.TaskRightSidebarController - UI updated
2026-09-08 16:07:04.090 [JavaFX Application Thread] DEBUG o.e.t.c.TaskRightSidebarController - Click on button edit
2026-09-08 16:07:04.092 [JavaFX Application Thread] INFO  o.e.t.c.TaskRightSidebarController - Open edit sidebar for task: Что нужно сделать?
2026-09-08 16:07:04.092 [JavaFX Application Thread] DEBUG o.e.t.navigation.NavigationManager - openRightSidebar: path=/org/example/taskschedulerdesktop/view/edit_task_right_sidebar.fxml, context=org.example.taskschedulerdesktop.models.Task@7a294558
2026-09-08 16:07:04.100 [JavaFX Application Thread] DEBUG o.e.t.navigation.NavigationManager - sidebarController found, calling setContext()
2026-09-08 16:35:08.016 [JavaFX Application Thread] DEBUG o.e.t.navigation.NavigationManager - openRightSidebar: path=/org/example/taskschedulerdesktop/view/task_right_sidebar.fxml, context=org.example.taskschedulerdesktop.models.Task@73e435f4
2026-09-08 16:35:08.022 [JavaFX Application Thread] INFO  o.e.t.c.TaskRightSidebarController - initialize()
2026-09-08 16:35:08.022 [JavaFX Application Thread] DEBUG o.e.t.navigation.NavigationManager - sidebarController found, calling setContext()
2026-09-08 16:35:08.022 [JavaFX Application Thread] INFO  o.e.t.c.TaskRightSidebarController - setContext()
2026-09-08 16:35:08.022 [JavaFX Application Thread] DEBUG o.e.t.c.TaskRightSidebarController - context = org.example.taskschedulerdesktop.models.Task@73e435f4
2026-09-08 16:35:08.022 [JavaFX Application Thread] INFO  o.e.t.c.TaskRightSidebarController - contextTask saved: Что нужно сделать?
2026-09-08 16:35:08.023 [JavaFX Application Thread] DEBUG o.e.t.c.TaskRightSidebarController - updateUI()
2026-09-08 16:35:08.023 [JavaFX Application Thread] DEBUG o.e.t.c.TaskRightSidebarController - projectName: Мобильное приложение
2026-09-08 16:35:08.023 [JavaFX Application Thread] DEBUG o.e.t.c.TaskRightSidebarController - taskName: Что нужно сделать?
2026-09-08 16:35:08.023 [JavaFX Application Thread] DEBUG o.e.t.c.TaskRightSidebarController - status: InProgress
2026-09-08 16:35:08.023 [JavaFX Application Thread] INFO  o.e.t.c.TaskRightSidebarController - UI updated
2026-09-08 16:35:10.208 [JavaFX Application Thread] DEBUG o.e.t.c.TaskRightSidebarController - Click on button edit
2026-09-08 16:35:10.209 [JavaFX Application Thread] INFO  o.e.t.c.TaskRightSidebarController - Open edit sidebar for task: Что нужно сделать?
2026-09-08 16:35:10.209 [JavaFX Application Thread] DEBUG o.e.t.navigation.NavigationManager - openRightSidebar: path=/org/example/taskschedulerdesktop/view/edit_task_right_sidebar.fxml, context=org.example.taskschedulerdesktop.models.Task@73e435f4
2026-09-08 16:35:10.215 [JavaFX Application Thread] DEBUG o.e.t.navigation.NavigationManager - sidebarController found, calling setContext()
2026-09-08 16:35:12.742 [JavaFX Application Thread] DEBUG o.e.t.navigation.NavigationManager - openRightSidebar: path=/org/example/taskschedulerdesktop/view/task_right_sidebar.fxml, context=org.example.taskschedulerdesktop.models.Task@65b52427
2026-09-08 16:35:12.747 [JavaFX Application Thread] INFO  o.e.t.c.TaskRightSidebarController - initialize()
2026-09-08 16:35:12.748 [JavaFX Application Thread] DEBUG o.e.t.navigation.NavigationManager - sidebarController found, calling setContext()
2026-09-08 16:35:12.748 [JavaFX Application Thread] INFO  o.e.t.c.TaskRightSidebarController - setContext()
2026-09-08 16:35:12.748 [JavaFX Application Thread] DEBUG o.e.t.c.TaskRightSidebarController - context = org.example.taskschedulerdesktop.models.Task@65b52427
2026-09-08 16:35:12.748 [JavaFX Application Thread] INFO  o.e.t.c.TaskRightSidebarController - contextTask saved: Что нужно сделать?
2026-09-08 16:35:12.748 [JavaFX Application Thread] DEBUG o.e.t.c.TaskRightSidebarController - updateUI()
2026-09-08 16:35:12.748 [JavaFX Application Thread] DEBUG o.e.t.c.TaskRightSidebarController - projectName: Мобильное приложение
2026-09-08 16:35:12.748 [JavaFX Application Thread] DEBUG o.e.t.c.TaskRightSidebarController - taskName: Что нужно сделать?
2026-09-08 16:35:12.748 [JavaFX Application Thread] DEBUG o.e.t.c.TaskRightSidebarController - status: InProgress
2026-09-08 16:35:12.748 [JavaFX Application Thread] INFO  o.e.t.c.TaskRightSidebarController - UI updated
2026-09-08 16:35:14.073 [JavaFX Application Thread] DEBUG o.e.t.c.TaskRightSidebarController - Click on button edit
2026-09-08 16:35:14.073 [JavaFX Application Thread] INFO  o.e.t.c.TaskRightSidebarController - Open edit sidebar for task: Что нужно сделать?
2026-09-08 16:35:14.073 [JavaFX Application Thread] DEBUG o.e.t.navigation.NavigationManager - openRightSidebar: path=/org/example/taskschedulerdesktop/view/edit_task_right_sidebar.fxml, context=org.example.taskschedulerdesktop.models.Task@65b52427
2026-09-08 16:35:14.078 [JavaFX Application Thread] DEBUG o.e.t.navigation.NavigationManager - sidebarController found, calling setContext()
2026-09-08 16:35:24.289 [JavaFX Application Thread] DEBUG o.e.t.navigation.NavigationManager - openRightSidebar: path=/org/example/taskschedulerdesktop/view/task_right_sidebar.fxml, context=org.example.taskschedulerdesktop.models.Task@4b454e85
2026-09-08 16:35:24.295 [JavaFX Application Thread] INFO  o.e.t.c.TaskRightSidebarController - initialize()
2026-09-08 16:35:24.295 [JavaFX Application Thread] DEBUG o.e.t.navigation.NavigationManager - sidebarController found, calling setContext()
2026-09-08 16:35:24.295 [JavaFX Application Thread] INFO  o.e.t.c.TaskRightSidebarController - setContext()
2026-09-08 16:35:24.295 [JavaFX Application Thread] DEBUG o.e.t.c.TaskRightSidebarController - context = org.example.taskschedulerdesktop.models.Task@4b454e85
2026-09-08 16:35:24.296 [JavaFX Application Thread] INFO  o.e.t.c.TaskRightSidebarController - contextTask saved: Что нужно сделать?
2026-09-08 16:35:24.296 [JavaFX Application Thread] DEBUG o.e.t.c.TaskRightSidebarController - updateUI()
2026-09-08 16:35:24.296 [JavaFX Application Thread] DEBUG o.e.t.c.TaskRightSidebarController - projectName: Мобильное приложение
2026-09-08 16:35:24.296 [JavaFX Application Thread] DEBUG o.e.t.c.TaskRightSidebarController - taskName: Что нужно сделать?
2026-09-08 16:35:24.296 [JavaFX Application Thread] DEBUG o.e.t.c.TaskRightSidebarController - status: InProgress
2026-09-08 16:35:24.296 [JavaFX Application Thread] INFO  o.e.t.c.TaskRightSidebarController - UI updated
2026-09-08 16:35:27.503 [JavaFX Application Thread] DEBUG o.e.t.c.TaskRightSidebarController - Click on button edit
2026-09-08 16:35:27.503 [JavaFX Application Thread] INFO  o.e.t.c.TaskRightSidebarController - Open edit sidebar for task: Что нужно сделать?
2026-09-08 16:35:27.503 [JavaFX Application Thread] DEBUG o.e.t.navigation.NavigationManager - openRightSidebar: path=/org/example/taskschedulerdesktop/view/edit_task_right_sidebar.fxml, context=org.example.taskschedulerdesktop.models.Task@4b454e85
2026-09-08 16:35:27.508 [JavaFX Application Thread] DEBUG o.e.t.navigation.NavigationManager - sidebarController found, calling setContext()
2026-09-08 16:58:41.201 [JavaFX Application Thread] DEBUG o.e.t.navigation.NavigationManager - openRightSidebar: path=/org/example/taskschedulerdesktop/view/task_right_sidebar.fxml, context=org.example.taskschedulerdesktop.models.Task@54368b11
2026-09-08 16:58:41.205 [JavaFX Application Thread] ERROR o.e.t.navigation.NavigationManager - Sidebar loading error
javafx.fxml.LoadException: 
/C:/Users/Саят/IdeaProjects/task-scheduler-desktop/target/classes/org/example/taskschedulerdesktop/view/task_right_sidebar.fxml:13

	at javafx.fxml@21/javafx.fxml.FXMLLoader.constructLoadException(FXMLLoader.java:2722)
	at javafx.fxml@21/javafx.fxml.FXMLLoader$ValueElement.processAttribute(FXMLLoader.java:946)
	at javafx.fxml@21/javafx.fxml.FXMLLoader$InstanceDeclarationElement.processAttribute(FXMLLoader.java:983)
	at javafx.fxml@21/javafx.fxml.FXMLLoader$Element.processStartElement(FXMLLoader.java:230)
	at javafx.fxml@21/javafx.fxml.FXMLLoader$ValueElement.processStartElement(FXMLLoader.java:757)
	at javafx.fxml@21/javafx.fxml.FXMLLoader.processStartElement(FXMLLoader.java:2853)
	at javafx.fxml@21/javafx.fxml.FXMLLoader.loadImpl(FXMLLoader.java:2649)
	at javafx.fxml@21/javafx.fxml.FXMLLoader.loadImpl(FXMLLoader.java:2563)
	at javafx.fxml@21/javafx.fxml.FXMLLoader.load(FXMLLoader.java:2531)
	at org.example.taskschedulerdesktop/org.example.taskschedulerdesktop.navigation.NavigationManager.openRightSidebar(NavigationManager.java:257)
	at org.example.taskschedulerdesktop/org.example.taskschedulerdesktop.service.task.TaskCardService.lambda$createCard$0(TaskCardService.java:37)
	at javafx.base@21/com.sun.javafx.event.CompositeEventHandler.dispatchBubblingEvent(CompositeEventHandler.java:86)
	at javafx.base@21/com.sun.javafx.event.EventHandlerManager.dispatchBubblingEvent(EventHandlerManager.java:232)
	at javafx.base@21/com.sun.javafx.event.EventHandlerManager.dispatchBubblingEvent(EventHandlerManager.java:189)
	at javafx.base@21/com.sun.javafx.event.CompositeEventDispatcher.dispatchBubblingEvent(CompositeEventDispatcher.java:59)
	at javafx.base@21/com.sun.javafx.event.BasicEventDispatcher.dispatchEvent(BasicEventDispatcher.java:58)
	at javafx.base@21/com.sun.javafx.event.EventDispatchChainImpl.dispatchEvent(EventDispatchChainImpl.java:114)
	at javafx.base@21/com.sun.javafx.event.BasicEventDispatcher.dispatchEvent(BasicEventDispatcher.java:56)
	at javafx.base@21/com.sun.javafx.event.EventDispatchChainImpl.dispatchEvent(EventDispatchChainImpl.java:114)
	at javafx.base@21/com.sun.javafx.event.BasicEventDispatcher.dispatchEvent(BasicEventDispatcher.java:56)
	at javafx.base@21/com.sun.javafx.event.EventDispatchChainImpl.dispatchEvent(EventDispatchChainImpl.java:114)
	at javafx.base@21/com.sun.javafx.event.BasicEventDispatcher.dispatchEvent(BasicEventDispatcher.java:56)
	at javafx.base@21/com.sun.javafx.event.EventDispatchChainImpl.dispatchEvent(EventDispatchChainImpl.java:114)
	at javafx.base@21/com.sun.javafx.event.BasicEventDispatcher.dispatchEvent(BasicEventDispatcher.java:56)
	at javafx.base@21/com.sun.javafx.event.EventDispatchChainImpl.dispatchEvent(EventDispatchChainImpl.java:114)
	at javafx.base@21/com.sun.javafx.event.EventUtil.fireEventImpl(EventUtil.java:74)
	at javafx.base@21/com.sun.javafx.event.EventUtil.fireEvent(EventUtil.java:54)
	at javafx.base@21/javafx.event.Event.fireEvent(Event.java:198)
	at javafx.graphics@21/javafx.scene.Scene$ClickGenerator.postProcess(Scene.java:3688)
	at javafx.graphics@21/javafx.scene.Scene$MouseHandler.process(Scene.java:3993)
	at javafx.graphics@21/javafx.scene.Scene.processMouseEvent(Scene.java:1890)
	at javafx.graphics@21/javafx.scene.Scene$ScenePeerListener.mouseEvent(Scene.java:2708)
	at javafx.graphics@21/com.sun.javafx.tk.quantum.GlassViewEventHandler$MouseEventNotification.run(GlassViewEventHandler.java:411)
	at javafx.graphics@21/com.sun.javafx.tk.quantum.GlassViewEventHandler$MouseEventNotification.run(GlassViewEventHandler.java:301)
	at java.base/java.security.AccessController.doPrivileged(AccessController.java:400)
	at javafx.graphics@21/com.sun.javafx.tk.quantum.GlassViewEventHandler.lambda$handleMouseEvent$2(GlassViewEventHandler.java:450)
	at javafx.graphics@21/com.sun.javafx.tk.quantum.QuantumToolkit.runWithoutRenderLock(QuantumToolkit.java:424)
	at javafx.graphics@21/com.sun.javafx.tk.quantum.GlassViewEventHandler.handleMouseEvent(GlassViewEventHandler.java:449)
	at javafx.graphics@21/com.sun.glass.ui.View.handleMouseEvent(View.java:551)
	at javafx.graphics@21/com.sun.glass.ui.View.notifyMouse(View.java:937)
	at javafx.graphics@21/com.sun.glass.ui.win.WinApplication._runLoop(Native Method)
	at javafx.graphics@21/com.sun.glass.ui.win.WinApplication.lambda$runLoop$3(WinApplication.java:185)
	at java.base/java.lang.Thread.run(Thread.java:1583)
Caused by: java.lang.NoSuchMethodException: org.example.taskschedulerdesktop.controllers.TaskRightSidebarController.<init>()
	at java.base/java.lang.Class.getConstructor0(Class.java:3763)
	at java.base/java.lang.Class.getDeclaredConstructor(Class.java:2932)
	at javafx.fxml@21/javafx.fxml.FXMLLoader$ValueElement.processAttribute(FXMLLoader.java:941)
	... 41 common frames omitted
2026-09-08 16:58:42.545 [JavaFX Application Thread] DEBUG o.e.t.navigation.NavigationManager - openRightSidebar: path=/org/example/taskschedulerdesktop/view/task_right_sidebar.fxml, context=org.example.taskschedulerdesktop.models.Task@54368b11
2026-09-08 16:58:42.547 [JavaFX Application Thread] ERROR o.e.t.navigation.NavigationManager - Sidebar loading error
javafx.fxml.LoadException: 
/C:/Users/Саят/IdeaProjects/task-scheduler-desktop/target/classes/org/example/taskschedulerdesktop/view/task_right_sidebar.fxml:13

	at javafx.fxml@21/javafx.fxml.FXMLLoader.constructLoadException(FXMLLoader.java:2722)
	at javafx.fxml@21/javafx.fxml.FXMLLoader$ValueElement.processAttribute(FXMLLoader.java:946)
	at javafx.fxml@21/javafx.fxml.FXMLLoader$InstanceDeclarationElement.processAttribute(FXMLLoader.java:983)
	at javafx.fxml@21/javafx.fxml.FXMLLoader$Element.processStartElement(FXMLLoader.java:230)
	at javafx.fxml@21/javafx.fxml.FXMLLoader$ValueElement.processStartElement(FXMLLoader.java:757)
	at javafx.fxml@21/javafx.fxml.FXMLLoader.processStartElement(FXMLLoader.java:2853)
	at javafx.fxml@21/javafx.fxml.FXMLLoader.loadImpl(FXMLLoader.java:2649)
	at javafx.fxml@21/javafx.fxml.FXMLLoader.loadImpl(FXMLLoader.java:2563)
	at javafx.fxml@21/javafx.fxml.FXMLLoader.load(FXMLLoader.java:2531)
	at org.example.taskschedulerdesktop/org.example.taskschedulerdesktop.navigation.NavigationManager.openRightSidebar(NavigationManager.java:257)
	at org.example.taskschedulerdesktop/org.example.taskschedulerdesktop.service.task.TaskCardService.lambda$createCard$0(TaskCardService.java:37)
	at javafx.base@21/com.sun.javafx.event.CompositeEventHandler.dispatchBubblingEvent(CompositeEventHandler.java:86)
	at javafx.base@21/com.sun.javafx.event.EventHandlerManager.dispatchBubblingEvent(EventHandlerManager.java:232)
	at javafx.base@21/com.sun.javafx.event.EventHandlerManager.dispatchBubblingEvent(EventHandlerManager.java:189)
	at javafx.base@21/com.sun.javafx.event.CompositeEventDispatcher.dispatchBubblingEvent(CompositeEventDispatcher.java:59)
	at javafx.base@21/com.sun.javafx.event.BasicEventDispatcher.dispatchEvent(BasicEventDispatcher.java:58)
	at javafx.base@21/com.sun.javafx.event.EventDispatchChainImpl.dispatchEvent(EventDispatchChainImpl.java:114)
	at javafx.base@21/com.sun.javafx.event.BasicEventDispatcher.dispatchEvent(BasicEventDispatcher.java:56)
	at javafx.base@21/com.sun.javafx.event.EventDispatchChainImpl.dispatchEvent(EventDispatchChainImpl.java:114)
	at javafx.base@21/com.sun.javafx.event.BasicEventDispatcher.dispatchEvent(BasicEventDispatcher.java:56)
	at javafx.base@21/com.sun.javafx.event.EventDispatchChainImpl.dispatchEvent(EventDispatchChainImpl.java:114)
	at javafx.base@21/com.sun.javafx.event.BasicEventDispatcher.dispatchEvent(BasicEventDispatcher.java:56)
	at javafx.base@21/com.sun.javafx.event.EventDispatchChainImpl.dispatchEvent(EventDispatchChainImpl.java:114)
	at javafx.base@21/com.sun.javafx.event.BasicEventDispatcher.dispatchEvent(BasicEventDispatcher.java:56)
	at javafx.base@21/com.sun.javafx.event.EventDispatchChainImpl.dispatchEvent(EventDispatchChainImpl.java:114)
	at javafx.base@21/com.sun.javafx.event.EventUtil.fireEventImpl(EventUtil.java:74)
	at javafx.base@21/com.sun.javafx.event.EventUtil.fireEvent(EventUtil.java:54)
	at javafx.base@21/javafx.event.Event.fireEvent(Event.java:198)
	at javafx.graphics@21/javafx.scene.Scene$ClickGenerator.postProcess(Scene.java:3688)
	at javafx.graphics@21/javafx.scene.Scene$MouseHandler.process(Scene.java:3993)
	at javafx.graphics@21/javafx.scene.Scene.processMouseEvent(Scene.java:1890)
	at javafx.graphics@21/javafx.scene.Scene$ScenePeerListener.mouseEvent(Scene.java:2708)
	at javafx.graphics@21/com.sun.javafx.tk.quantum.GlassViewEventHandler$MouseEventNotification.run(GlassViewEventHandler.java:411)
	at javafx.graphics@21/com.sun.javafx.tk.quantum.GlassViewEventHandler$MouseEventNotification.run(GlassViewEventHandler.java:301)
	at java.base/java.security.AccessController.doPrivileged(AccessController.java:400)
	at javafx.graphics@21/com.sun.javafx.tk.quantum.GlassViewEventHandler.lambda$handleMouseEvent$2(GlassViewEventHandler.java:450)
	at javafx.graphics@21/com.sun.javafx.tk.quantum.QuantumToolkit.runWithoutRenderLock(QuantumToolkit.java:424)
	at javafx.graphics@21/com.sun.javafx.tk.quantum.GlassViewEventHandler.handleMouseEvent(GlassViewEventHandler.java:449)
	at javafx.graphics@21/com.sun.glass.ui.View.handleMouseEvent(View.java:551)
	at javafx.graphics@21/com.sun.glass.ui.View.notifyMouse(View.java:937)
	at javafx.graphics@21/com.sun.glass.ui.win.WinApplication._runLoop(Native Method)
	at javafx.graphics@21/com.sun.glass.ui.win.WinApplication.lambda$runLoop$3(WinApplication.java:185)
	at java.base/java.lang.Thread.run(Thread.java:1583)
Caused by: java.lang.NoSuchMethodException: org.example.taskschedulerdesktop.controllers.TaskRightSidebarController.<init>()
	at java.base/java.lang.Class.getConstructor0(Class.java:3763)
	at java.base/java.lang.Class.getDeclaredConstructor(Class.java:2932)
	at javafx.fxml@21/javafx.fxml.FXMLLoader$ValueElement.processAttribute(FXMLLoader.java:941)
	... 41 common frames omitted
2026-09-08 17:02:28.644 [JavaFX Application Thread] DEBUG o.e.t.navigation.NavigationManager - openRightSidebar: path=/org/example/taskschedulerdesktop/view/task_right_sidebar.fxml, context=org.example.taskschedulerdesktop.models.Task@5194a84f
2026-09-08 17:02:28.647 [JavaFX Application Thread] ERROR o.e.t.navigation.NavigationManager - Sidebar loading error
javafx.fxml.LoadException: 
/C:/Users/Саят/IdeaProjects/task-scheduler-desktop/target/classes/org/example/taskschedulerdesktop/view/task_right_sidebar.fxml:13

	at javafx.fxml@21/javafx.fxml.FXMLLoader.constructLoadException(FXMLLoader.java:2722)
	at javafx.fxml@21/javafx.fxml.FXMLLoader$ValueElement.processAttribute(FXMLLoader.java:946)
	at javafx.fxml@21/javafx.fxml.FXMLLoader$InstanceDeclarationElement.processAttribute(FXMLLoader.java:983)
	at javafx.fxml@21/javafx.fxml.FXMLLoader$Element.processStartElement(FXMLLoader.java:230)
	at javafx.fxml@21/javafx.fxml.FXMLLoader$ValueElement.processStartElement(FXMLLoader.java:757)
	at javafx.fxml@21/javafx.fxml.FXMLLoader.processStartElement(FXMLLoader.java:2853)
	at javafx.fxml@21/javafx.fxml.FXMLLoader.loadImpl(FXMLLoader.java:2649)
	at javafx.fxml@21/javafx.fxml.FXMLLoader.loadImpl(FXMLLoader.java:2563)
	at javafx.fxml@21/javafx.fxml.FXMLLoader.load(FXMLLoader.java:2531)
	at org.example.taskschedulerdesktop/org.example.taskschedulerdesktop.navigation.NavigationManager.openRightSidebar(NavigationManager.java:258)
	at org.example.taskschedulerdesktop/org.example.taskschedulerdesktop.service.task.TaskCardService.lambda$createCard$0(TaskCardService.java:37)
	at javafx.base@21/com.sun.javafx.event.CompositeEventHandler.dispatchBubblingEvent(CompositeEventHandler.java:86)
	at javafx.base@21/com.sun.javafx.event.EventHandlerManager.dispatchBubblingEvent(EventHandlerManager.java:232)
	at javafx.base@21/com.sun.javafx.event.EventHandlerManager.dispatchBubblingEvent(EventHandlerManager.java:189)
	at javafx.base@21/com.sun.javafx.event.CompositeEventDispatcher.dispatchBubblingEvent(CompositeEventDispatcher.java:59)
	at javafx.base@21/com.sun.javafx.event.BasicEventDispatcher.dispatchEvent(BasicEventDispatcher.java:58)
	at javafx.base@21/com.sun.javafx.event.EventDispatchChainImpl.dispatchEvent(EventDispatchChainImpl.java:114)
	at javafx.base@21/com.sun.javafx.event.BasicEventDispatcher.dispatchEvent(BasicEventDispatcher.java:56)
	at javafx.base@21/com.sun.javafx.event.EventDispatchChainImpl.dispatchEvent(EventDispatchChainImpl.java:114)
	at javafx.base@21/com.sun.javafx.event.BasicEventDispatcher.dispatchEvent(BasicEventDispatcher.java:56)
	at javafx.base@21/com.sun.javafx.event.EventDispatchChainImpl.dispatchEvent(EventDispatchChainImpl.java:114)
	at javafx.base@21/com.sun.javafx.event.BasicEventDispatcher.dispatchEvent(BasicEventDispatcher.java:56)
	at javafx.base@21/com.sun.javafx.event.EventDispatchChainImpl.dispatchEvent(EventDispatchChainImpl.java:114)
	at javafx.base@21/com.sun.javafx.event.BasicEventDispatcher.dispatchEvent(BasicEventDispatcher.java:56)
	at javafx.base@21/com.sun.javafx.event.EventDispatchChainImpl.dispatchEvent(EventDispatchChainImpl.java:114)
	at javafx.base@21/com.sun.javafx.event.EventUtil.fireEventImpl(EventUtil.java:74)
	at javafx.base@21/com.sun.javafx.event.EventUtil.fireEvent(EventUtil.java:54)
	at javafx.base@21/javafx.event.Event.fireEvent(Event.java:198)
	at javafx.graphics@21/javafx.scene.Scene$ClickGenerator.postProcess(Scene.java:3688)
	at javafx.graphics@21/javafx.scene.Scene$MouseHandler.process(Scene.java:3993)
	at javafx.graphics@21/javafx.scene.Scene.processMouseEvent(Scene.java:1890)
	at javafx.graphics@21/javafx.scene.Scene$ScenePeerListener.mouseEvent(Scene.java:2708)
	at javafx.graphics@21/com.sun.javafx.tk.quantum.GlassViewEventHandler$MouseEventNotification.run(GlassViewEventHandler.java:411)
	at javafx.graphics@21/com.sun.javafx.tk.quantum.GlassViewEventHandler$MouseEventNotification.run(GlassViewEventHandler.java:301)
	at java.base/java.security.AccessController.doPrivileged(AccessController.java:400)
	at javafx.graphics@21/com.sun.javafx.tk.quantum.GlassViewEventHandler.lambda$handleMouseEvent$2(GlassViewEventHandler.java:450)
	at javafx.graphics@21/com.sun.javafx.tk.quantum.QuantumToolkit.runWithoutRenderLock(QuantumToolkit.java:424)
	at javafx.graphics@21/com.sun.javafx.tk.quantum.GlassViewEventHandler.handleMouseEvent(GlassViewEventHandler.java:449)
	at javafx.graphics@21/com.sun.glass.ui.View.handleMouseEvent(View.java:551)
	at javafx.graphics@21/com.sun.glass.ui.View.notifyMouse(View.java:937)
	at javafx.graphics@21/com.sun.glass.ui.win.WinApplication._runLoop(Native Method)
	at javafx.graphics@21/com.sun.glass.ui.win.WinApplication.lambda$runLoop$3(WinApplication.java:185)
	at java.base/java.lang.Thread.run(Thread.java:1583)
Caused by: java.lang.NoSuchMethodException: org.example.taskschedulerdesktop.controllers.TaskRightSidebarController.<init>()
	at java.base/java.lang.Class.getConstructor0(Class.java:3763)
	at java.base/java.lang.Class.getDeclaredConstructor(Class.java:2932)
	at javafx.fxml@21/javafx.fxml.FXMLLoader$ValueElement.processAttribute(FXMLLoader.java:941)
	... 41 common frames omitted
2026-09-08 17:04:28.730 [JavaFX Application Thread] DEBUG o.e.t.navigation.NavigationManager - openRightSidebar: path=/org/example/taskschedulerdesktop/view/task_right_sidebar.fxml, context=org.example.taskschedulerdesktop.models.Task@639d5452
2026-09-08 17:04:28.746 [JavaFX Application Thread] INFO  o.e.t.c.TaskRightSidebarController - initialize()
2026-09-08 17:04:28.748 [JavaFX Application Thread] DEBUG o.e.t.navigation.NavigationManager - sidebarController found, calling setContext()
2026-09-08 17:04:28.748 [JavaFX Application Thread] INFO  o.e.t.c.TaskRightSidebarController - setContext()
2026-09-08 17:04:28.748 [JavaFX Application Thread] DEBUG o.e.t.c.TaskRightSidebarController - context = org.example.taskschedulerdesktop.models.Task@639d5452
2026-09-08 17:04:28.748 [JavaFX Application Thread] INFO  o.e.t.c.TaskRightSidebarController - contextTask saved: Что нужно сделать?
2026-09-08 17:04:28.748 [JavaFX Application Thread] DEBUG o.e.t.c.TaskRightSidebarController - updateUI()
2026-09-08 17:04:28.748 [JavaFX Application Thread] DEBUG o.e.t.c.TaskRightSidebarController - projectName: Мобильное приложение
2026-09-08 17:04:28.748 [JavaFX Application Thread] DEBUG o.e.t.c.TaskRightSidebarController - taskName: Что нужно сделать?
2026-09-08 17:04:28.748 [JavaFX Application Thread] DEBUG o.e.t.c.TaskRightSidebarController - status: InProgress
2026-09-08 17:04:28.748 [JavaFX Application Thread] INFO  o.e.t.c.TaskRightSidebarController - UI updated
2026-09-08 17:04:31.840 [JavaFX Application Thread] DEBUG o.e.t.c.TaskRightSidebarController - Click on button edit
2026-09-08 17:04:31.841 [JavaFX Application Thread] INFO  o.e.t.c.TaskRightSidebarController - Open edit sidebar for task: Что нужно сделать?
2026-09-08 17:04:31.841 [JavaFX Application Thread] DEBUG o.e.t.navigation.NavigationManager - openRightSidebar: path=/org/example/taskschedulerdesktop/view/edit_task_right_sidebar.fxml, context=org.example.taskschedulerdesktop.models.Task@639d5452
2026-09-08 17:04:31.867 [JavaFX Application Thread] INFO  o.e.t.c.EditTaskRightSidebarController - initialize()
2026-09-08 17:04:31.868 [JavaFX Application Thread] DEBUG o.e.t.navigation.NavigationManager - sidebarController found, calling setContext()
2026-09-08 17:06:06.959 [JavaFX Application Thread] DEBUG o.e.t.navigation.NavigationManager - Toast is displayed: Данные обновлены
2026-09-08 17:06:12.103 [JavaFX Application Thread] DEBUG o.e.t.navigation.NavigationManager - Toast is displayed: Данные обновлены
2026-09-08 17:06:15.426 [JavaFX Application Thread] DEBUG o.e.t.navigation.NavigationManager - Toast is displayed: Данные обновлены
2026-09-08 17:06:19.155 [JavaFX Application Thread] DEBUG o.e.t.navigation.NavigationManager - Toast is displayed: Данные обновлены
2026-09-08 17:08:16.906 [JavaFX Application Thread] DEBUG o.e.t.navigation.NavigationManager - openRightSidebar: path=/org/example/taskschedulerdesktop/view/task_right_sidebar.fxml, context=org.example.taskschedulerdesktop.models.Task@6daa6fa8
2026-09-08 17:08:16.921 [JavaFX Application Thread] INFO  o.e.t.c.TaskRightSidebarController - initialize()
2026-09-08 17:08:16.922 [JavaFX Application Thread] DEBUG o.e.t.navigation.NavigationManager - sidebarController found, calling setContext()
2026-09-08 17:08:16.923 [JavaFX Application Thread] INFO  o.e.t.c.TaskRightSidebarController - setContext()
2026-09-08 17:08:16.923 [JavaFX Application Thread] DEBUG o.e.t.c.TaskRightSidebarController - context = org.example.taskschedulerdesktop.models.Task@6daa6fa8
2026-09-08 17:08:16.923 [JavaFX Application Thread] INFO  o.e.t.c.TaskRightSidebarController - contextTask saved: Что нужно сделать?
2026-09-08 17:08:16.923 [JavaFX Application Thread] DEBUG o.e.t.c.TaskRightSidebarController - updateUI()
2026-09-08 17:08:16.923 [JavaFX Application Thread] DEBUG o.e.t.c.TaskRightSidebarController - projectName: Мобильное приложение
2026-09-08 17:08:16.923 [JavaFX Application Thread] DEBUG o.e.t.c.TaskRightSidebarController - taskName: Что нужно сделать?
2026-09-08 17:08:16.923 [JavaFX Application Thread] DEBUG o.e.t.c.TaskRightSidebarController - status: InProgress
2026-09-08 17:08:16.923 [JavaFX Application Thread] INFO  o.e.t.c.TaskRightSidebarController - UI updated
2026-09-08 17:08:19.524 [JavaFX Application Thread] DEBUG o.e.t.c.TaskRightSidebarController - Click on button edit
2026-09-08 17:08:19.524 [JavaFX Application Thread] INFO  o.e.t.c.TaskRightSidebarController - Open edit sidebar for task: Что нужно сделать?
2026-09-08 17:08:19.524 [JavaFX Application Thread] DEBUG o.e.t.navigation.NavigationManager - openRightSidebar: path=/org/example/taskschedulerdesktop/view/edit_task_right_sidebar.fxml, context=org.example.taskschedulerdesktop.models.Task@6daa6fa8
2026-09-08 17:08:19.552 [JavaFX Application Thread] INFO  o.e.t.c.EditTaskRightSidebarController - initialize()
2026-09-08 17:08:19.553 [JavaFX Application Thread] DEBUG o.e.t.navigation.NavigationManager - sidebarController found, calling setContext()
2026-09-08 17:08:20.333 [JavaFX Application Thread] DEBUG o.e.t.navigation.NavigationManager - Toast is displayed: Выберите дату!
2026-09-08 17:08:20.371 [JavaFX Application Thread] DEBUG o.e.t.navigation.NavigationManager - Toast is displayed: Данные обновлены
2026-09-08 17:08:24.334 [JavaFX Application Thread] DEBUG o.e.t.navigation.NavigationManager - Toast is displayed: Выберите дату!
2026-09-08 17:08:24.364 [JavaFX Application Thread] DEBUG o.e.t.navigation.NavigationManager - Toast is displayed: Данные обновлены
2026-09-08 17:08:25.955 [JavaFX Application Thread] DEBUG o.e.t.navigation.NavigationManager - Toast is displayed: Выберите дату!
2026-09-08 17:08:25.983 [JavaFX Application Thread] DEBUG o.e.t.navigation.NavigationManager - Toast is displayed: Данные обновлены
2026-09-08 17:08:28.093 [JavaFX Application Thread] DEBUG o.e.t.navigation.NavigationManager - Toast is displayed: Выберите дату!
2026-09-08 17:08:28.125 [JavaFX Application Thread] DEBUG o.e.t.navigation.NavigationManager - Toast is displayed: Данные обновлены
2026-09-08 17:09:48.535 [JavaFX Application Thread] DEBUG o.e.t.navigation.NavigationManager - openRightSidebar: path=/org/example/taskschedulerdesktop/view/task_right_sidebar.fxml, context=org.example.taskschedulerdesktop.models.Task@639d5452
2026-09-08 17:09:48.551 [JavaFX Application Thread] INFO  o.e.t.c.TaskRightSidebarController - initialize()
2026-09-08 17:09:48.553 [JavaFX Application Thread] DEBUG o.e.t.navigation.NavigationManager - sidebarController found, calling setContext()
2026-09-08 17:09:48.553 [JavaFX Application Thread] INFO  o.e.t.c.TaskRightSidebarController - setContext()
2026-09-08 17:09:48.553 [JavaFX Application Thread] DEBUG o.e.t.c.TaskRightSidebarController - context = org.example.taskschedulerdesktop.models.Task@639d5452
2026-09-08 17:09:48.553 [JavaFX Application Thread] INFO  o.e.t.c.TaskRightSidebarController - contextTask saved: Что нужно сделать?
2026-09-08 17:09:48.553 [JavaFX Application Thread] DEBUG o.e.t.c.TaskRightSidebarController - updateUI()
2026-09-08 17:09:48.553 [JavaFX Application Thread] DEBUG o.e.t.c.TaskRightSidebarController - projectName: Мобильное приложение
2026-09-08 17:09:48.553 [JavaFX Application Thread] DEBUG o.e.t.c.TaskRightSidebarController - taskName: Что нужно сделать?
2026-09-08 17:09:48.554 [JavaFX Application Thread] DEBUG o.e.t.c.TaskRightSidebarController - status: InProgress
2026-09-08 17:09:48.554 [JavaFX Application Thread] INFO  o.e.t.c.TaskRightSidebarController - UI updated
2026-09-08 17:09:50.788 [JavaFX Application Thread] DEBUG o.e.t.c.TaskRightSidebarController - Click on button edit
2026-09-08 17:09:50.788 [JavaFX Application Thread] INFO  o.e.t.c.TaskRightSidebarController - Open edit sidebar for task: Что нужно сделать?
2026-09-08 17:09:50.788 [JavaFX Application Thread] DEBUG o.e.t.navigation.NavigationManager - openRightSidebar: path=/org/example/taskschedulerdesktop/view/edit_task_right_sidebar.fxml, context=org.example.taskschedulerdesktop.models.Task@639d5452
2026-09-08 17:09:50.814 [JavaFX Application Thread] INFO  o.e.t.c.EditTaskRightSidebarController - initialize()
2026-09-08 17:09:50.815 [JavaFX Application Thread] DEBUG o.e.t.navigation.NavigationManager - sidebarController found, calling setContext()
2026-09-08 17:09:53.127 [JavaFX Application Thread] DEBUG o.e.t.navigation.NavigationManager - Toast is displayed: Выберите дату!
2026-09-08 17:09:56.536 [JavaFX Application Thread] DEBUG o.e.t.navigation.NavigationManager - Toast is displayed: Выберите дату!
2026-09-08 17:10:04.625 [JavaFX Application Thread] DEBUG o.e.t.navigation.NavigationManager - Toast is displayed: Данные обновлены
2026-09-08 19:57:33.431 [JavaFX Application Thread] DEBUG o.e.t.navigation.NavigationManager - Toast is displayed: Данные обновлены
2026-09-08 19:58:02.298 [JavaFX Application Thread] DEBUG o.e.t.navigation.NavigationManager - Toast is displayed: Данные обновлены
2026-09-08 19:58:15.213 [JavaFX Application Thread] DEBUG o.e.t.navigation.NavigationManager - openRightSidebar: path=/org/example/taskschedulerdesktop/view/task_right_sidebar.fxml, context=org.example.taskschedulerdesktop.models.Task@639d5452
2026-09-08 19:58:15.226 [JavaFX Application Thread] INFO  o.e.t.c.TaskRightSidebarController - initialize()
2026-09-08 19:58:15.226 [JavaFX Application Thread] DEBUG o.e.t.navigation.NavigationManager - sidebarController found, calling setContext()
2026-09-08 19:58:15.226 [JavaFX Application Thread] INFO  o.e.t.c.TaskRightSidebarController - setContext()
2026-09-08 19:58:15.226 [JavaFX Application Thread] DEBUG o.e.t.c.TaskRightSidebarController - context = org.example.taskschedulerdesktop.models.Task@639d5452
2026-09-08 19:58:15.226 [JavaFX Application Thread] INFO  o.e.t.c.TaskRightSidebarController - contextTask saved: Что нужно сделать?
2026-09-08 19:58:15.226 [JavaFX Application Thread] DEBUG o.e.t.c.TaskRightSidebarController - updateUI()
2026-09-08 19:58:15.226 [JavaFX Application Thread] DEBUG o.e.t.c.TaskRightSidebarController - projectName: Мобильное приложение
2026-09-08 19:58:15.226 [JavaFX Application Thread] DEBUG o.e.t.c.TaskRightSidebarController - taskName: Что нужно сделать?
2026-09-08 19:58:15.226 [JavaFX Application Thread] DEBUG o.e.t.c.TaskRightSidebarController - status: InProgress
2026-09-08 19:58:15.227 [JavaFX Application Thread] INFO  o.e.t.c.TaskRightSidebarController - UI updated
2026-09-08 19:58:16.768 [JavaFX Application Thread] DEBUG o.e.t.c.TaskRightSidebarController - Click on button edit
2026-09-08 19:58:16.768 [JavaFX Application Thread] INFO  o.e.t.c.TaskRightSidebarController - Open edit sidebar for task: Что нужно сделать?
2026-09-08 19:58:16.768 [JavaFX Application Thread] DEBUG o.e.t.navigation.NavigationManager - openRightSidebar: path=/org/example/taskschedulerdesktop/view/edit_task_right_sidebar.fxml, context=org.example.taskschedulerdesktop.models.Task@639d5452
2026-09-08 19:58:16.778 [JavaFX Application Thread] INFO  o.e.t.c.EditTaskRightSidebarController - initialize()
2026-09-08 19:58:16.778 [JavaFX Application Thread] DEBUG o.e.t.navigation.NavigationManager - sidebarController found, calling setContext()
2026-09-08 19:58:17.965 [JavaFX Application Thread] DEBUG o.e.t.navigation.NavigationManager - Toast is displayed: Выберите дату!
2026-09-08 19:58:19.543 [JavaFX Application Thread] DEBUG o.e.t.navigation.NavigationManager - Toast is displayed: Выберите дату!
2026-09-08 19:58:20.861 [JavaFX Application Thread] DEBUG o.e.t.navigation.NavigationManager - Toast is displayed: Выберите дату!
2026-09-08 19:58:24.975 [JavaFX Application Thread] DEBUG o.e.t.navigation.NavigationManager - Toast is displayed: Данные обновлены
2026-09-08 19:59:56.395 [JavaFX Application Thread] DEBUG o.e.t.navigation.NavigationManager - openRightSidebar: path=/org/example/taskschedulerdesktop/view/task_right_sidebar.fxml, context=org.example.taskschedulerdesktop.models.Task@200826c0
2026-09-08 19:59:56.403 [JavaFX Application Thread] INFO  o.e.t.c.TaskRightSidebarController - initialize()
2026-09-08 19:59:56.403 [JavaFX Application Thread] DEBUG o.e.t.navigation.NavigationManager - sidebarController found, calling setContext()
2026-09-08 19:59:56.403 [JavaFX Application Thread] INFO  o.e.t.c.TaskRightSidebarController - setContext()
2026-09-08 19:59:56.403 [JavaFX Application Thread] DEBUG o.e.t.c.TaskRightSidebarController - context = org.example.taskschedulerdesktop.models.Task@200826c0
2026-09-08 19:59:56.403 [JavaFX Application Thread] INFO  o.e.t.c.TaskRightSidebarController - contextTask saved: Что нужно сделать?
2026-09-08 19:59:56.403 [JavaFX Application Thread] DEBUG o.e.t.c.TaskRightSidebarController - updateUI()
2026-09-08 19:59:56.404 [JavaFX Application Thread] DEBUG o.e.t.c.TaskRightSidebarController - projectName: Мобильное приложение
2026-09-08 19:59:56.404 [JavaFX Application Thread] DEBUG o.e.t.c.TaskRightSidebarController - taskName: Что нужно сделать?
2026-09-08 19:59:56.404 [JavaFX Application Thread] DEBUG o.e.t.c.TaskRightSidebarController - status: InProgress
2026-09-08 19:59:56.404 [JavaFX Application Thread] INFO  o.e.t.c.TaskRightSidebarController - UI updated
2026-09-08 20:00:09.206 [JavaFX Application Thread] DEBUG o.e.t.navigation.NavigationManager - openRightSidebar: path=/org/example/taskschedulerdesktop/view/task_right_sidebar.fxml, context=org.example.taskschedulerdesktop.models.Task@62b3a1b2
2026-09-08 20:00:09.211 [JavaFX Application Thread] INFO  o.e.t.c.TaskRightSidebarController - initialize()
2026-09-08 20:00:09.211 [JavaFX Application Thread] DEBUG o.e.t.navigation.NavigationManager - sidebarController found, calling setContext()
2026-09-08 20:00:09.211 [JavaFX Application Thread] INFO  o.e.t.c.TaskRightSidebarController - setContext()
2026-09-08 20:00:09.211 [JavaFX Application Thread] DEBUG o.e.t.c.TaskRightSidebarController - context = org.example.taskschedulerdesktop.models.Task@62b3a1b2
2026-09-08 20:00:09.211 [JavaFX Application Thread] INFO  o.e.t.c.TaskRightSidebarController - contextTask saved: Что нужно сделать?
2026-09-08 20:00:09.211 [JavaFX Application Thread] DEBUG o.e.t.c.TaskRightSidebarController - updateUI()
2026-09-08 20:00:09.212 [JavaFX Application Thread] DEBUG o.e.t.c.TaskRightSidebarController - projectName: Мобильное приложение
2026-09-08 20:00:09.212 [JavaFX Application Thread] DEBUG o.e.t.c.TaskRightSidebarController - taskName: Что нужно сделать?
2026-09-08 20:00:09.212 [JavaFX Application Thread] DEBUG o.e.t.c.TaskRightSidebarController - status: InProgress
2026-09-08 20:00:09.212 [JavaFX Application Thread] INFO  o.e.t.c.TaskRightSidebarController - UI updated
2026-09-08 20:00:10.362 [JavaFX Application Thread] DEBUG o.e.t.navigation.NavigationManager - openRightSidebar: path=/org/example/taskschedulerdesktop/view/task_right_sidebar.fxml, context=org.example.taskschedulerdesktop.models.Task@200826c0
2026-09-08 20:00:10.367 [JavaFX Application Thread] INFO  o.e.t.c.TaskRightSidebarController - initialize()
2026-09-08 20:00:10.367 [JavaFX Application Thread] DEBUG o.e.t.navigation.NavigationManager - sidebarController found, calling setContext()
2026-09-08 20:00:10.367 [JavaFX Application Thread] INFO  o.e.t.c.TaskRightSidebarController - setContext()
2026-09-08 20:00:10.367 [JavaFX Application Thread] DEBUG o.e.t.c.TaskRightSidebarController - context = org.example.taskschedulerdesktop.models.Task@200826c0
2026-09-08 20:00:10.367 [JavaFX Application Thread] INFO  o.e.t.c.TaskRightSidebarController - contextTask saved: Что нужно сделать?
2026-09-08 20:00:10.367 [JavaFX Application Thread] DEBUG o.e.t.c.TaskRightSidebarController - updateUI()
2026-09-08 20:00:10.367 [JavaFX Application Thread] DEBUG o.e.t.c.TaskRightSidebarController - projectName: Мобильное приложение
2026-09-08 20:00:10.368 [JavaFX Application Thread] DEBUG o.e.t.c.TaskRightSidebarController - taskName: Что нужно сделать?
2026-09-08 20:00:10.368 [JavaFX Application Thread] DEBUG o.e.t.c.TaskRightSidebarController - status: InProgress
2026-09-08 20:00:10.368 [JavaFX Application Thread] INFO  o.e.t.c.TaskRightSidebarController - UI updated
2026-09-08 23:06:22.852 [JavaFX Application Thread] DEBUG o.e.t.service.task.AsyncTaskService - findNewTasks: request to db...
2026-09-08 23:06:22.914 [pool-2-thread-1] DEBUG o.e.t.service.task.AsyncTaskService - findNewTasks: 2 tasks found
2026-09-08 23:06:22.938 [pool-2-thread-1] ERROR o.e.t.service.task.AsyncTaskService - ❌ findNewTasks: 
java.lang.IllegalStateException: Not on FX application thread; currentThread = pool-2-thread-1
	at javafx.graphics@21/com.sun.javafx.tk.Toolkit.checkFxUserThread(Toolkit.java:294)
	at javafx.graphics@21/com.sun.javafx.tk.quantum.QuantumToolkit.checkFxUserThread(QuantumToolkit.java:475)
	at javafx.graphics@21/javafx.scene.Parent$3.onProposedChange(Parent.java:475)
	at javafx.base@21/com.sun.javafx.collections.VetoableListDecorator.addAll(VetoableListDecorator.java:238)
	at org.example.taskschedulerdesktop/org.example.taskschedulerdesktop.controllers.ProjectExtendedPageController.lambda$loadNewTasks$0(ProjectExtendedPageController.java:58)
	at org.example.taskschedulerdesktop/org.example.taskschedulerdesktop.service.task.TasksLoaderService.lambda$findNewTasks$1(AsyncTaskService.java:41)
	at java.base/java.util.concurrent.Executors$RunnableAdapter.call(Executors.java:572)
	at java.base/java.util.concurrent.FutureTask.run(FutureTask.java:317)
	at java.base/java.util.concurrent.ThreadPoolExecutor.runWorker(ThreadPoolExecutor.java:1144)
	at java.base/java.util.concurrent.ThreadPoolExecutor$Worker.run(ThreadPoolExecutor.java:642)
	at java.base/java.lang.Thread.run(Thread.java:1583)
2026-09-08 23:10:11.051 [JavaFX Application Thread] DEBUG o.e.t.service.task.AsyncTaskService - findNewTasks: request to db...
2026-09-08 23:10:11.107 [pool-2-thread-1] DEBUG o.e.t.service.task.AsyncTaskService - findNewTasks: 2 tasks found
2026-09-08 23:10:19.419 [JavaFX Application Thread] DEBUG o.e.t.navigation.NavigationManager - openRightSidebar: path=/org/example/taskschedulerdesktop/view/task_right_sidebar.fxml, context=org.example.taskschedulerdesktop.models.Task@728a1eda
2026-09-08 23:10:19.484 [JavaFX Application Thread] INFO  o.e.t.c.TaskRightSidebarController - initialize()
2026-09-08 23:10:19.487 [JavaFX Application Thread] DEBUG o.e.t.navigation.NavigationManager - sidebarController found, calling setContext()
2026-09-08 23:10:19.488 [JavaFX Application Thread] INFO  o.e.t.c.TaskRightSidebarController - setContext()
2026-09-08 23:10:19.489 [JavaFX Application Thread] DEBUG o.e.t.c.TaskRightSidebarController - context = org.example.taskschedulerdesktop.models.Task@728a1eda
2026-09-08 23:10:19.489 [JavaFX Application Thread] INFO  o.e.t.c.TaskRightSidebarController - contextTask saved: Оптимизация проекта
2026-09-08 23:10:19.489 [JavaFX Application Thread] DEBUG o.e.t.c.TaskRightSidebarController - updateUI()
2026-09-08 23:10:19.490 [JavaFX Application Thread] DEBUG o.e.t.c.TaskRightSidebarController - projectName: Отчетность Q3
2026-09-08 23:10:19.490 [JavaFX Application Thread] DEBUG o.e.t.c.TaskRightSidebarController - taskName: Оптимизация проекта
2026-09-08 23:10:19.490 [JavaFX Application Thread] DEBUG o.e.t.c.TaskRightSidebarController - status: NEW
2026-09-08 23:10:19.490 [JavaFX Application Thread] INFO  o.e.t.c.TaskRightSidebarController - UI updated
2026-09-08 23:10:22.110 [JavaFX Application Thread] DEBUG o.e.t.c.TaskRightSidebarController - Click on button edit
2026-09-08 23:10:22.111 [JavaFX Application Thread] INFO  o.e.t.c.TaskRightSidebarController - Open edit sidebar for task: Оптимизация проекта
2026-09-08 23:10:22.111 [JavaFX Application Thread] DEBUG o.e.t.navigation.NavigationManager - openRightSidebar: path=/org/example/taskschedulerdesktop/view/edit_task_right_sidebar.fxml, context=org.example.taskschedulerdesktop.models.Task@728a1eda
2026-09-08 23:10:22.169 [JavaFX Application Thread] INFO  o.e.t.c.EditTaskRightSidebarController - initialize()
2026-09-08 23:10:22.171 [JavaFX Application Thread] DEBUG o.e.t.navigation.NavigationManager - sidebarController found, calling setContext()
2026-09-08 23:10:43.677 [JavaFX Application Thread] DEBUG o.e.t.navigation.NavigationManager - Toast is displayed: Данные обновлены
2026-09-08 23:10:49.452 [JavaFX Application Thread] DEBUG o.e.t.c.EditTaskRightSidebarController - Close right sidebar
2026-09-08 23:50:50.819 [JavaFX Application Thread] DEBUG o.e.t.service.task.AsyncTaskService - findNewTasks: request to db...
2026-09-08 23:50:50.865 [pool-2-thread-1] DEBUG o.e.t.service.task.AsyncTaskService - findNewTasks: 2 tasks found
2026-09-08 23:50:52.713 [JavaFX Application Thread] DEBUG o.e.t.navigation.NavigationManager - openRightSidebar: path=/org/example/taskschedulerdesktop/view/task_right_sidebar.fxml, context=org.example.taskschedulerdesktop.models.Task@5feb0af
2026-09-08 23:50:52.751 [JavaFX Application Thread] INFO  o.e.t.c.TaskRightSidebarController - initialize()
2026-09-08 23:50:52.753 [JavaFX Application Thread] DEBUG o.e.t.navigation.NavigationManager - sidebarController found, calling setContext()
2026-09-08 23:50:52.754 [JavaFX Application Thread] INFO  o.e.t.c.TaskRightSidebarController - setContext()
2026-09-08 23:50:52.754 [JavaFX Application Thread] DEBUG o.e.t.c.TaskRightSidebarController - context = org.example.taskschedulerdesktop.models.Task@5feb0af
2026-09-08 23:50:52.754 [JavaFX Application Thread] INFO  o.e.t.c.TaskRightSidebarController - contextTask saved: Оптимизация проекта
2026-09-08 23:50:52.755 [JavaFX Application Thread] DEBUG o.e.t.c.TaskRightSidebarController - updateUI()
2026-09-08 23:50:52.755 [JavaFX Application Thread] DEBUG o.e.t.c.TaskRightSidebarController - projectName: Отчетность Q3
2026-09-08 23:50:52.755 [JavaFX Application Thread] DEBUG o.e.t.c.TaskRightSidebarController - taskName: Оптимизация проекта
2026-09-08 23:50:52.755 [JavaFX Application Thread] DEBUG o.e.t.c.TaskRightSidebarController - status: NEW
2026-09-08 23:50:52.755 [JavaFX Application Thread] INFO  o.e.t.c.TaskRightSidebarController - UI updated
2026-09-08 23:50:55.497 [JavaFX Application Thread] DEBUG o.e.t.c.TaskRightSidebarController - Click on button edit
2026-09-08 23:50:55.497 [JavaFX Application Thread] INFO  o.e.t.c.TaskRightSidebarController - Open edit sidebar for task: Оптимизация проекта
2026-09-08 23:50:55.498 [JavaFX Application Thread] DEBUG o.e.t.navigation.NavigationManager - openRightSidebar: path=/org/example/taskschedulerdesktop/view/edit_task_right_sidebar.fxml, context=org.example.taskschedulerdesktop.models.Task@5feb0af
2026-09-08 23:50:55.551 [JavaFX Application Thread] INFO  o.e.t.c.EditTaskRightSidebarController - initialize()
2026-09-08 23:50:55.553 [JavaFX Application Thread] DEBUG o.e.t.navigation.NavigationManager - sidebarController found, calling setContext()
2026-09-08 23:51:10.784 [JavaFX Application Thread] DEBUG o.e.t.navigation.NavigationManager - Toast is displayed: Данные обновлены
2026-09-08 23:51:15.734 [JavaFX Application Thread] DEBUG o.e.t.service.task.AsyncTaskService - findNewTasks: request to db...
2026-09-08 23:51:15.755 [pool-2-thread-1] DEBUG o.e.t.service.task.AsyncTaskService - findNewTasks: 1 tasks found
2026-09-08 23:52:22.024 [JavaFX Application Thread] DEBUG o.e.t.service.task.AsyncTaskService - findNewTasks: request to db...
2026-09-08 23:52:22.050 [pool-2-thread-1] DEBUG o.e.t.service.task.AsyncTaskService - findNewTasks: 2 tasks found
2026-09-08 23:52:32.314 [JavaFX Application Thread] DEBUG o.e.t.navigation.NavigationManager - openRightSidebar: path=/org/example/taskschedulerdesktop/view/task_right_sidebar.fxml, context=org.example.taskschedulerdesktop.models.Task@b16d2eb
2026-09-08 23:52:32.332 [JavaFX Application Thread] INFO  o.e.t.c.TaskRightSidebarController - initialize()
2026-09-08 23:52:32.332 [JavaFX Application Thread] DEBUG o.e.t.navigation.NavigationManager - sidebarController found, calling setContext()
2026-09-08 23:52:32.332 [JavaFX Application Thread] INFO  o.e.t.c.TaskRightSidebarController - setContext()
2026-09-08 23:52:32.332 [JavaFX Application Thread] DEBUG o.e.t.c.TaskRightSidebarController - context = org.example.taskschedulerdesktop.models.Task@b16d2eb
2026-09-08 23:52:32.333 [JavaFX Application Thread] INFO  o.e.t.c.TaskRightSidebarController - contextTask saved: Составление ТЗ
2026-09-08 23:52:32.333 [JavaFX Application Thread] DEBUG o.e.t.c.TaskRightSidebarController - updateUI()
2026-09-08 23:52:32.333 [JavaFX Application Thread] DEBUG o.e.t.c.TaskRightSidebarController - projectName: Миграция CRM
2026-09-08 23:52:32.333 [JavaFX Application Thread] DEBUG o.e.t.c.TaskRightSidebarController - taskName: Составление ТЗ
2026-09-08 23:52:32.333 [JavaFX Application Thread] DEBUG o.e.t.c.TaskRightSidebarController - status: NEW
2026-09-08 23:52:32.334 [JavaFX Application Thread] INFO  o.e.t.c.TaskRightSidebarController - UI updated
2026-09-08 23:52:35.284 [JavaFX Application Thread] DEBUG o.e.t.c.TaskRightSidebarController - Click on button edit
2026-09-08 23:52:35.284 [JavaFX Application Thread] INFO  o.e.t.c.TaskRightSidebarController - Open edit sidebar for task: Составление ТЗ
2026-09-08 23:52:35.286 [JavaFX Application Thread] DEBUG o.e.t.navigation.NavigationManager - openRightSidebar: path=/org/example/taskschedulerdesktop/view/edit_task_right_sidebar.fxml, context=org.example.taskschedulerdesktop.models.Task@b16d2eb
2026-09-08 23:52:35.304 [JavaFX Application Thread] INFO  o.e.t.c.EditTaskRightSidebarController - initialize()
2026-09-08 23:52:35.305 [JavaFX Application Thread] DEBUG o.e.t.navigation.NavigationManager - sidebarController found, calling setContext()
2026-09-08 23:52:41.172 [JavaFX Application Thread] DEBUG o.e.t.navigation.NavigationManager - Toast is displayed: Данные обновлены
2026-09-08 23:53:26.163 [JavaFX Application Thread] DEBUG o.e.t.service.task.AsyncTaskService - findNewTasks: request to db...
2026-09-08 23:53:26.190 [pool-2-thread-1] DEBUG o.e.t.service.task.AsyncTaskService - findNewTasks: 2 tasks found
2026-09-08 23:53:38.044 [JavaFX Application Thread] DEBUG o.e.t.navigation.NavigationManager - openRightSidebar: path=/org/example/taskschedulerdesktop/view/task_right_sidebar.fxml, context=org.example.taskschedulerdesktop.models.Task@7530a632
2026-09-08 23:53:38.062 [JavaFX Application Thread] INFO  o.e.t.c.TaskRightSidebarController - initialize()
2026-09-08 23:53:38.062 [JavaFX Application Thread] DEBUG o.e.t.navigation.NavigationManager - sidebarController found, calling setContext()
2026-09-08 23:53:38.062 [JavaFX Application Thread] INFO  o.e.t.c.TaskRightSidebarController - setContext()
2026-09-08 23:53:38.062 [JavaFX Application Thread] DEBUG o.e.t.c.TaskRightSidebarController - context = org.example.taskschedulerdesktop.models.Task@7530a632
2026-09-08 23:53:38.063 [JavaFX Application Thread] INFO  o.e.t.c.TaskRightSidebarController - contextTask saved: Подбор персонала
2026-09-08 23:53:38.063 [JavaFX Application Thread] DEBUG o.e.t.c.TaskRightSidebarController - updateUI()
2026-09-08 23:53:38.063 [JavaFX Application Thread] DEBUG o.e.t.c.TaskRightSidebarController - projectName: Редизайн портала
2026-09-08 23:53:38.063 [JavaFX Application Thread] DEBUG o.e.t.c.TaskRightSidebarController - taskName: Подбор персонала
2026-09-08 23:53:38.063 [JavaFX Application Thread] DEBUG o.e.t.c.TaskRightSidebarController - status: NEW
2026-09-08 23:53:38.063 [JavaFX Application Thread] INFO  o.e.t.c.TaskRightSidebarController - UI updated
2026-09-08 23:53:40.047 [JavaFX Application Thread] DEBUG o.e.t.c.TaskRightSidebarController - Click on button edit
2026-09-08 23:53:40.048 [JavaFX Application Thread] INFO  o.e.t.c.TaskRightSidebarController - Open edit sidebar for task: Подбор персонала
2026-09-08 23:53:40.048 [JavaFX Application Thread] DEBUG o.e.t.navigation.NavigationManager - openRightSidebar: path=/org/example/taskschedulerdesktop/view/edit_task_right_sidebar.fxml, context=org.example.taskschedulerdesktop.models.Task@7530a632
2026-09-08 23:53:40.063 [JavaFX Application Thread] INFO  o.e.t.c.EditTaskRightSidebarController - initialize()
2026-09-08 23:53:40.063 [JavaFX Application Thread] DEBUG o.e.t.navigation.NavigationManager - sidebarController found, calling setContext()
2026-09-08 23:53:46.055 [JavaFX Application Thread] DEBUG o.e.t.navigation.NavigationManager - Toast is displayed: Данные обновлены
2026-09-08 23:53:53.654 [JavaFX Application Thread] DEBUG o.e.t.service.task.AsyncTaskService - findNewTasks: request to db...
2026-09-08 23:53:53.679 [pool-2-thread-1] DEBUG o.e.t.service.task.AsyncTaskService - findNewTasks: 1 tasks found
2026-09-08 23:56:33.098 [JavaFX Application Thread] DEBUG o.e.t.navigation.NavigationManager - openRightSidebar: path=/org/example/taskschedulerdesktop/view/task_right_sidebar.fxml, context=org.example.taskschedulerdesktop.models.Task@5db4b10b
2026-09-08 23:56:33.118 [JavaFX Application Thread] INFO  o.e.t.c.TaskRightSidebarController - initialize()
2026-09-08 23:56:33.118 [JavaFX Application Thread] DEBUG o.e.t.navigation.NavigationManager - sidebarController found, calling setContext()
2026-09-08 23:56:33.118 [JavaFX Application Thread] INFO  o.e.t.c.TaskRightSidebarController - setContext()
2026-09-08 23:56:33.119 [JavaFX Application Thread] DEBUG o.e.t.c.TaskRightSidebarController - context = org.example.taskschedulerdesktop.models.Task@5db4b10b
2026-09-08 23:56:33.119 [JavaFX Application Thread] INFO  o.e.t.c.TaskRightSidebarController - contextTask saved: Оптимизация проекта
2026-09-08 23:56:33.119 [JavaFX Application Thread] DEBUG o.e.t.c.TaskRightSidebarController - updateUI()
2026-09-08 23:56:33.119 [JavaFX Application Thread] DEBUG o.e.t.c.TaskRightSidebarController - projectName: Отчетность Q3
2026-09-08 23:56:33.119 [JavaFX Application Thread] DEBUG o.e.t.c.TaskRightSidebarController - taskName: Оптимизация проекта
2026-09-08 23:56:33.120 [JavaFX Application Thread] DEBUG o.e.t.c.TaskRightSidebarController - status: IN_PROGRESS
2026-09-08 23:56:33.120 [JavaFX Application Thread] INFO  o.e.t.c.TaskRightSidebarController - UI updated
2026-09-08 23:56:34.786 [JavaFX Application Thread] DEBUG o.e.t.c.TaskRightSidebarController - Click on button edit
2026-09-08 23:56:34.787 [JavaFX Application Thread] INFO  o.e.t.c.TaskRightSidebarController - Open edit sidebar for task: Оптимизация проекта
2026-09-08 23:56:34.787 [JavaFX Application Thread] DEBUG o.e.t.navigation.NavigationManager - openRightSidebar: path=/org/example/taskschedulerdesktop/view/edit_task_right_sidebar.fxml, context=org.example.taskschedulerdesktop.models.Task@5db4b10b
2026-09-08 23:56:34.800 [JavaFX Application Thread] INFO  o.e.t.c.EditTaskRightSidebarController - initialize()
2026-09-08 23:56:34.800 [JavaFX Application Thread] DEBUG o.e.t.navigation.NavigationManager - sidebarController found, calling setContext()
2026-09-08 23:57:12.420 [JavaFX Application Thread] DEBUG o.e.t.navigation.NavigationManager - Toast is displayed: Данные обновлены
2026-09-08 23:57:21.469 [JavaFX Application Thread] DEBUG o.e.t.navigation.NavigationManager - openRightSidebar: path=/org/example/taskschedulerdesktop/view/task_right_sidebar.fxml, context=org.example.taskschedulerdesktop.models.Task@5db4b10b
2026-09-08 23:57:21.483 [JavaFX Application Thread] INFO  o.e.t.c.TaskRightSidebarController - initialize()
2026-09-08 23:57:21.483 [JavaFX Application Thread] DEBUG o.e.t.navigation.NavigationManager - sidebarController found, calling setContext()
2026-09-08 23:57:21.483 [JavaFX Application Thread] INFO  o.e.t.c.TaskRightSidebarController - setContext()
2026-09-08 23:57:21.483 [JavaFX Application Thread] DEBUG o.e.t.c.TaskRightSidebarController - context = org.example.taskschedulerdesktop.models.Task@5db4b10b
2026-09-08 23:57:21.484 [JavaFX Application Thread] INFO  o.e.t.c.TaskRightSidebarController - contextTask saved: Оптимизация проекта
2026-09-08 23:57:21.484 [JavaFX Application Thread] DEBUG o.e.t.c.TaskRightSidebarController - updateUI()
2026-09-08 23:57:21.484 [JavaFX Application Thread] DEBUG o.e.t.c.TaskRightSidebarController - projectName: Отчетность Q3
2026-09-08 23:57:21.484 [JavaFX Application Thread] DEBUG o.e.t.c.TaskRightSidebarController - taskName: Оптимизация проекта
2026-09-08 23:57:21.484 [JavaFX Application Thread] DEBUG o.e.t.c.TaskRightSidebarController - status: IN_PROGRESS
2026-09-08 23:57:21.484 [JavaFX Application Thread] INFO  o.e.t.c.TaskRightSidebarController - UI updated
2026-09-08 23:57:28.120 [JavaFX Application Thread] DEBUG o.e.t.navigation.NavigationManager - openRightSidebar: path=/org/example/taskschedulerdesktop/view/task_right_sidebar.fxml, context=org.example.taskschedulerdesktop.models.Task@8f67317
2026-09-08 23:57:28.134 [JavaFX Application Thread] INFO  o.e.t.c.TaskRightSidebarController - initialize()
2026-09-08 23:57:28.136 [JavaFX Application Thread] DEBUG o.e.t.navigation.NavigationManager - sidebarController found, calling setContext()
2026-09-08 23:57:28.136 [JavaFX Application Thread] INFO  o.e.t.c.TaskRightSidebarController - setContext()
2026-09-08 23:57:28.136 [JavaFX Application Thread] DEBUG o.e.t.c.TaskRightSidebarController - context = org.example.taskschedulerdesktop.models.Task@8f67317
2026-09-08 23:57:28.136 [JavaFX Application Thread] INFO  o.e.t.c.TaskRightSidebarController - contextTask saved: Внедрение авторизации
2026-09-08 23:57:28.136 [JavaFX Application Thread] DEBUG o.e.t.c.TaskRightSidebarController - updateUI()
2026-09-08 23:57:28.136 [JavaFX Application Thread] DEBUG o.e.t.c.TaskRightSidebarController - projectName: Мобильное приложение
2026-09-08 23:57:28.136 [JavaFX Application Thread] DEBUG o.e.t.c.TaskRightSidebarController - taskName: Внедрение авторизации
2026-09-08 23:57:28.136 [JavaFX Application Thread] DEBUG o.e.t.c.TaskRightSidebarController - status: NEW
2026-09-08 23:57:28.137 [JavaFX Application Thread] INFO  o.e.t.c.TaskRightSidebarController - UI updated
